warning: the item `From` is imported redundantly
   --> zopatract_field/src/lib.rs:17:20
    |
17  | use std::convert::{From, TryFrom};
    |                    ^^^^
    |
   ::: /Users/kanoopz/.rustup/toolchains/nightly-aarch64-apple-darwin/lib/rustlib/src/rust/library/std/src/prelude/mod.rs:115:13
    |
115 |     pub use super::v1::*;
    |             --------- the item `From` is already defined here
    |
    = note: `#[warn(unused_imports)]` on by default

warning: `zopatract_field` (lib) generated 1 warning
   Compiling zopatract_core v0.5.3 (/Users/kanoopz/Desktop/blockchain/POLKADOT/ZoPatract/zopatract_core)
error[E0557]: feature has been removed
 --> zopatract_core/src/lib.rs:1:26
  |
1 | #![feature(box_patterns, box_syntax)]
  |                          ^^^^^^^^^^ feature has been removed
  |
  = note: replaced with `#[rustc_box]`

error: `box_syntax` has been removed
   --> zopatract_core/src/flatten/mod.rs:272:50
    |
272 | ...   Box::new(FlatExpression::Add(box or_left, box or_right)),
    |                                    ^^^^^^^^^^^
    |
help: use `Box::new()` instead
    |
272 |                     Box::new(FlatExpression::Add(Box::new(or_left), box or_right)),
    |                                                  ~~~~~~~~~~~~~~~~~

error: `box_syntax` has been removed
   --> zopatract_core/src/flatten/mod.rs:272:63
    |
272 | ...   Box::new(FlatExpression::Add(box or_left, box or_right)),
    |                                                 ^^^^^^^^^^^^
    |
help: use `Box::new()` instead
    |
272 |                     Box::new(FlatExpression::Add(box or_left, Box::new(or_right))),
    |                                                               ~~~~~~~~~~~~~~~~~~

error: `box_syntax` has been removed
   --> zopatract_core/src/flatten/mod.rs:335:21
    |
335 |                     box FlatExpression::Number(T::one()),
    |                     ^^^^^^^^^^^^^^^^^^^^^^^^^^^^^^^^^^^^
    |
help: use `Box::new()` instead
    |
335 |                     Box::new(FlatExpression::Number(T::one())),
    |                     ~~~~~~~~~~~~~~~~~~~~~~~~~~~~~~~~~~~~~~~~~~

error: `box_syntax` has been removed
   --> zopatract_core/src/flatten/mod.rs:336:21
    |
336 |                     box condition_id.into(),
    |                     ^^^^^^^^^^^^^^^^^^^^^^^
    |
help: use `Box::new()` instead
    |
336 |                     Box::new(condition_id.into()),
    |                     ~~~~~~~~~~~~~~~~~~~~~~~~~~~~~

error: `box_syntax` has been removed
   --> zopatract_core/src/flatten/mod.rs:429:33
    |
429 | ...                   box FlatExpression::Identifier(lhs_bits_be[i]),
    |                       ^^^^^^^^^^^^^^^^^^^^^^^^^^^^^^^^^^^^^^^^^^^^^^
    |
help: use `Box::new()` instead
    |
429 |                                 Box::new(FlatExpression::Identifier(lhs_bits_be[i])),
    |                                 ~~~~~~~~~~~~~~~~~~~~~~~~~~~~~~~~~~~~~~~~~~~~~~~~~~~~

error: `box_syntax` has been removed
   --> zopatract_core/src/flatten/mod.rs:430:33
    |
430 | ...   box FlatExpression::Number(T::from(2).pow(safe_width - i - 1)),
    |       ^^^^^^^^^^^^^^^^^^^^^^^^^^^^^^^^^^^^^^^^^^^^^^^^^^^^^^^^^^^^^^
    |
help: use `Box::new()` instead
    |
430 |                                 Box::new(FlatExpression::Number(T::from(2).pow(safe_width - i - 1))),
    |                                 ~~~~~~~~~~~~~~~~~~~~~~~~~~~~~~~~~~~~~~~~~~~~~~~~~~~~~~~~~~~~~~~~~~~~

error: `box_syntax` has been removed
   --> zopatract_core/src/flatten/mod.rs:475:33
    |
475 | ...                   box FlatExpression::Identifier(rhs_bits_be[i]),
    |                       ^^^^^^^^^^^^^^^^^^^^^^^^^^^^^^^^^^^^^^^^^^^^^^
    |
help: use `Box::new()` instead
    |
475 |                                 Box::new(FlatExpression::Identifier(rhs_bits_be[i])),
    |                                 ~~~~~~~~~~~~~~~~~~~~~~~~~~~~~~~~~~~~~~~~~~~~~~~~~~~~

error: `box_syntax` has been removed
   --> zopatract_core/src/flatten/mod.rs:476:33
    |
476 | ...   box FlatExpression::Number(T::from(2).pow(safe_width - i - 1)),
    |       ^^^^^^^^^^^^^^^^^^^^^^^^^^^^^^^^^^^^^^^^^^^^^^^^^^^^^^^^^^^^^^
    |
help: use `Box::new()` instead
    |
476 |                                 Box::new(FlatExpression::Number(T::from(2).pow(safe_width - i - 1))),
    |                                 ~~~~~~~~~~~~~~~~~~~~~~~~~~~~~~~~~~~~~~~~~~~~~~~~~~~~~~~~~~~~~~~~~~~~

error: `box_syntax` has been removed
   --> zopatract_core/src/flatten/mod.rs:490:25
    |
490 |                         box FlatExpression::Number(T::from(2)),
    |                         ^^^^^^^^^^^^^^^^^^^^^^^^^^^^^^^^^^^^^^
    |
help: use `Box::new()` instead
    |
490 |                         Box::new(FlatExpression::Number(T::from(2))),
    |                         ~~~~~~~~~~~~~~~~~~~~~~~~~~~~~~~~~~~~~~~~~~~~

error: `box_syntax` has been removed
   --> zopatract_core/src/flatten/mod.rs:491:25
    |
491 |                         box FlatExpression::Identifier(lhs_id),
    |                         ^^^^^^^^^^^^^^^^^^^^^^^^^^^^^^^^^^^^^^
    |
help: use `Box::new()` instead
    |
491 |                         Box::new(FlatExpression::Identifier(lhs_id)),
    |                         ~~~~~~~~~~~~~~~~~~~~~~~~~~~~~~~~~~~~~~~~~~~~

error: `box_syntax` has been removed
   --> zopatract_core/src/flatten/mod.rs:494:25
    |
494 |                         box FlatExpression::Number(T::from(2)),
    |                         ^^^^^^^^^^^^^^^^^^^^^^^^^^^^^^^^^^^^^^
    |
help: use `Box::new()` instead
    |
494 |                         Box::new(FlatExpression::Number(T::from(2))),
    |                         ~~~~~~~~~~~~~~~~~~~~~~~~~~~~~~~~~~~~~~~~~~~~

error: `box_syntax` has been removed
   --> zopatract_core/src/flatten/mod.rs:495:25
    |
495 |                         box FlatExpression::Identifier(rhs_id),
    |                         ^^^^^^^^^^^^^^^^^^^^^^^^^^^^^^^^^^^^^^
    |
help: use `Box::new()` instead
    |
495 |                         Box::new(FlatExpression::Identifier(rhs_id)),
    |                         ~~~~~~~~~~~~~~~~~~~~~~~~~~~~~~~~~~~~~~~~~~~~

error: `box_syntax` has been removed
   --> zopatract_core/src/flatten/mod.rs:535:29
    |
535 | ...                   box FlatExpression::Identifier(sub_bits_be[i]),
    |                       ^^^^^^^^^^^^^^^^^^^^^^^^^^^^^^^^^^^^^^^^^^^^^^
    |
help: use `Box::new()` instead
    |
535 |                             Box::new(FlatExpression::Identifier(sub_bits_be[i])),
    |                             ~~~~~~~~~~~~~~~~~~~~~~~~~~~~~~~~~~~~~~~~~~~~~~~~~~~~

error: `box_syntax` has been removed
   --> zopatract_core/src/flatten/mod.rs:536:29
    |
536 | ...   box FlatExpression::Number(T::from(2).pow(bit_width - i - 1)),
    |       ^^^^^^^^^^^^^^^^^^^^^^^^^^^^^^^^^^^^^^^^^^^^^^^^^^^^^^^^^^^^^
    |
help: use `Box::new()` instead
    |
536 |                             Box::new(FlatExpression::Number(T::from(2).pow(bit_width - i - 1))),
    |                             ~~~~~~~~~~~~~~~~~~~~~~~~~~~~~~~~~~~~~~~~~~~~~~~~~~~~~~~~~~~~~~~~~~~

error: `box_syntax` has been removed
   --> zopatract_core/src/flatten/mod.rs:699:54
    |
699 | ...   Box::new(FlatExpression::Sub(box y.clone(), box name_x_or_y.clone...
    |                                    ^^^^^^^^^^^^^
    |
help: use `Box::new()` instead
    |
699 |                         Box::new(FlatExpression::Sub(Box::new(y.clone()), box name_x_or_y.clone().into())),
    |                                                      ~~~~~~~~~~~~~~~~~~~

error: `box_syntax` has been removed
   --> zopatract_core/src/flatten/mod.rs:699:69
    |
699 | ...Sub(box y.clone(), box name_x_or_y.clone().into())),
    |                       ^^^^^^^^^^^^^^^^^^^^^^^^^^^^^^
    |
help: use `Box::new()` instead
    |
699 |                         Box::new(FlatExpression::Sub(box y.clone(), Box::new(name_x_or_y.clone().into()))),
    |                                                                     ~~~~~~~~~~~~~~~~~~~~~~~~~~~~~~~~~~~~

error: `box_syntax` has been removed
   --> zopatract_core/src/flatten/mod.rs:713:42
    |
713 |                     FlatExpression::Mult(box x, box y),
    |                                          ^^^^^
    |
help: use `Box::new()` instead
    |
713 |                     FlatExpression::Mult(Box::new(x), box y),
    |                                          ~~~~~~~~~~~

error: `box_syntax` has been removed
   --> zopatract_core/src/flatten/mod.rs:713:49
    |
713 |                     FlatExpression::Mult(box x, box y),
    |                                                 ^^^^^
    |
help: use `Box::new()` instead
    |
713 |                     FlatExpression::Mult(box x, Box::new(y)),
    |                                                 ~~~~~~~~~~~

error: `box_syntax` has been removed
   --> zopatract_core/src/flatten/mod.rs:720:37
    |
720 | ...   FlatExpression::Sub(box FlatExpression::Number(T::one()), box x)
    |                           ^^^^^^^^^^^^^^^^^^^^^^^^^^^^^^^^^^^^
    |
help: use `Box::new()` instead
    |
720 |                 FlatExpression::Sub(Box::new(FlatExpression::Number(T::one())), box x)
    |                                     ~~~~~~~~~~~~~~~~~~~~~~~~~~~~~~~~~~~~~~~~~~

error: `box_syntax` has been removed
   --> zopatract_core/src/flatten/mod.rs:720:75
    |
720 | ...tExpression::Number(T::one()), box x)
    |                                   ^^^^^
    |
help: use `Box::new()` instead
    |
720 |                 FlatExpression::Sub(box FlatExpression::Number(T::one()), Box::new(x))
    |                                                                           ~~~~~~~~~~~

error: `box_syntax` has been removed
   --> zopatract_core/src/flatten/mod.rs:976:33
    |
976 | ...                   box FlatExpression::Number(T::from(1)),
    |                       ^^^^^^^^^^^^^^^^^^^^^^^^^^^^^^^^^^^^^^
    |
help: use `Box::new()` instead
    |
976 |                                 Box::new(FlatExpression::Number(T::from(1))),
    |                                 ~~~~~~~~~~~~~~~~~~~~~~~~~~~~~~~~~~~~~~~~~~~~

error: `box_syntax` has been removed
   --> zopatract_core/src/flatten/mod.rs:977:33
    |
977 | ...                   box e.clone(),
    |                       ^^^^^^^^^^^^^
    |
help: use `Box::new()` instead
    |
977 |                                 Box::new(e.clone()),
    |                                 ~~~~~~~~~~~~~~~~~~~

error: `box_syntax` has been removed
    --> zopatract_core/src/flatten/mod.rs:1057:34
     |
1057 |             FlatExpression::Mult(box invd.into(), box d.clone().into()),
     |                                  ^^^^^^^^^^^^^^^
     |
help: use `Box::new()` instead
     |
1057 |             FlatExpression::Mult(Box::new(invd.into()), box d.clone().into()),
     |                                  ~~~~~~~~~~~~~~~~~~~~~

error: `box_syntax` has been removed
    --> zopatract_core/src/flatten/mod.rs:1057:51
     |
1057 |             FlatExpression::Mult(box invd.into(), box d.clone().into()),
     |                                                   ^^^^^^^^^^^^^^^^^^^^
     |
help: use `Box::new()` instead
     |
1057 |             FlatExpression::Mult(box invd.into(), Box::new(d.clone().into())),
     |                                                   ~~~~~~~~~~~~~~~~~~~~~~~~~~

error: `box_syntax` has been removed
    --> zopatract_core/src/flatten/mod.rs:1089:41
     |
1089 | ...   box FlatExpression::Sub(box r.into(), box d.clone().into()),
     |                               ^^^^^^^^^^^^
     |
help: use `Box::new()` instead
     |
1089 |                 box FlatExpression::Sub(Box::new(r.into()), box d.clone().into()),
     |                                         ~~~~~~~~~~~~~~~~~~

error: `box_syntax` has been removed
    --> zopatract_core/src/flatten/mod.rs:1089:55
     |
1089 | ...   box FlatExpression::Sub(box r.into(), box d.clone().into()),
     |                                             ^^^^^^^^^^^^^^^^^^^^
     |
help: use `Box::new()` instead
     |
1089 |                 box FlatExpression::Sub(box r.into(), Box::new(d.clone().into())),
     |                                                       ~~~~~~~~~~~~~~~~~~~~~~~~~~

error: `box_syntax` has been removed
    --> zopatract_core/src/flatten/mod.rs:1089:17
     |
1089 | ...   box FlatExpression::Sub(box r.into(), box d.clone().into()),
     |       ^^^^^^^^^^^^^^^^^^^^^^^^^^^^^^^^^^^^^^^^^^^^^^^^^^^^^^^^^^^
     |
help: use `Box::new()` instead
     |
1089 |                 Box::new(FlatExpression::Sub(box r.into(), box d.clone().into())),
     |                 ~~~~~~~~~~~~~~~~~~~~~~~~~~~~~~~~~~~~~~~~~~~~~~~~~~~~~~~~~~~~~~~~~

error: `box_syntax` has been removed
    --> zopatract_core/src/flatten/mod.rs:1090:17
     |
1090 | ...   box FlatExpression::Number(T::from(2usize.pow(target_bitwidth.to_usize() as u32)...
     |       ^^^^^^^^^^^^^^^^^^^^^^^^^^^^^^^^^^^^^^^^^^^^^^^^^^^^^^^^^^^^^^^^^^^^^^^^^^^^^^^^^^
     |
help: use `Box::new()` instead
     |
1090 |                 Box::new(FlatExpression::Number(T::from(2usize.pow(target_bitwidth.to_usize() as u32)))),
     |                 ~~~~~~~~~~~~~~~~~~~~~~~~~~~~~~~~~~~~~~~~~~~~~~~~~~~~~~~~~~~~~~~~~~~~~~~~~~~~~~~~~~~~~~~~

error: `box_syntax` has been removed
    --> zopatract_core/src/flatten/mod.rs:1099:33
     |
1099 |             FlatExpression::Sub(box n, box r.into()),
     |                                 ^^^^^
     |
help: use `Box::new()` instead
     |
1099 |             FlatExpression::Sub(Box::new(n), box r.into()),
     |                                 ~~~~~~~~~~~

error: `box_syntax` has been removed
    --> zopatract_core/src/flatten/mod.rs:1099:40
     |
1099 |             FlatExpression::Sub(box n, box r.into()),
     |                                        ^^^^^^^^^^^^
     |
help: use `Box::new()` instead
     |
1099 |             FlatExpression::Sub(box n, Box::new(r.into())),
     |                                        ~~~~~~~~~~~~~~~~~~

error: `box_syntax` has been removed
    --> zopatract_core/src/flatten/mod.rs:1100:34
     |
1100 |             FlatExpression::Mult(box q.into(), box d),
     |                                  ^^^^^^^^^^^^
     |
help: use `Box::new()` instead
     |
1100 |             FlatExpression::Mult(Box::new(q.into()), box d),
     |                                  ~~~~~~~~~~~~~~~~~~

error: `box_syntax` has been removed
    --> zopatract_core/src/flatten/mod.rs:1100:48
     |
1100 |             FlatExpression::Mult(box q.into(), box d),
     |                                                ^^^^^
     |
help: use `Box::new()` instead
     |
1100 |             FlatExpression::Mult(box q.into(), Box::new(d)),
     |                                                ~~~~~~~~~~~

error: `box_syntax` has been removed
    --> zopatract_core/src/flatten/mod.rs:1155:49
     |
1155 | ...   FlatExpression::Sub(box FlatExpression::Number(T::from(1)), box ...
     |                           ^^^^^^^^^^^^^^^^^^^^^^^^^^^^^^^^^^^^^^
     |
help: use `Box::new()` instead
     |
1155 |                             FlatExpression::Sub(Box::new(FlatExpression::Number(T::from(1))), box bit),
     |                                                 ~~~~~~~~~~~~~~~~~~~~~~~~~~~~~~~~~~~~~~~~~~~~

error: `box_syntax` has been removed
    --> zopatract_core/src/flatten/mod.rs:1155:89
     |
1155 | ...pression::Number(T::from(1)), box bit),
     |                                  ^^^^^^^
     |
help: use `Box::new()` instead
     |
1155 |                             FlatExpression::Sub(box FlatExpression::Number(T::from(1)), Box::new(bit)),
     |                                                                                         ~~~~~~~~~~~~~

error: `box_syntax` has been removed
    --> zopatract_core/src/flatten/mod.rs:1188:65
     |
1188 | ...   FlatUExpression::with_field(FlatExpression::Add(box new_left, bo...
     |                                                       ^^^^^^^^^^^^
     |
help: use `Box::new()` instead
     |
1188 |                 FlatUExpression::with_field(FlatExpression::Add(Box::new(new_left), box new_right))
     |                                                                 ~~~~~~~~~~~~~~~~~~

error: `box_syntax` has been removed
    --> zopatract_core/src/flatten/mod.rs:1188:79
     |
1188 | ...ression::Add(box new_left, box new_right))
     |                               ^^^^^^^^^^^^^
     |
help: use `Box::new()` instead
     |
1188 |                 FlatUExpression::with_field(FlatExpression::Add(box new_left, Box::new(new_right)))
     |                                                                               ~~~~~~~~~~~~~~~~~~~

error: `box_syntax` has been removed
    --> zopatract_core/src/flatten/mod.rs:1218:21
     |
1218 |                     box aux,
     |                     ^^^^^^^
     |
help: use `Box::new()` instead
     |
1218 |                     Box::new(aux),
     |                     ~~~~~~~~~~~~~

error: `box_syntax` has been removed
    --> zopatract_core/src/flatten/mod.rs:1219:45
     |
1219 |                     box FlatExpression::Sub(box new_left, box new_right),
     |                                             ^^^^^^^^^^^^
     |
help: use `Box::new()` instead
     |
1219 |                     box FlatExpression::Sub(Box::new(new_left), box new_right),
     |                                             ~~~~~~~~~~~~~~~~~~

error: `box_syntax` has been removed
    --> zopatract_core/src/flatten/mod.rs:1219:59
     |
1219 |                     box FlatExpression::Sub(box new_left, box new_right),
     |                                                           ^^^^^^^^^^^^^
     |
help: use `Box::new()` instead
     |
1219 |                     box FlatExpression::Sub(box new_left, Box::new(new_right)),
     |                                                           ~~~~~~~~~~~~~~~~~~~

error: `box_syntax` has been removed
    --> zopatract_core/src/flatten/mod.rs:1219:21
     |
1219 |                     box FlatExpression::Sub(box new_left, box new_right),
     |                     ^^^^^^^^^^^^^^^^^^^^^^^^^^^^^^^^^^^^^^^^^^^^^^^^^^^^
     |
help: use `Box::new()` instead
     |
1219 |                     Box::new(FlatExpression::Sub(box new_left, box new_right)),
     |                     ~~~~~~~~~~~~~~~~~~~~~~~~~~~~~~~~~~~~~~~~~~~~~~~~~~~~~~~~~~

error: `box_syntax` has been removed
    --> zopatract_core/src/flatten/mod.rs:1297:42
     |
1297 |                     FlatExpression::Mult(box new_left, box new_right),
     |                                          ^^^^^^^^^^^^
     |
help: use `Box::new()` instead
     |
1297 |                     FlatExpression::Mult(Box::new(new_left), box new_right),
     |                                          ~~~~~~~~~~~~~~~~~~

error: `box_syntax` has been removed
    --> zopatract_core/src/flatten/mod.rs:1297:56
     |
1297 |                     FlatExpression::Mult(box new_left, box new_right),
     |                                                        ^^^^^^^^^^^^^
     |
help: use `Box::new()` instead
     |
1297 |                     FlatExpression::Mult(box new_left, Box::new(new_right)),
     |                                                        ~~~~~~~~~~~~~~~~~~~

error: `box_syntax` has been removed
    --> zopatract_core/src/flatten/mod.rs:1339:77
     |
1339 | ...) == UExpressionInner::Not(box a.clone()) {
     |                               ^^^^^^^^^^^^^
     |
help: use `Box::new()` instead
     |
1339 |                         if aa.clone().into_inner() == UExpressionInner::Not(Box::new(a.clone())) {
     |                                                                             ~~~~~~~~~~~~~~~~~~~

error: `box_syntax` has been removed
    --> zopatract_core/src/flatten/mod.rs:1383:55
     |
1383 | ...                   UExpressionInner::And(box a, box b)
     |                                             ^^^^^
     |
help: use `Box::new()` instead
     |
1383 |                                 UExpressionInner::And(Box::new(a), box b)
     |                                                       ~~~~~~~~~~~

error: `box_syntax` has been removed
    --> zopatract_core/src/flatten/mod.rs:1383:62
     |
1383 | ...                   UExpressionInner::And(box a, box b)
     |                                                    ^^^^^
     |
help: use `Box::new()` instead
     |
1383 |                                 UExpressionInner::And(box a, Box::new(b))
     |                                                              ~~~~~~~~~~~

error: `box_syntax` has been removed
    --> zopatract_core/src/flatten/mod.rs:1386:55
     |
1386 | ...                   UExpressionInner::And(box aa, box c)
     |                                             ^^^^^^
     |
help: use `Box::new()` instead
     |
1386 |                                 UExpressionInner::And(Box::new(aa), box c)
     |                                                       ~~~~~~~~~~~~

error: `box_syntax` has been removed
    --> zopatract_core/src/flatten/mod.rs:1386:63
     |
1386 | ...                   UExpressionInner::And(box aa, box c)
     |                                                     ^^^^^
     |
help: use `Box::new()` instead
     |
1386 |                                 UExpressionInner::And(box aa, Box::new(c))
     |                                                               ~~~~~~~~~~~

error: `box_syntax` has been removed
    --> zopatract_core/src/flatten/mod.rs:1474:71
     |
1474 | ...                   box UExpressionInner::And(box a, box b)
     |                                                 ^^^^^
     |
help: use `Box::new()` instead
     |
1474 |                                             box UExpressionInner::And(Box::new(a), box b)
     |                                                                       ~~~~~~~~~~~

error: `box_syntax` has been removed
    --> zopatract_core/src/flatten/mod.rs:1474:78
     |
1474 | ...                   box UExpressionInner::And(box a, box b)
     |                                                        ^^^^^
     |
help: use `Box::new()` instead
     |
1474 |                                             box UExpressionInner::And(box a, Box::new(b))
     |                                                                              ~~~~~~~~~~~

error: `box_syntax` has been removed
    --> zopatract_core/src/flatten/mod.rs:1474:45
     |
1474 | / ...                   box UExpressionInner::And(box a, box b)
1475 | | ...                       .annotate(target_bitwidth)
1476 | | ...                       .metadata(a_metadata),
     | |_______________________________________________^
     |
help: use `Box::new()` instead
     |
1474 ~                                             Box::new(UExpressionInner::And(box a, box b)
1475 +                                                 .annotate(target_bitwidth)
1476 ~                                                 .metadata(a_metadata)),
     |

error: `box_syntax` has been removed
    --> zopatract_core/src/flatten/mod.rs:1477:71
     |
1477 | ...                   box UExpressionInner::And(box aa, box c)
     |                                                 ^^^^^^
     |
help: use `Box::new()` instead
     |
1477 |                                             box UExpressionInner::And(Box::new(aa), box c)
     |                                                                       ~~~~~~~~~~~~

error: `box_syntax` has been removed
    --> zopatract_core/src/flatten/mod.rs:1477:79
     |
1477 | ...                   box UExpressionInner::And(box aa, box c)
     |                                                         ^^^^^
     |
help: use `Box::new()` instead
     |
1477 |                                             box UExpressionInner::And(box aa, Box::new(c))
     |                                                                               ~~~~~~~~~~~

error: `box_syntax` has been removed
    --> zopatract_core/src/flatten/mod.rs:1477:45
     |
1477 | / ...                   box UExpressionInner::And(box aa, box c)
1478 | | ...                       .annotate(target_bitwidth)
1479 | | ...                       .metadata(b_metadata),
     | |_______________________________________________^
     |
help: use `Box::new()` instead
     |
1477 ~                                             Box::new(UExpressionInner::And(box aa, box c)
1478 +                                                 .annotate(target_bitwidth)
1479 ~                                                 .metadata(b_metadata)),
     |

error: `box_syntax` has been removed
    --> zopatract_core/src/flatten/mod.rs:1483:63
     |
1483 | ...                   UExpressionInner::And(box bb, box cc)
     |                                             ^^^^^^
     |
help: use `Box::new()` instead
     |
1483 |                                         UExpressionInner::And(Box::new(bb), box cc)
     |                                                               ~~~~~~~~~~~~

error: `box_syntax` has been removed
    --> zopatract_core/src/flatten/mod.rs:1483:71
     |
1483 | ...                   UExpressionInner::And(box bb, box cc)
     |                                                     ^^^^^^
     |
help: use `Box::new()` instead
     |
1483 |                                         UExpressionInner::And(box bb, Box::new(cc))
     |                                                                       ~~~~~~~~~~~~

error: `box_syntax` has been removed
    --> zopatract_core/src/flatten/mod.rs:1493:37
     |
1493 | ...   box a.annotate(target_bitwidth).metadata(a_metadata),
     |       ^^^^^^^^^^^^^^^^^^^^^^^^^^^^^^^^^^^^^^^^^^^^^^^^^^^^
     |
help: use `Box::new()` instead
     |
1493 |                                     Box::new(a.annotate(target_bitwidth).metadata(a_metadata)),
     |                                     ~~~~~~~~~~~~~~~~~~~~~~~~~~~~~~~~~~~~~~~~~~~~~~~~~~~~~~~~~~

error: `box_syntax` has been removed
    --> zopatract_core/src/flatten/mod.rs:1494:37
     |
1494 | ...   box b.annotate(target_bitwidth).metadata(b_metadata),
     |       ^^^^^^^^^^^^^^^^^^^^^^^^^^^^^^^^^^^^^^^^^^^^^^^^^^^^
     |
help: use `Box::new()` instead
     |
1494 |                                     Box::new(b.annotate(target_bitwidth).metadata(b_metadata)),
     |                                     ~~~~~~~~~~~~~~~~~~~~~~~~~~~~~~~~~~~~~~~~~~~~~~~~~~~~~~~~~~

error: `box_syntax` has been removed
    --> zopatract_core/src/flatten/mod.rs:1538:54
     |
1538 | ...                   FlatExpression::Mult(box x.clone(), box y.clone()),
     |                                            ^^^^^^^^^^^^^
     |
help: use `Box::new()` instead
     |
1538 |                                 FlatExpression::Mult(Box::new(x.clone()), box y.clone()),
     |                                                      ~~~~~~~~~~~~~~~~~~~

error: `box_syntax` has been removed
    --> zopatract_core/src/flatten/mod.rs:1538:69
     |
1538 | ...                   FlatExpression::Mult(box x.clone(), box y.clone()),
     |                                                           ^^^^^^^^^^^^^
     |
help: use `Box::new()` instead
     |
1538 |                                 FlatExpression::Mult(box x.clone(), Box::new(y.clone())),
     |                                                                     ~~~~~~~~~~~~~~~~~~~

error: `box_syntax` has been removed
    --> zopatract_core/src/flatten/mod.rs:1617:29
     |
1617 | ...                   box acc,
     |                       ^^^^^^^
     |
help: use `Box::new()` instead
     |
1617 |                             Box::new(acc),
     |                             ~~~~~~~~~~~~~

error: `box_syntax` has been removed
    --> zopatract_core/src/flatten/mod.rs:1619:33
     |
1619 | / ...   box FlatExpression::Number(
1620 | | ...       T::from(2).pow(target_bitwidth.to_usize() - index - 1),
1621 | | ...   ),
     | |_______^
     |
help: use `Box::new()` instead
     |
1619 ~                                 Box::new(FlatExpression::Number(
1620 +                                     T::from(2).pow(target_bitwidth.to_usize() - index - 1),
1621 ~                                 )),
     |

error: `box_syntax` has been removed
    --> zopatract_core/src/flatten/mod.rs:1622:33
     |
1622 | ...                   box bit.clone().into(),
     |                       ^^^^^^^^^^^^^^^^^^^^^^
     |
help: use `Box::new()` instead
     |
1622 |                                 Box::new(bit.clone().into()),
     |                                 ~~~~~~~~~~~~~~~~~~~~~~~~~~~~

error: `box_syntax` has been removed
    --> zopatract_core/src/flatten/mod.rs:1618:29
     |
1618 | / ...   box FlatExpression::Mult(
1619 | | ...       box FlatExpression::Number(
1620 | | ...           T::from(2).pow(target_bitwidth.to_usize() - index - 1),
1621 | | ...       ),
1622 | | ...       box bit.clone().into(),
1623 | | ...   ),
     | |_______^
     |
help: use `Box::new()` instead
     |
1618 ~                             Box::new(FlatExpression::Mult(
1619 +                                 box FlatExpression::Number(
1620 +                                     T::from(2).pow(target_bitwidth.to_usize() - index - 1),
1621 +                                 ),
1622 +                                 box bit.clone().into(),
1623 ~                             )),
     |

error: `box_syntax` has been removed
    --> zopatract_core/src/flatten/mod.rs:1700:33
     |
1700 | ...                   box bits[i].clone().into(),
     |                       ^^^^^^^^^^^^^^^^^^^^^^^^^^
     |
help: use `Box::new()` instead
     |
1700 |                                 Box::new(bits[i].clone().into()),
     |                                 ~~~~~~~~~~~~~~~~~~~~~~~~~~~~~~~~

error: `box_syntax` has been removed
    --> zopatract_core/src/flatten/mod.rs:1701:33
     |
1701 | ...                   box bits[i].clone().into(),
     |                       ^^^^^^^^^^^^^^^^^^^^^^^^^^
     |
help: use `Box::new()` instead
     |
1701 |                                 Box::new(bits[i].clone().into()),
     |                                 ~~~~~~~~~~~~~~~~~~~~~~~~~~~~~~~~

error: `box_syntax` has been removed
    --> zopatract_core/src/flatten/mod.rs:1765:37
     |
1765 |                 FlatExpression::Add(box new_left, box new_right)
     |                                     ^^^^^^^^^^^^
     |
help: use `Box::new()` instead
     |
1765 |                 FlatExpression::Add(Box::new(new_left), box new_right)
     |                                     ~~~~~~~~~~~~~~~~~~

error: `box_syntax` has been removed
    --> zopatract_core/src/flatten/mod.rs:1765:51
     |
1765 |                 FlatExpression::Add(box new_left, box new_right)
     |                                                   ^^^^^^^^^^^^^
     |
help: use `Box::new()` instead
     |
1765 |                 FlatExpression::Add(box new_left, Box::new(new_right))
     |                                                   ~~~~~~~~~~~~~~~~~~~

error: `box_syntax` has been removed
    --> zopatract_core/src/flatten/mod.rs:1788:37
     |
1788 |                 FlatExpression::Sub(box new_left, box new_right)
     |                                     ^^^^^^^^^^^^
     |
help: use `Box::new()` instead
     |
1788 |                 FlatExpression::Sub(Box::new(new_left), box new_right)
     |                                     ~~~~~~~~~~~~~~~~~~

error: `box_syntax` has been removed
    --> zopatract_core/src/flatten/mod.rs:1788:51
     |
1788 |                 FlatExpression::Sub(box new_left, box new_right)
     |                                                   ^^^^^^^^^^^^^
     |
help: use `Box::new()` instead
     |
1788 |                 FlatExpression::Sub(box new_left, Box::new(new_right))
     |                                                   ~~~~~~~~~~~~~~~~~~~

error: `box_syntax` has been removed
    --> zopatract_core/src/flatten/mod.rs:1809:38
     |
1809 |                 FlatExpression::Mult(box new_left, box new_right)
     |                                      ^^^^^^^^^^^^
     |
help: use `Box::new()` instead
     |
1809 |                 FlatExpression::Mult(Box::new(new_left), box new_right)
     |                                      ~~~~~~~~~~~~~~~~~~

error: `box_syntax` has been removed
    --> zopatract_core/src/flatten/mod.rs:1809:52
     |
1809 |                 FlatExpression::Mult(box new_left, box new_right)
     |                                                    ^^^^^^^^^^^^^
     |
help: use `Box::new()` instead
     |
1809 |                 FlatExpression::Mult(box new_left, Box::new(new_right))
     |                                                    ~~~~~~~~~~~~~~~~~~~

error: `box_syntax` has been removed
    --> zopatract_core/src/flatten/mod.rs:1840:42
     |
1840 | ...   FlatExpression::Mult(box invb.into(), box new_right.clone().into...
     |                            ^^^^^^^^^^^^^^^
     |
help: use `Box::new()` instead
     |
1840 |                     FlatExpression::Mult(Box::new(invb.into()), box new_right.clone().into()),
     |                                          ~~~~~~~~~~~~~~~~~~~~~

error: `box_syntax` has been removed
    --> zopatract_core/src/flatten/mod.rs:1840:59
     |
1840 | ...t(box invb.into(), box new_right.clone().into()),
     |                       ^^^^^^^^^^^^^^^^^^^^^^^^^^^^
     |
help: use `Box::new()` instead
     |
1840 |                     FlatExpression::Mult(box invb.into(), Box::new(new_right.clone().into())),
     |                                                           ~~~~~~~~~~~~~~~~~~~~~~~~~~~~~~~~~~

error: `box_syntax` has been removed
    --> zopatract_core/src/flatten/mod.rs:1853:42
     |
1853 | ...   FlatExpression::Mult(box new_right, box inverse.into()),
     |                            ^^^^^^^^^^^^^
     |
help: use `Box::new()` instead
     |
1853 |                     FlatExpression::Mult(Box::new(new_right), box inverse.into()),
     |                                          ~~~~~~~~~~~~~~~~~~~

error: `box_syntax` has been removed
    --> zopatract_core/src/flatten/mod.rs:1853:57
     |
1853 | ...   FlatExpression::Mult(box new_right, box inverse.into()),
     |                                           ^^^^^^^^^^^^^^^^^^
     |
help: use `Box::new()` instead
     |
1853 |                     FlatExpression::Mult(box new_right, Box::new(inverse.into())),
     |                                                         ~~~~~~~~~~~~~~~~~~~~~~~~

error: `box_syntax` has been removed
    --> zopatract_core/src/flatten/mod.rs:1904:49
     |
1904 | ...                   box previous.clone(),
     |                       ^^^^^^^^^^^^^^^^^^^^
     |
help: use `Box::new()` instead
     |
1904 |                                                 Box::new(previous.clone()),
     |                                                 ~~~~~~~~~~~~~~~~~~~~~~~~~~

error: `box_syntax` has been removed
    --> zopatract_core/src/flatten/mod.rs:1905:49
     |
1905 | ...                   box previous.clone(),
     |                       ^^^^^^^^^^^^^^^^^^^^
     |
help: use `Box::new()` instead
     |
1905 |                                                 Box::new(previous.clone()),
     |                                                 ~~~~~~~~~~~~~~~~~~~~~~~~~~

error: `box_syntax` has been removed
    --> zopatract_core/src/flatten/mod.rs:1926:62
     |
1926 | ...   FlatExpression::Mult(box acc.clone(), box power), // set the new...
     |                            ^^^^^^^^^^^^^^^
     |
help: use `Box::new()` instead
     |
1926 |                                         FlatExpression::Mult(Box::new(acc.clone()), box power), // set the new result to the current result times the current power
     |                                                              ~~~~~~~~~~~~~~~~~~~~~

error: `box_syntax` has been removed
    --> zopatract_core/src/flatten/mod.rs:1926:79
     |
1926 | ...   FlatExpression::Mult(box acc.clone(), box power), // set the new...
     |                                             ^^^^^^^^^
     |
help: use `Box::new()` instead
     |
1926 |                                         FlatExpression::Mult(box acc.clone(), Box::new(power)), // set the new result to the current result times the current power
     |                                                                               ~~~~~~~~~~~~~~~

error: `box_syntax` has been removed
    --> zopatract_core/src/flatten/mod.rs:2191:42
     |
2191 | ...   FlatExpression::Mult(box variable.into(), box variable.into()),
     |                            ^^^^^^^^^^^^^^^^^^^
     |
help: use `Box::new()` instead
     |
2191 |                     FlatExpression::Mult(Box::new(variable.into()), box variable.into()),
     |                                          ~~~~~~~~~~~~~~~~~~~~~~~~~

error: `box_syntax` has been removed
    --> zopatract_core/src/flatten/mod.rs:2191:63
     |
2191 | ...   FlatExpression::Mult(box variable.into(), box variable.into()),
     |                                                 ^^^^^^^^^^^^^^^^^^^
     |
help: use `Box::new()` instead
     |
2191 |                     FlatExpression::Mult(box variable.into(), Box::new(variable.into())),
     |                                                               ~~~~~~~~~~~~~~~~~~~~~~~~~

error: `box_syntax` has been removed
    --> zopatract_core/src/flatten/mod.rs:2473:17
     |
2473 |                 box FieldElementExpression::Number(Bn128Field::from(32)),
     |                 ^^^^^^^^^^^^^^^^^^^^^^^^^^^^^^^^^^^^^^^^^^^^^^^^^^^^^^^^
     |
help: use `Box::new()` instead
     |
2473 |                 Box::new(FieldElementExpression::Number(Bn128Field::from(32))),
     |                 ~~~~~~~~~~~~~~~~~~~~~~~~~~~~~~~~~~~~~~~~~~~~~~~~~~~~~~~~~~~~~~

error: `box_syntax` has been removed
    --> zopatract_core/src/flatten/mod.rs:2474:17
     |
2474 |                 box FieldElementExpression::Number(Bn128Field::from(4)),
     |                 ^^^^^^^^^^^^^^^^^^^^^^^^^^^^^^^^^^^^^^^^^^^^^^^^^^^^^^^
     |
help: use `Box::new()` instead
     |
2474 |                 Box::new(FieldElementExpression::Number(Bn128Field::from(4))),
     |                 ~~~~~~~~~~~~~~~~~~~~~~~~~~~~~~~~~~~~~~~~~~~~~~~~~~~~~~~~~~~~~

error: `box_syntax` has been removed
    --> zopatract_core/src/flatten/mod.rs:2472:13
     |
2472 | / ...   box BooleanExpression::FieldEq(
2473 | | ...       box FieldElementExpression::Number(Bn128Field::from(32)),
2474 | | ...       box FieldElementExpression::Number(Bn128Field::from(4)),
2475 | | ...   ),
     | |_______^
     |
help: use `Box::new()` instead
     |
2472 ~             Box::new(BooleanExpression::FieldEq(
2473 +                 box FieldElementExpression::Number(Bn128Field::from(32)),
2474 +                 box FieldElementExpression::Number(Bn128Field::from(4)),
2475 ~             )),
     |

error: `box_syntax` has been removed
    --> zopatract_core/src/flatten/mod.rs:2476:13
     |
2476 |             box FieldElementExpression::Number(Bn128Field::from(12)),
     |             ^^^^^^^^^^^^^^^^^^^^^^^^^^^^^^^^^^^^^^^^^^^^^^^^^^^^^^^^
     |
help: use `Box::new()` instead
     |
2476 |             Box::new(FieldElementExpression::Number(Bn128Field::from(12))),
     |             ~~~~~~~~~~~~~~~~~~~~~~~~~~~~~~~~~~~~~~~~~~~~~~~~~~~~~~~~~~~~~~

error: `box_syntax` has been removed
    --> zopatract_core/src/flatten/mod.rs:2477:13
     |
2477 |             box FieldElementExpression::Number(Bn128Field::from(51)),
     |             ^^^^^^^^^^^^^^^^^^^^^^^^^^^^^^^^^^^^^^^^^^^^^^^^^^^^^^^^
     |
help: use `Box::new()` instead
     |
2477 |             Box::new(FieldElementExpression::Number(Bn128Field::from(51))),
     |             ~~~~~~~~~~~~~~~~~~~~~~~~~~~~~~~~~~~~~~~~~~~~~~~~~~~~~~~~~~~~~~

error: `box_syntax` has been removed
    --> zopatract_core/src/flatten/mod.rs:2489:13
     |
2489 |             box FieldElementExpression::Number(Bn128Field::from(32)),
     |             ^^^^^^^^^^^^^^^^^^^^^^^^^^^^^^^^^^^^^^^^^^^^^^^^^^^^^^^^
     |
help: use `Box::new()` instead
     |
2489 |             Box::new(FieldElementExpression::Number(Bn128Field::from(32))),
     |             ~~~~~~~~~~~~~~~~~~~~~~~~~~~~~~~~~~~~~~~~~~~~~~~~~~~~~~~~~~~~~~

error: `box_syntax` has been removed
    --> zopatract_core/src/flatten/mod.rs:2490:13
     |
2490 |             box FieldElementExpression::Number(Bn128Field::from(4)),
     |             ^^^^^^^^^^^^^^^^^^^^^^^^^^^^^^^^^^^^^^^^^^^^^^^^^^^^^^^
     |
help: use `Box::new()` instead
     |
2490 |             Box::new(FieldElementExpression::Number(Bn128Field::from(4))),
     |             ~~~~~~~~~~~~~~~~~~~~~~~~~~~~~~~~~~~~~~~~~~~~~~~~~~~~~~~~~~~~~

error: `box_syntax` has been removed
    --> zopatract_core/src/flatten/mod.rs:2500:13
     |
2500 |             box FieldElementExpression::Number(Bn128Field::from(32)),
     |             ^^^^^^^^^^^^^^^^^^^^^^^^^^^^^^^^^^^^^^^^^^^^^^^^^^^^^^^^
     |
help: use `Box::new()` instead
     |
2500 |             Box::new(FieldElementExpression::Number(Bn128Field::from(32))),
     |             ~~~~~~~~~~~~~~~~~~~~~~~~~~~~~~~~~~~~~~~~~~~~~~~~~~~~~~~~~~~~~~

error: `box_syntax` has been removed
    --> zopatract_core/src/flatten/mod.rs:2501:13
     |
2501 |             box FieldElementExpression::Number(Bn128Field::from(4)),
     |             ^^^^^^^^^^^^^^^^^^^^^^^^^^^^^^^^^^^^^^^^^^^^^^^^^^^^^^^
     |
help: use `Box::new()` instead
     |
2501 |             Box::new(FieldElementExpression::Number(Bn128Field::from(4))),
     |             ~~~~~~~~~~~~~~~~~~~~~~~~~~~~~~~~~~~~~~~~~~~~~~~~~~~~~~~~~~~~~

error: `box_syntax` has been removed
    --> zopatract_core/src/flatten/mod.rs:2517:21
     |
2517 | ...   box FieldElementExpression::Number(Bn128Field::from(4)),
     |       ^^^^^^^^^^^^^^^^^^^^^^^^^^^^^^^^^^^^^^^^^^^^^^^^^^^^^^^
     |
help: use `Box::new()` instead
     |
2517 |                     Box::new(FieldElementExpression::Number(Bn128Field::from(4))),
     |                     ~~~~~~~~~~~~~~~~~~~~~~~~~~~~~~~~~~~~~~~~~~~~~~~~~~~~~~~~~~~~~

error: `box_syntax` has been removed
    --> zopatract_core/src/flatten/mod.rs:2518:21
     |
2518 | ...   box FieldElementExpression::Number(Bn128Field::from(4)),
     |       ^^^^^^^^^^^^^^^^^^^^^^^^^^^^^^^^^^^^^^^^^^^^^^^^^^^^^^^
     |
help: use `Box::new()` instead
     |
2518 |                     Box::new(FieldElementExpression::Number(Bn128Field::from(4))),
     |                     ~~~~~~~~~~~~~~~~~~~~~~~~~~~~~~~~~~~~~~~~~~~~~~~~~~~~~~~~~~~~~

error: `box_syntax` has been removed
    --> zopatract_core/src/flatten/mod.rs:2516:17
     |
2516 | / ...   box BooleanExpression::FieldEq(
2517 | | ...       box FieldElementExpression::Number(Bn128Field::from(4)),
2518 | | ...       box FieldElementExpression::Number(Bn128Field::from(4)),
2519 | | ...   ),
     | |_______^
     |
help: use `Box::new()` instead
     |
2516 ~                 Box::new(BooleanExpression::FieldEq(
2517 +                     box FieldElementExpression::Number(Bn128Field::from(4)),
2518 +                     box FieldElementExpression::Number(Bn128Field::from(4)),
2519 ~                 )),
     |

error: `box_syntax` has been removed
    --> zopatract_core/src/flatten/mod.rs:2521:21
     |
2521 | ...   box FieldElementExpression::Number(Bn128Field::from(4)),
     |       ^^^^^^^^^^^^^^^^^^^^^^^^^^^^^^^^^^^^^^^^^^^^^^^^^^^^^^^
     |
help: use `Box::new()` instead
     |
2521 |                     Box::new(FieldElementExpression::Number(Bn128Field::from(4))),
     |                     ~~~~~~~~~~~~~~~~~~~~~~~~~~~~~~~~~~~~~~~~~~~~~~~~~~~~~~~~~~~~~

error: `box_syntax` has been removed
    --> zopatract_core/src/flatten/mod.rs:2522:21
     |
2522 | ...   box FieldElementExpression::Number(Bn128Field::from(20)),
     |       ^^^^^^^^^^^^^^^^^^^^^^^^^^^^^^^^^^^^^^^^^^^^^^^^^^^^^^^^
     |
help: use `Box::new()` instead
     |
2522 |                     Box::new(FieldElementExpression::Number(Bn128Field::from(20))),
     |                     ~~~~~~~~~~~~~~~~~~~~~~~~~~~~~~~~~~~~~~~~~~~~~~~~~~~~~~~~~~~~~~

error: `box_syntax` has been removed
    --> zopatract_core/src/flatten/mod.rs:2520:17
     |
2520 | / ...   box BooleanExpression::Lt(
2521 | | ...       box FieldElementExpression::Number(Bn128Field::from(4)),
2522 | | ...       box FieldElementExpression::Number(Bn128Field::from(20)),
2523 | | ...   ),
     | |_______^
     |
help: use `Box::new()` instead
     |
2520 ~                 Box::new(BooleanExpression::Lt(
2521 +                     box FieldElementExpression::Number(Bn128Field::from(4)),
2522 +                     box FieldElementExpression::Number(Bn128Field::from(20)),
2523 ~                 )),
     |

error: `box_syntax` has been removed
    --> zopatract_core/src/flatten/mod.rs:2515:13
     |
2515 | / ...   box BooleanExpression::And(
2516 | | ...       box BooleanExpression::FieldEq(
2517 | | ...           box FieldElementExpression::Number(Bn128Field::from(4)),
2518 | | ...           box FieldElementExpression::Number(Bn128Field::from(4)),
...    |
2523 | | ...       ),
2524 | | ...   ),
     | |_______^
     |
help: use `Box::new()` instead
     |
2515 ~             Box::new(BooleanExpression::And(
2516 +                 box BooleanExpression::FieldEq(
2517 +                     box FieldElementExpression::Number(Bn128Field::from(4)),
2518 +                     box FieldElementExpression::Number(Bn128Field::from(4)),
2519 +                 ),
2520 +                 box BooleanExpression::Lt(
2521 +                     box FieldElementExpression::Number(Bn128Field::from(4)),
2522 +                     box FieldElementExpression::Number(Bn128Field::from(20)),
2523 +                 ),
2524 ~             )),
     |

error: `box_syntax` has been removed
    --> zopatract_core/src/flatten/mod.rs:2525:13
     |
2525 |             box FieldElementExpression::Number(Bn128Field::from(12)),
     |             ^^^^^^^^^^^^^^^^^^^^^^^^^^^^^^^^^^^^^^^^^^^^^^^^^^^^^^^^
     |
help: use `Box::new()` instead
     |
2525 |             Box::new(FieldElementExpression::Number(Bn128Field::from(12))),
     |             ~~~~~~~~~~~~~~~~~~~~~~~~~~~~~~~~~~~~~~~~~~~~~~~~~~~~~~~~~~~~~~

error: `box_syntax` has been removed
    --> zopatract_core/src/flatten/mod.rs:2526:13
     |
2526 |             box FieldElementExpression::Number(Bn128Field::from(51)),
     |             ^^^^^^^^^^^^^^^^^^^^^^^^^^^^^^^^^^^^^^^^^^^^^^^^^^^^^^^^
     |
help: use `Box::new()` instead
     |
2526 |             Box::new(FieldElementExpression::Number(Bn128Field::from(51))),
     |             ~~~~~~~~~~~~~~~~~~~~~~~~~~~~~~~~~~~~~~~~~~~~~~~~~~~~~~~~~~~~~~

error: `box_syntax` has been removed
    --> zopatract_core/src/flatten/mod.rs:2548:21
     |
2548 | ...   box FieldElementExpression::Number(Bn128Field::from(5)),
     |       ^^^^^^^^^^^^^^^^^^^^^^^^^^^^^^^^^^^^^^^^^^^^^^^^^^^^^^^
     |
help: use `Box::new()` instead
     |
2548 |                     Box::new(FieldElementExpression::Number(Bn128Field::from(5))),
     |                     ~~~~~~~~~~~~~~~~~~~~~~~~~~~~~~~~~~~~~~~~~~~~~~~~~~~~~~~~~~~~~

error: `box_syntax` has been removed
    --> zopatract_core/src/flatten/mod.rs:2549:21
     |
2549 |                     box FieldElementExpression::Identifier("b".into()),
     |                     ^^^^^^^^^^^^^^^^^^^^^^^^^^^^^^^^^^^^^^^^^^^^^^^^^^
     |
help: use `Box::new()` instead
     |
2549 |                     Box::new(FieldElementExpression::Identifier("b".into())),
     |                     ~~~~~~~~~~~~~~~~~~~~~~~~~~~~~~~~~~~~~~~~~~~~~~~~~~~~~~~~

error: `box_syntax` has been removed
    --> zopatract_core/src/flatten/mod.rs:2547:17
     |
2547 | / ...   box FieldElementExpression::Div(
2548 | | ...       box FieldElementExpression::Number(Bn128Field::from(5)),
2549 | | ...       box FieldElementExpression::Identifier("b".into()),
2550 | | ...   ),
     | |_______^
     |
help: use `Box::new()` instead
     |
2547 ~                 Box::new(FieldElementExpression::Div(
2548 +                     box FieldElementExpression::Number(Bn128Field::from(5)),
2549 +                     box FieldElementExpression::Identifier("b".into()),
2550 ~                 )),
     |

error: `box_syntax` has been removed
    --> zopatract_core/src/flatten/mod.rs:2551:17
     |
2551 |                 box FieldElementExpression::Identifier("b".into()),
     |                 ^^^^^^^^^^^^^^^^^^^^^^^^^^^^^^^^^^^^^^^^^^^^^^^^^^
     |
help: use `Box::new()` instead
     |
2551 |                 Box::new(FieldElementExpression::Identifier("b".into())),
     |                 ~~~~~~~~~~~~~~~~~~~~~~~~~~~~~~~~~~~~~~~~~~~~~~~~~~~~~~~~

error: `box_syntax` has been removed
  --> zopatract_core/src/flatten/utils.rs:12:38
   |
12 | ...   FlatExpression::Mult(box FlatExpression::Number(coeff), box var)
   |                            ^^^^^^^^^^^^^^^^^^^^^^^^^^^^^^^^^
   |
help: use `Box::new()` instead
   |
12 |                 FlatExpression::Mult(Box::new(FlatExpression::Number(coeff)), box var)
   |                                      ~~~~~~~~~~~~~~~~~~~~~~~~~~~~~~~~~~~~~~~

error: `box_syntax` has been removed
  --> zopatract_core/src/flatten/utils.rs:12:73
   |
12 | ...   FlatExpression::Mult(box FlatExpression::Number(coeff), box var)
   |                                                               ^^^^^^^
   |
help: use `Box::new()` instead
   |
12 |                 FlatExpression::Mult(box FlatExpression::Number(coeff), Box::new(var))
   |                                                                         ~~~~~~~~~~~~~

error: `box_syntax` has been removed
  --> zopatract_core/src/flatten/utils.rs:17:21
   |
17 |                     box flat_expression_from_bits_aux(u.to_vec()),
   |                     ^^^^^^^^^^^^^^^^^^^^^^^^^^^^^^^^^^^^^^^^^^^^^
   |
help: use `Box::new()` instead
   |
17 |                     Box::new(flat_expression_from_bits_aux(u.to_vec())),
   |                     ~~~~~~~~~~~~~~~~~~~~~~~~~~~~~~~~~~~~~~~~~~~~~~~~~~~

error: `box_syntax` has been removed
  --> zopatract_core/src/flatten/utils.rs:18:21
   |
18 |                     box flat_expression_from_bits_aux(v.to_vec()),
   |                     ^^^^^^^^^^^^^^^^^^^^^^^^^^^^^^^^^^^^^^^^^^^^^
   |
help: use `Box::new()` instead
   |
18 |                     Box::new(flat_expression_from_bits_aux(v.to_vec())),
   |                     ~~~~~~~~~~~~~~~~~~~~~~~~~~~~~~~~~~~~~~~~~~~~~~~~~~~

error: `box_syntax` has been removed
    --> zopatract_core/src/semantics.rs:1077:29
     |
1077 | ...                   box checked_assignee,
     |                       ^^^^^^^^^^^^^^^^^^^^
     |
help: use `Box::new()` instead
     |
1077 |                             Box::new(checked_assignee),
     |                             ~~~~~~~~~~~~~~~~~~~~~~~~~~

error: `box_syntax` has been removed
    --> zopatract_core/src/semantics.rs:1078:29
     |
1078 | ...                   box checked_typed_index,
     |                       ^^^^^^^^^^^^^^^^^^^^^^^
     |
help: use `Box::new()` instead
     |
1078 |                             Box::new(checked_typed_index),
     |                             ~~~~~~~~~~~~~~~~~~~~~~~~~~~~~

error: `box_syntax` has been removed
    --> zopatract_core/src/semantics.rs:1097:61
     |
1097 | ...   Some(_) => Ok(TypedAssignee::Member(box checked_assignee, member...
     |                                           ^^^^^^^^^^^^^^^^^^^^
     |
help: use `Box::new()` instead
     |
1097 |                         Some(_) => Ok(TypedAssignee::Member(Box::new(checked_assignee), member.into())),
     |                                                             ~~~~~~~~~~~~~~~~~~~~~~~~~~

error: `box_syntax` has been removed
    --> zopatract_core/src/semantics.rs:1157:41
     |
1157 | / ...   box e
1158 | | ...       .clone()
1159 | | ...       .annotate(Type::Array(array_type.clone()), size),
     | |__________________________________________________________^
     |
help: use `Box::new()` instead
     |
1157 ~                                         Box::new(e
1158 +                                             .clone()
1159 ~                                             .annotate(Type::Array(array_type.clone()), size)),
     |

error: `box_syntax` has been removed
    --> zopatract_core/src/semantics.rs:1160:41
     |
1160 | ...                   box FieldElementExpression::Number(T::from(i)),
     |                       ^^^^^^^^^^^^^^^^^^^^^^^^^^^^^^^^^^^^^^^^^^^^^^
     |
help: use `Box::new()` instead
     |
1160 |                                         Box::new(FieldElementExpression::Number(T::from(i))),
     |                                         ~~~~~~~~~~~~~~~~~~~~~~~~~~~~~~~~~~~~~~~~~~~~~~~~~~~~

error: `box_syntax` has been removed
    --> zopatract_core/src/semantics.rs:1165:41
     |
1165 | ...   box e.clone().annotate(Type::Struct(members.clone()), size),
     |       ^^^^^^^^^^^^^^^^^^^^^^^^^^^^^^^^^^^^^^^^^^^^^^^^^^^^^^^^^^^
     |
help: use `Box::new()` instead
     |
1165 |                                         Box::new(e.clone().annotate(Type::Struct(members.clone()), size)),
     |                                         ~~~~~~~~~~~~~~~~~~~~~~~~~~~~~~~~~~~~~~~~~~~~~~~~~~~~~~~~~~~~~~~~~

error: `box_syntax` has been removed
    --> zopatract_core/src/semantics.rs:1166:41
     |
1166 | ...                   box FieldElementExpression::Number(T::from(i)),
     |                       ^^^^^^^^^^^^^^^^^^^^^^^^^^^^^^^^^^^^^^^^^^^^^^
     |
help: use `Box::new()` instead
     |
1166 |                                         Box::new(FieldElementExpression::Number(T::from(i))),
     |                                         ~~~~~~~~~~~~~~~~~~~~~~~~~~~~~~~~~~~~~~~~~~~~~~~~~~~~

error: `box_syntax` has been removed
    --> zopatract_core/src/semantics.rs:1236:56
     |
1236 | ...   Ok(FieldElementExpression::Add(box e1, box e2).into())
     |                                      ^^^^^^
     |
help: use `Box::new()` instead
     |
1236 |                         Ok(FieldElementExpression::Add(Box::new(e1), box e2).into())
     |                                                        ~~~~~~~~~~~~

error: `box_syntax` has been removed
    --> zopatract_core/src/semantics.rs:1236:64
     |
1236 | ...   Ok(FieldElementExpression::Add(box e1, box e2).into())
     |                                              ^^^^^^
     |
help: use `Box::new()` instead
     |
1236 |                         Ok(FieldElementExpression::Add(box e1, Box::new(e2)).into())
     |                                                                ~~~~~~~~~~~~

error: `box_syntax` has been removed
    --> zopatract_core/src/semantics.rs:1270:56
     |
1270 | ...   Ok(FieldElementExpression::Sub(box e1, box e2).into())
     |                                      ^^^^^^
     |
help: use `Box::new()` instead
     |
1270 |                         Ok(FieldElementExpression::Sub(Box::new(e1), box e2).into())
     |                                                        ~~~~~~~~~~~~

error: `box_syntax` has been removed
    --> zopatract_core/src/semantics.rs:1270:64
     |
1270 | ...   Ok(FieldElementExpression::Sub(box e1, box e2).into())
     |                                              ^^^^^^
     |
help: use `Box::new()` instead
     |
1270 |                         Ok(FieldElementExpression::Sub(box e1, Box::new(e2)).into())
     |                                                                ~~~~~~~~~~~~

error: `box_syntax` has been removed
    --> zopatract_core/src/semantics.rs:1304:57
     |
1304 | ...   Ok(FieldElementExpression::Mult(box e1, box e2).into())
     |                                       ^^^^^^
     |
help: use `Box::new()` instead
     |
1304 |                         Ok(FieldElementExpression::Mult(Box::new(e1), box e2).into())
     |                                                         ~~~~~~~~~~~~

error: `box_syntax` has been removed
    --> zopatract_core/src/semantics.rs:1304:65
     |
1304 | ...   Ok(FieldElementExpression::Mult(box e1, box e2).into())
     |                                               ^^^^^^
     |
help: use `Box::new()` instead
     |
1304 |                         Ok(FieldElementExpression::Mult(box e1, Box::new(e2)).into())
     |                                                                 ~~~~~~~~~~~~

error: `box_syntax` has been removed
    --> zopatract_core/src/semantics.rs:1338:56
     |
1338 | ...   Ok(FieldElementExpression::Div(box e1, box e2).into())
     |                                      ^^^^^^
     |
help: use `Box::new()` instead
     |
1338 |                         Ok(FieldElementExpression::Div(Box::new(e1), box e2).into())
     |                                                        ~~~~~~~~~~~~

error: `box_syntax` has been removed
    --> zopatract_core/src/semantics.rs:1338:64
     |
1338 | ...   Ok(FieldElementExpression::Div(box e1, box e2).into())
     |                                              ^^^^^^
     |
help: use `Box::new()` instead
     |
1338 |                         Ok(FieldElementExpression::Div(box e1, Box::new(e2)).into())
     |                                                                ~~~~~~~~~~~~

error: `box_syntax` has been removed
    --> zopatract_core/src/semantics.rs:1403:83
     |
1403 | ...t(FieldElementExpression::Pow(box e1, box e2)),
     |                                  ^^^^^^
     |
help: use `Box::new()` instead
     |
1403 |                         TypedExpression::FieldElement(FieldElementExpression::Pow(Box::new(e1), box e2)),
     |                                                                                   ~~~~~~~~~~~~

error: `box_syntax` has been removed
    --> zopatract_core/src/semantics.rs:1403:91
     |
1403 | ...lementExpression::Pow(box e1, box e2)),
     |                                  ^^^^^^
     |
help: use `Box::new()` instead
     |
1403 |                         TypedExpression::FieldElement(FieldElementExpression::Pow(box e1, Box::new(e2))),
     |                                                                                           ~~~~~~~~~~~~

error: `box_syntax` has been removed
    --> zopatract_core/src/semantics.rs:1428:71
     |
1428 | ...   Ok(FieldElementExpression::IfElse(box condition, box consequence...
     |                                         ^^^^^^^^^^^^^
     |
help: use `Box::new()` instead
     |
1428 |                                     Ok(FieldElementExpression::IfElse(Box::new(condition), box consequence, box alternative).into())
     |                                                                       ~~~~~~~~~~~~~~~~~~~

error: `box_syntax` has been removed
    --> zopatract_core/src/semantics.rs:1428:86
     |
1428 | ...on::IfElse(box condition, box consequence, box alternative).into())
     |                              ^^^^^^^^^^^^^^^
     |
help: use `Box::new()` instead
     |
1428 |                                     Ok(FieldElementExpression::IfElse(box condition, Box::new(consequence), box alternative).into())
     |                                                                                      ~~~~~~~~~~~~~~~~~~~~~

error: `box_syntax` has been removed
    --> zopatract_core/src/semantics.rs:1428:103
     |
1428 | ...ndition, box consequence, box alternative).into())
     |                              ^^^^^^^^^^^^^^^
     |
help: use `Box::new()` instead
     |
1428 |                                     Ok(FieldElementExpression::IfElse(box condition, box consequence, Box::new(alternative)).into())
     |                                                                                                       ~~~~~~~~~~~~~~~~~~~~~

error: `box_syntax` has been removed
    --> zopatract_core/src/semantics.rs:1431:66
     |
1431 | ...   Ok(BooleanExpression::IfElse(box condition, box consequence, box...
     |                                    ^^^^^^^^^^^^^
     |
help: use `Box::new()` instead
     |
1431 |                                     Ok(BooleanExpression::IfElse(Box::new(condition), box consequence, box alternative).into())
     |                                                                  ~~~~~~~~~~~~~~~~~~~

error: `box_syntax` has been removed
    --> zopatract_core/src/semantics.rs:1431:81
     |
1431 | ...   Ok(BooleanExpression::IfElse(box condition, box consequence, box...
     |                                                   ^^^^^^^^^^^^^^^
     |
help: use `Box::new()` instead
     |
1431 |                                     Ok(BooleanExpression::IfElse(box condition, Box::new(consequence), box alternative).into())
     |                                                                                 ~~~~~~~~~~~~~~~~~~~~~

error: `box_syntax` has been removed
    --> zopatract_core/src/semantics.rs:1431:98
     |
1431 | ...ndition, box consequence, box alternative).into())
     |                              ^^^^^^^^^^^^^^^
     |
help: use `Box::new()` instead
     |
1431 |                                     Ok(BooleanExpression::IfElse(box condition, box consequence, Box::new(alternative)).into())
     |                                                                                                  ~~~~~~~~~~~~~~~~~~~~~

error: `box_syntax` has been removed
    --> zopatract_core/src/semantics.rs:1436:69
     |
1436 | ...   Ok(ArrayExpressionInner::IfElse(box condition, box consequence, ...
     |                                       ^^^^^^^^^^^^^
     |
help: use `Box::new()` instead
     |
1436 |                                     Ok(ArrayExpressionInner::IfElse(Box::new(condition), box consequence, box alternative).annotate(inner_type, size).into())
     |                                                                     ~~~~~~~~~~~~~~~~~~~

error: `box_syntax` has been removed
    --> zopatract_core/src/semantics.rs:1436:84
     |
1436 | ...er::IfElse(box condition, box consequence, box alternative).annotat...
     |                              ^^^^^^^^^^^^^^^
     |
help: use `Box::new()` instead
     |
1436 |                                     Ok(ArrayExpressionInner::IfElse(box condition, Box::new(consequence), box alternative).annotate(inner_type, size).into())
     |                                                                                    ~~~~~~~~~~~~~~~~~~~~~

error: `box_syntax` has been removed
    --> zopatract_core/src/semantics.rs:1436:101
     |
1436 | ...ndition, box consequence, box alternative).annotate(inner_type, siz...
     |                              ^^^^^^^^^^^^^^^
     |
help: use `Box::new()` instead
     |
1436 |                                     Ok(ArrayExpressionInner::IfElse(box condition, box consequence, Box::new(alternative)).annotate(inner_type, size).into())
     |                                                                                                     ~~~~~~~~~~~~~~~~~~~~~

error: `box_syntax` has been removed
    --> zopatract_core/src/semantics.rs:1440:70
     |
1440 | ...   Ok(StructExpressionInner::IfElse(box condition, box consequence,...
     |                                        ^^^^^^^^^^^^^
     |
help: use `Box::new()` instead
     |
1440 |                                     Ok(StructExpressionInner::IfElse(Box::new(condition), box consequence, box alternative).annotate(ty).into())
     |                                                                      ~~~~~~~~~~~~~~~~~~~

error: `box_syntax` has been removed
    --> zopatract_core/src/semantics.rs:1440:85
     |
1440 | ...er::IfElse(box condition, box consequence, box alternative).annotat...
     |                              ^^^^^^^^^^^^^^^
     |
help: use `Box::new()` instead
     |
1440 |                                     Ok(StructExpressionInner::IfElse(box condition, Box::new(consequence), box alternative).annotate(ty).into())
     |                                                                                     ~~~~~~~~~~~~~~~~~~~~~

error: `box_syntax` has been removed
    --> zopatract_core/src/semantics.rs:1440:102
     |
1440 | ...ndition, box consequence, box alternative).annotate(ty).into())
     |                              ^^^^^^^^^^^^^^^
     |
help: use `Box::new()` instead
     |
1440 |                                     Ok(StructExpressionInner::IfElse(box condition, box consequence, Box::new(alternative)).annotate(ty).into())
     |                                                                                                      ~~~~~~~~~~~~~~~~~~~~~

error: `box_syntax` has been removed
    --> zopatract_core/src/semantics.rs:1444:65
     |
1444 | ...   Ok(UExpressionInner::IfElse(box condition, box consequence, box ...
     |                                   ^^^^^^^^^^^^^
     |
help: use `Box::new()` instead
     |
1444 |                                     Ok(UExpressionInner::IfElse(Box::new(condition), box consequence, box alternative).annotate(bitwidth).into())
     |                                                                 ~~~~~~~~~~~~~~~~~~~

error: `box_syntax` has been removed
    --> zopatract_core/src/semantics.rs:1444:80
     |
1444 | ...   Ok(UExpressionInner::IfElse(box condition, box consequence, box ...
     |                                                  ^^^^^^^^^^^^^^^
     |
help: use `Box::new()` instead
     |
1444 |                                     Ok(UExpressionInner::IfElse(box condition, Box::new(consequence), box alternative).annotate(bitwidth).into())
     |                                                                                ~~~~~~~~~~~~~~~~~~~~~

error: `box_syntax` has been removed
    --> zopatract_core/src/semantics.rs:1444:97
     |
1444 | ...ndition, box consequence, box alternative).annotate(bitwidth).into())
     |                              ^^^^^^^^^^^^^^^
     |
help: use `Box::new()` instead
     |
1444 |                                     Ok(UExpressionInner::IfElse(box condition, box consequence, Box::new(alternative)).annotate(bitwidth).into())
     |                                                                                                 ~~~~~~~~~~~~~~~~~~~~~

error: `box_syntax` has been removed
    --> zopatract_core/src/semantics.rs:1571:50
     |
1571 |                         Ok(BooleanExpression::Lt(box e1, box e2).into())
     |                                                  ^^^^^^
     |
help: use `Box::new()` instead
     |
1571 |                         Ok(BooleanExpression::Lt(Box::new(e1), box e2).into())
     |                                                  ~~~~~~~~~~~~

error: `box_syntax` has been removed
    --> zopatract_core/src/semantics.rs:1571:58
     |
1571 |                         Ok(BooleanExpression::Lt(box e1, box e2).into())
     |                                                          ^^^^^^
     |
help: use `Box::new()` instead
     |
1571 |                         Ok(BooleanExpression::Lt(box e1, Box::new(e2)).into())
     |                                                          ~~~~~~~~~~~~

error: `box_syntax` has been removed
    --> zopatract_core/src/semantics.rs:1590:50
     |
1590 |                         Ok(BooleanExpression::Le(box e1, box e2).into())
     |                                                  ^^^^^^
     |
help: use `Box::new()` instead
     |
1590 |                         Ok(BooleanExpression::Le(Box::new(e1), box e2).into())
     |                                                  ~~~~~~~~~~~~

error: `box_syntax` has been removed
    --> zopatract_core/src/semantics.rs:1590:58
     |
1590 |                         Ok(BooleanExpression::Le(box e1, box e2).into())
     |                                                          ^^^^^^
     |
help: use `Box::new()` instead
     |
1590 |                         Ok(BooleanExpression::Le(box e1, Box::new(e2)).into())
     |                                                          ~~~~~~~~~~~~

error: `box_syntax` has been removed
    --> zopatract_core/src/semantics.rs:1609:55
     |
1609 | ...   Ok(BooleanExpression::FieldEq(box e1, box e2).into())
     |                                     ^^^^^^
     |
help: use `Box::new()` instead
     |
1609 |                         Ok(BooleanExpression::FieldEq(Box::new(e1), box e2).into())
     |                                                       ~~~~~~~~~~~~

error: `box_syntax` has been removed
    --> zopatract_core/src/semantics.rs:1609:63
     |
1609 | ...   Ok(BooleanExpression::FieldEq(box e1, box e2).into())
     |                                             ^^^^^^
     |
help: use `Box::new()` instead
     |
1609 |                         Ok(BooleanExpression::FieldEq(box e1, Box::new(e2)).into())
     |                                                               ~~~~~~~~~~~~

error: `box_syntax` has been removed
    --> zopatract_core/src/semantics.rs:1612:54
     |
1612 | ...   Ok(BooleanExpression::BoolEq(box e1, box e2).into())
     |                                    ^^^^^^
     |
help: use `Box::new()` instead
     |
1612 |                         Ok(BooleanExpression::BoolEq(Box::new(e1), box e2).into())
     |                                                      ~~~~~~~~~~~~

error: `box_syntax` has been removed
    --> zopatract_core/src/semantics.rs:1612:62
     |
1612 | ...   Ok(BooleanExpression::BoolEq(box e1, box e2).into())
     |                                            ^^^^^^
     |
help: use `Box::new()` instead
     |
1612 |                         Ok(BooleanExpression::BoolEq(box e1, Box::new(e2)).into())
     |                                                              ~~~~~~~~~~~~

error: `box_syntax` has been removed
    --> zopatract_core/src/semantics.rs:1616:59
     |
1616 | ...   Ok(BooleanExpression::ArrayEq(box e1, box e2).into())
     |                                     ^^^^^^
     |
help: use `Box::new()` instead
     |
1616 |                             Ok(BooleanExpression::ArrayEq(Box::new(e1), box e2).into())
     |                                                           ~~~~~~~~~~~~

error: `box_syntax` has been removed
    --> zopatract_core/src/semantics.rs:1616:67
     |
1616 | ...   Ok(BooleanExpression::ArrayEq(box e1, box e2).into())
     |                                             ^^^^^^
     |
help: use `Box::new()` instead
     |
1616 |                             Ok(BooleanExpression::ArrayEq(box e1, Box::new(e2)).into())
     |                                                                   ~~~~~~~~~~~~

error: `box_syntax` has been removed
    --> zopatract_core/src/semantics.rs:1632:60
     |
1632 | ...   Ok(BooleanExpression::StructEq(box e1, box e2).into())
     |                                      ^^^^^^
     |
help: use `Box::new()` instead
     |
1632 |                             Ok(BooleanExpression::StructEq(Box::new(e1), box e2).into())
     |                                                            ~~~~~~~~~~~~

error: `box_syntax` has been removed
    --> zopatract_core/src/semantics.rs:1632:68
     |
1632 | ...   Ok(BooleanExpression::StructEq(box e1, box e2).into())
     |                                              ^^^^^^
     |
help: use `Box::new()` instead
     |
1632 |                             Ok(BooleanExpression::StructEq(box e1, Box::new(e2)).into())
     |                                                                    ~~~~~~~~~~~~

error: `box_syntax` has been removed
    --> zopatract_core/src/semantics.rs:1648:58
     |
1648 | ...   Ok(BooleanExpression::UintEq(box e1, box e2).into())
     |                                    ^^^^^^
     |
help: use `Box::new()` instead
     |
1648 |                             Ok(BooleanExpression::UintEq(Box::new(e1), box e2).into())
     |                                                          ~~~~~~~~~~~~

error: `box_syntax` has been removed
    --> zopatract_core/src/semantics.rs:1648:66
     |
1648 | ...   Ok(BooleanExpression::UintEq(box e1, box e2).into())
     |                                            ^^^^^^
     |
help: use `Box::new()` instead
     |
1648 |                             Ok(BooleanExpression::UintEq(box e1, Box::new(e2)).into())
     |                                                                  ~~~~~~~~~~~~

error: `box_syntax` has been removed
    --> zopatract_core/src/semantics.rs:1679:50
     |
1679 |                         Ok(BooleanExpression::Ge(box e1, box e2).into())
     |                                                  ^^^^^^
     |
help: use `Box::new()` instead
     |
1679 |                         Ok(BooleanExpression::Ge(Box::new(e1), box e2).into())
     |                                                  ~~~~~~~~~~~~

error: `box_syntax` has been removed
    --> zopatract_core/src/semantics.rs:1679:58
     |
1679 |                         Ok(BooleanExpression::Ge(box e1, box e2).into())
     |                                                          ^^^^^^
     |
help: use `Box::new()` instead
     |
1679 |                         Ok(BooleanExpression::Ge(box e1, Box::new(e2)).into())
     |                                                          ~~~~~~~~~~~~

error: `box_syntax` has been removed
    --> zopatract_core/src/semantics.rs:1698:50
     |
1698 |                         Ok(BooleanExpression::Gt(box e1, box e2).into())
     |                                                  ^^^^^^
     |
help: use `Box::new()` instead
     |
1698 |                         Ok(BooleanExpression::Gt(Box::new(e1), box e2).into())
     |                                                  ~~~~~~~~~~~~

error: `box_syntax` has been removed
    --> zopatract_core/src/semantics.rs:1698:58
     |
1698 |                         Ok(BooleanExpression::Gt(box e1, box e2).into())
     |                                                          ^^^^^^
     |
help: use `Box::new()` instead
     |
1698 |                         Ok(BooleanExpression::Gt(box e1, Box::new(e2)).into())
     |                                                          ~~~~~~~~~~~~

error: `box_syntax` has been removed
    --> zopatract_core/src/semantics.rs:1792:49
     |
1792 | ...                   box array.clone(),
     |                       ^^^^^^^^^^^^^^^^^
     |
help: use `Box::new()` instead
     |
1792 |                                                 Box::new(array.clone()),
     |                                                 ~~~~~~~~~~~~~~~~~~~~~~~

error: `box_syntax` has been removed
    --> zopatract_core/src/semantics.rs:1793:49
     |
1793 | ...                   box FieldElementExpression::Number(T::from(i)),
     |                       ^^^^^^^^^^^^^^^^^^^^^^^^^^^^^^^^^^^^^^^^^^^^^^
     |
help: use `Box::new()` instead
     |
1793 |                                                 Box::new(FieldElementExpression::Number(T::from(i))),
     |                                                 ~~~~~~~~~~~~~~~~~~~~~~~~~~~~~~~~~~~~~~~~~~~~~~~~~~~~

error: `box_syntax` has been removed
    --> zopatract_core/src/semantics.rs:1797:49
     |
1797 | ...                   box array.clone(),
     |                       ^^^^^^^^^^^^^^^^^
     |
help: use `Box::new()` instead
     |
1797 |                                                 Box::new(array.clone()),
     |                                                 ~~~~~~~~~~~~~~~~~~~~~~~

error: `box_syntax` has been removed
    --> zopatract_core/src/semantics.rs:1798:49
     |
1798 | ...                   box FieldElementExpression::Number(T::from(i)),
     |                       ^^^^^^^^^^^^^^^^^^^^^^^^^^^^^^^^^^^^^^^^^^^^^^
     |
help: use `Box::new()` instead
     |
1798 |                                                 Box::new(FieldElementExpression::Number(T::from(i))),
     |                                                 ~~~~~~~~~~~~~~~~~~~~~~~~~~~~~~~~~~~~~~~~~~~~~~~~~~~~

error: `box_syntax` has been removed
    --> zopatract_core/src/semantics.rs:1802:49
     |
1802 | ...                   box array.clone(),
     |                       ^^^^^^^^^^^^^^^^^
     |
help: use `Box::new()` instead
     |
1802 |                                                 Box::new(array.clone()),
     |                                                 ~~~~~~~~~~~~~~~~~~~~~~~

error: `box_syntax` has been removed
    --> zopatract_core/src/semantics.rs:1803:49
     |
1803 | ...                   box FieldElementExpression::Number(T::from(i)),
     |                       ^^^^^^^^^^^^^^^^^^^^^^^^^^^^^^^^^^^^^^^^^^^^^^
     |
help: use `Box::new()` instead
     |
1803 |                                                 Box::new(FieldElementExpression::Number(T::from(i))),
     |                                                 ~~~~~~~~~~~~~~~~~~~~~~~~~~~~~~~~~~~~~~~~~~~~~~~~~~~~

error: `box_syntax` has been removed
    --> zopatract_core/src/semantics.rs:1809:53
     |
1809 | ...                   box array.clone(),
     |                       ^^^^^^^^^^^^^^^^^
     |
help: use `Box::new()` instead
     |
1809 |                                                     Box::new(array.clone()),
     |                                                     ~~~~~~~~~~~~~~~~~~~~~~~

error: `box_syntax` has been removed
    --> zopatract_core/src/semantics.rs:1810:53
     |
1810 | ...                   box FieldElementExpression::Number(T::from(i)),
     |                       ^^^^^^^^^^^^^^^^^^^^^^^^^^^^^^^^^^^^^^^^^^^^^^
     |
help: use `Box::new()` instead
     |
1810 |                                                     Box::new(FieldElementExpression::Number(T::from(i))),
     |                                                     ~~~~~~~~~~~~~~~~~~~~~~~~~~~~~~~~~~~~~~~~~~~~~~~~~~~~

error: `box_syntax` has been removed
    --> zopatract_core/src/semantics.rs:1816:49
     |
1816 | ...                   box array.clone(),
     |                       ^^^^^^^^^^^^^^^^^
     |
help: use `Box::new()` instead
     |
1816 |                                                 Box::new(array.clone()),
     |                                                 ~~~~~~~~~~~~~~~~~~~~~~~

error: `box_syntax` has been removed
    --> zopatract_core/src/semantics.rs:1817:49
     |
1817 | ...                   box FieldElementExpression::Number(T::from(i)),
     |                       ^^^^^^^^^^^^^^^^^^^^^^^^^^^^^^^^^^^^^^^^^^^^^^
     |
help: use `Box::new()` instead
     |
1817 |                                                 Box::new(FieldElementExpression::Number(T::from(i))),
     |                                                 ~~~~~~~~~~~~~~~~~~~~~~~~~~~~~~~~~~~~~~~~~~~~~~~~~~~~

error: `box_syntax` has been removed
    --> zopatract_core/src/semantics.rs:1880:69
     |
1880 | ...   Ok(ArrayExpressionInner::Member(box s.clone(), id.to_string())
     |                                       ^^^^^^^^^^^^^
     |
help: use `Box::new()` instead
     |
1880 |                                     Ok(ArrayExpressionInner::Member(Box::new(s.clone()), id.to_string())
     |                                                                     ~~~~~~~~~~~~~~~~~~~

error: `box_syntax` has been removed
    --> zopatract_core/src/semantics.rs:2177:51
     |
2177 |                         Ok(BooleanExpression::And(box e1, box e2).into())
     |                                                   ^^^^^^
     |
help: use `Box::new()` instead
     |
2177 |                         Ok(BooleanExpression::And(Box::new(e1), box e2).into())
     |                                                   ~~~~~~~~~~~~

error: `box_syntax` has been removed
    --> zopatract_core/src/semantics.rs:2177:59
     |
2177 |                         Ok(BooleanExpression::And(box e1, box e2).into())
     |                                                           ^^^^^^
     |
help: use `Box::new()` instead
     |
2177 |                         Ok(BooleanExpression::And(box e1, Box::new(e2)).into())
     |                                                           ~~~~~~~~~~~~

error: `box_syntax` has been removed
    --> zopatract_core/src/semantics.rs:2195:50
     |
2195 |                         Ok(BooleanExpression::Or(box e1, box e2).into())
     |                                                  ^^^^^^
     |
help: use `Box::new()` instead
     |
2195 |                         Ok(BooleanExpression::Or(Box::new(e1), box e2).into())
     |                                                  ~~~~~~~~~~~~

error: `box_syntax` has been removed
    --> zopatract_core/src/semantics.rs:2195:58
     |
2195 |                         Ok(BooleanExpression::Or(box e1, box e2).into())
     |                                                          ^^^^^^
     |
help: use `Box::new()` instead
     |
2195 |                         Ok(BooleanExpression::Or(box e1, Box::new(e2)).into())
     |                                                          ~~~~~~~~~~~~

error: `box_syntax` has been removed
    --> zopatract_core/src/semantics.rs:2333:78
     |
2333 | ...) => Ok(BooleanExpression::Not(box e).into()),
     |                                   ^^^^^
     |
help: use `Box::new()` instead
     |
2333 |                     TypedExpression::Boolean(e) => Ok(BooleanExpression::Not(Box::new(e)).into()),
     |                                                                              ~~~~~~~~~~~

error: `box_syntax` has been removed
    --> zopatract_core/src/semantics.rs:4990:17
     |
4990 |                 box Assignee::Identifier("a").mock(),
     |                 ^^^^^^^^^^^^^^^^^^^^^^^^^^^^^^^^^^^^
     |
help: use `Box::new()` instead
     |
4990 |                 Box::new(Assignee::Identifier("a").mock()),
     |                 ~~~~~~~~~~~~~~~~~~~~~~~~~~~~~~~~~~~~~~~~~~

error: `box_syntax` has been removed
    --> zopatract_core/src/semantics.rs:4991:17
     |
4991 | / ...   box RangeOrExpression::Expression(
4992 | | ...       Expression::FieldConstant(BigUint::from(2u32)).mock(),
4993 | | ...   ),
     | |_______^
     |
help: use `Box::new()` instead
     |
4991 ~                 Box::new(RangeOrExpression::Expression(
4992 +                     Expression::FieldConstant(BigUint::from(2u32)).mock(),
4993 ~                 )),
     |

error: `box_syntax` has been removed
    --> zopatract_core/src/semantics.rs:5031:21
     |
5031 |                     box Assignee::Identifier("a").mock(),
     |                     ^^^^^^^^^^^^^^^^^^^^^^^^^^^^^^^^^^^^
     |
help: use `Box::new()` instead
     |
5031 |                     Box::new(Assignee::Identifier("a").mock()),
     |                     ~~~~~~~~~~~~~~~~~~~~~~~~~~~~~~~~~~~~~~~~~~

error: `box_syntax` has been removed
    --> zopatract_core/src/semantics.rs:5032:21
     |
5032 | / ...   box RangeOrExpression::Expression(
5033 | | ...       Expression::FieldConstant(BigUint::from(1u32)).mock(),
5034 | | ...   ),
     | |_______^
     |
help: use `Box::new()` instead
     |
5032 ~                     Box::new(RangeOrExpression::Expression(
5033 +                         Expression::FieldConstant(BigUint::from(1u32)).mock(),
5034 ~                     )),
     |

error: `box_syntax` has been removed
    --> zopatract_core/src/semantics.rs:5030:17
     |
5030 | / ...   box Assignee::Select(
5031 | | ...       box Assignee::Identifier("a").mock(),
5032 | | ...       box RangeOrExpression::Expression(
5033 | | ...           Expression::FieldConstant(BigUint::from(1u32)).mock(),
5034 | | ...       ),
5035 | | ...   )
5036 | | ...   .mock(),
     | |_____________^
     |
help: use `Box::new()` instead
     |
5030 ~                 Box::new(Assignee::Select(
5031 +                     box Assignee::Identifier("a").mock(),
5032 +                     box RangeOrExpression::Expression(
5033 +                         Expression::FieldConstant(BigUint::from(1u32)).mock(),
5034 +                     ),
5035 +                 )
5036 ~                 .mock()),
     |

error: `box_syntax` has been removed
    --> zopatract_core/src/semantics.rs:5037:17
     |
5037 | / ...   box RangeOrExpression::Expression(
5038 | | ...       Expression::FieldConstant(BigUint::from(2u32)).mock(),
5039 | | ...   ),
     | |_______^
     |
help: use `Box::new()` instead
     |
5037 ~                 Box::new(RangeOrExpression::Expression(
5038 +                     Expression::FieldConstant(BigUint::from(2u32)).mock(),
5039 ~                 )),
     |

error: `box_syntax` has been removed
  --> zopatract_core/src/static_analysis/flat_propagation.rs:32:53
   |
32 |                     (e1, e2) => FlatExpression::Add(box e1, box e2),
   |                                                     ^^^^^^
   |
help: use `Box::new()` instead
   |
32 |                     (e1, e2) => FlatExpression::Add(Box::new(e1), box e2),
   |                                                     ~~~~~~~~~~~~

error: `box_syntax` has been removed
  --> zopatract_core/src/static_analysis/flat_propagation.rs:32:61
   |
32 |                     (e1, e2) => FlatExpression::Add(box e1, box e2),
   |                                                             ^^^^^^
   |
help: use `Box::new()` instead
   |
32 |                     (e1, e2) => FlatExpression::Add(box e1, Box::new(e2)),
   |                                                             ~~~~~~~~~~~~

error: `box_syntax` has been removed
  --> zopatract_core/src/static_analysis/flat_propagation.rs:40:53
   |
40 |                     (e1, e2) => FlatExpression::Sub(box e1, box e2),
   |                                                     ^^^^^^
   |
help: use `Box::new()` instead
   |
40 |                     (e1, e2) => FlatExpression::Sub(Box::new(e1), box e2),
   |                                                     ~~~~~~~~~~~~

error: `box_syntax` has been removed
  --> zopatract_core/src/static_analysis/flat_propagation.rs:40:61
   |
40 |                     (e1, e2) => FlatExpression::Sub(box e1, box e2),
   |                                                             ^^^^^^
   |
help: use `Box::new()` instead
   |
40 |                     (e1, e2) => FlatExpression::Sub(box e1, Box::new(e2)),
   |                                                             ~~~~~~~~~~~~

error: `box_syntax` has been removed
  --> zopatract_core/src/static_analysis/flat_propagation.rs:48:54
   |
48 |                     (e1, e2) => FlatExpression::Mult(box e1, box e2),
   |                                                      ^^^^^^
   |
help: use `Box::new()` instead
   |
48 |                     (e1, e2) => FlatExpression::Mult(Box::new(e1), box e2),
   |                                                      ~~~~~~~~~~~~

error: `box_syntax` has been removed
  --> zopatract_core/src/static_analysis/flat_propagation.rs:48:62
   |
48 |                     (e1, e2) => FlatExpression::Mult(box e1, box e2),
   |                                                              ^^^^^^
   |
help: use `Box::new()` instead
   |
48 |                     (e1, e2) => FlatExpression::Mult(box e1, Box::new(e2)),
   |                                                              ~~~~~~~~~~~~

error: `box_syntax` has been removed
   --> zopatract_core/src/static_analysis/flat_propagation.rs:127:21
    |
127 |                     box FlatExpression::Number(Bn128Field::from(2)),
    |                     ^^^^^^^^^^^^^^^^^^^^^^^^^^^^^^^^^^^^^^^^^^^^^^^
    |
help: use `Box::new()` instead
    |
127 |                     Box::new(FlatExpression::Number(Bn128Field::from(2))),
    |                     ~~~~~~~~~~~~~~~~~~~~~~~~~~~~~~~~~~~~~~~~~~~~~~~~~~~~~

error: `box_syntax` has been removed
   --> zopatract_core/src/static_analysis/flat_propagation.rs:128:21
    |
128 |                     box FlatExpression::Number(Bn128Field::from(3)),
    |                     ^^^^^^^^^^^^^^^^^^^^^^^^^^^^^^^^^^^^^^^^^^^^^^^
    |
help: use `Box::new()` instead
    |
128 |                     Box::new(FlatExpression::Number(Bn128Field::from(3))),
    |                     ~~~~~~~~~~~~~~~~~~~~~~~~~~~~~~~~~~~~~~~~~~~~~~~~~~~~~

error: `box_syntax` has been removed
   --> zopatract_core/src/static_analysis/flat_propagation.rs:140:21
    |
140 |                     box FlatExpression::Number(Bn128Field::from(3)),
    |                     ^^^^^^^^^^^^^^^^^^^^^^^^^^^^^^^^^^^^^^^^^^^^^^^
    |
help: use `Box::new()` instead
    |
140 |                     Box::new(FlatExpression::Number(Bn128Field::from(3))),
    |                     ~~~~~~~~~~~~~~~~~~~~~~~~~~~~~~~~~~~~~~~~~~~~~~~~~~~~~

error: `box_syntax` has been removed
   --> zopatract_core/src/static_analysis/flat_propagation.rs:141:21
    |
141 |                     box FlatExpression::Number(Bn128Field::from(2)),
    |                     ^^^^^^^^^^^^^^^^^^^^^^^^^^^^^^^^^^^^^^^^^^^^^^^
    |
help: use `Box::new()` instead
    |
141 |                     Box::new(FlatExpression::Number(Bn128Field::from(2))),
    |                     ~~~~~~~~~~~~~~~~~~~~~~~~~~~~~~~~~~~~~~~~~~~~~~~~~~~~~

error: `box_syntax` has been removed
   --> zopatract_core/src/static_analysis/flat_propagation.rs:153:21
    |
153 |                     box FlatExpression::Number(Bn128Field::from(3)),
    |                     ^^^^^^^^^^^^^^^^^^^^^^^^^^^^^^^^^^^^^^^^^^^^^^^
    |
help: use `Box::new()` instead
    |
153 |                     Box::new(FlatExpression::Number(Bn128Field::from(3))),
    |                     ~~~~~~~~~~~~~~~~~~~~~~~~~~~~~~~~~~~~~~~~~~~~~~~~~~~~~

error: `box_syntax` has been removed
   --> zopatract_core/src/static_analysis/flat_propagation.rs:154:21
    |
154 |                     box FlatExpression::Number(Bn128Field::from(2)),
    |                     ^^^^^^^^^^^^^^^^^^^^^^^^^^^^^^^^^^^^^^^^^^^^^^^
    |
help: use `Box::new()` instead
    |
154 |                     Box::new(FlatExpression::Number(Bn128Field::from(2))),
    |                     ~~~~~~~~~~~~~~~~~~~~~~~~~~~~~~~~~~~~~~~~~~~~~~~~~~~~~

error: `box_syntax` has been removed
  --> zopatract_core/src/static_analysis/flatten_complex_types.rs:31:51
   |
31 |                     zir::SourceIdentifier::Select(box id.clone(), i),
   |                                                   ^^^^^^^^^^^^^^
   |
help: use `Box::new()` instead
   |
31 |                     zir::SourceIdentifier::Select(Box::new(id.clone()), i),
   |                                                   ~~~~~~~~~~~~~~~~~~~~

error: `box_syntax` has been removed
  --> zopatract_core/src/static_analysis/flatten_complex_types.rs:40:51
   |
40 | ...   zir::SourceIdentifier::Member(box id.clone(), struct_member.id.clo...
   |                                     ^^^^^^^^^^^^^^
   |
help: use `Box::new()` instead
   |
40 |                     zir::SourceIdentifier::Member(Box::new(id.clone()), struct_member.id.clone()),
   |                                                   ~~~~~~~~~~~~~~~~~~~~

error: `box_syntax` has been removed
   --> zopatract_core/src/static_analysis/flatten_complex_types.rs:469:46
    |
469 |             zir::FieldElementExpression::Add(box e1, box e2)
    |                                              ^^^^^^
    |
help: use `Box::new()` instead
    |
469 |             zir::FieldElementExpression::Add(Box::new(e1), box e2)
    |                                              ~~~~~~~~~~~~

error: `box_syntax` has been removed
   --> zopatract_core/src/static_analysis/flatten_complex_types.rs:469:54
    |
469 |             zir::FieldElementExpression::Add(box e1, box e2)
    |                                                      ^^^^^^
    |
help: use `Box::new()` instead
    |
469 |             zir::FieldElementExpression::Add(box e1, Box::new(e2))
    |                                                      ~~~~~~~~~~~~

error: `box_syntax` has been removed
   --> zopatract_core/src/static_analysis/flatten_complex_types.rs:474:46
    |
474 |             zir::FieldElementExpression::Sub(box e1, box e2)
    |                                              ^^^^^^
    |
help: use `Box::new()` instead
    |
474 |             zir::FieldElementExpression::Sub(Box::new(e1), box e2)
    |                                              ~~~~~~~~~~~~

error: `box_syntax` has been removed
   --> zopatract_core/src/static_analysis/flatten_complex_types.rs:474:54
    |
474 |             zir::FieldElementExpression::Sub(box e1, box e2)
    |                                                      ^^^^^^
    |
help: use `Box::new()` instead
    |
474 |             zir::FieldElementExpression::Sub(box e1, Box::new(e2))
    |                                                      ~~~~~~~~~~~~

error: `box_syntax` has been removed
   --> zopatract_core/src/static_analysis/flatten_complex_types.rs:479:47
    |
479 |             zir::FieldElementExpression::Mult(box e1, box e2)
    |                                               ^^^^^^
    |
help: use `Box::new()` instead
    |
479 |             zir::FieldElementExpression::Mult(Box::new(e1), box e2)
    |                                               ~~~~~~~~~~~~

error: `box_syntax` has been removed
   --> zopatract_core/src/static_analysis/flatten_complex_types.rs:479:55
    |
479 |             zir::FieldElementExpression::Mult(box e1, box e2)
    |                                                       ^^^^^^
    |
help: use `Box::new()` instead
    |
479 |             zir::FieldElementExpression::Mult(box e1, Box::new(e2))
    |                                                       ~~~~~~~~~~~~

error: `box_syntax` has been removed
   --> zopatract_core/src/static_analysis/flatten_complex_types.rs:484:46
    |
484 |             zir::FieldElementExpression::Div(box e1, box e2)
    |                                              ^^^^^^
    |
help: use `Box::new()` instead
    |
484 |             zir::FieldElementExpression::Div(Box::new(e1), box e2)
    |                                              ~~~~~~~~~~~~

error: `box_syntax` has been removed
   --> zopatract_core/src/static_analysis/flatten_complex_types.rs:484:54
    |
484 |             zir::FieldElementExpression::Div(box e1, box e2)
    |                                                      ^^^^^^
    |
help: use `Box::new()` instead
    |
484 |             zir::FieldElementExpression::Div(box e1, Box::new(e2))
    |                                                      ~~~~~~~~~~~~

error: `box_syntax` has been removed
   --> zopatract_core/src/static_analysis/flatten_complex_types.rs:489:46
    |
489 |             zir::FieldElementExpression::Pow(box e1, box e2)
    |                                              ^^^^^^
    |
help: use `Box::new()` instead
    |
489 |             zir::FieldElementExpression::Pow(Box::new(e1), box e2)
    |                                              ~~~~~~~~~~~~

error: `box_syntax` has been removed
   --> zopatract_core/src/static_analysis/flatten_complex_types.rs:489:54
    |
489 |             zir::FieldElementExpression::Pow(box e1, box e2)
    |                                                      ^^^^^^
    |
help: use `Box::new()` instead
    |
489 |             zir::FieldElementExpression::Pow(box e1, Box::new(e2))
    |                                                      ~~~~~~~~~~~~

error: `box_syntax` has been removed
   --> zopatract_core/src/static_analysis/flatten_complex_types.rs:495:49
    |
495 | ...   zir::FieldElementExpression::IfElse(box cond, box cons, box alt)
    |                                           ^^^^^^^^
    |
help: use `Box::new()` instead
    |
495 |             zir::FieldElementExpression::IfElse(Box::new(cond), box cons, box alt)
    |                                                 ~~~~~~~~~~~~~~

error: `box_syntax` has been removed
   --> zopatract_core/src/static_analysis/flatten_complex_types.rs:495:59
    |
495 | ...   zir::FieldElementExpression::IfElse(box cond, box cons, box alt)
    |                                                     ^^^^^^^^
    |
help: use `Box::new()` instead
    |
495 |             zir::FieldElementExpression::IfElse(box cond, Box::new(cons), box alt)
    |                                                           ~~~~~~~~~~~~~~

error: `box_syntax` has been removed
   --> zopatract_core/src/static_analysis/flatten_complex_types.rs:495:69
    |
495 | ...n::IfElse(box cond, box cons, box alt)
    |                                  ^^^^^^^
    |
help: use `Box::new()` instead
    |
495 |             zir::FieldElementExpression::IfElse(box cond, box cons, Box::new(alt))
    |                                                                     ~~~~~~~~~~~~~

error: `box_syntax` has been removed
   --> zopatract_core/src/static_analysis/flatten_complex_types.rs:546:45
    |
546 |             zir::BooleanExpression::FieldEq(box e1, box e2)
    |                                             ^^^^^^
    |
help: use `Box::new()` instead
    |
546 |             zir::BooleanExpression::FieldEq(Box::new(e1), box e2)
    |                                             ~~~~~~~~~~~~

error: `box_syntax` has been removed
   --> zopatract_core/src/static_analysis/flatten_complex_types.rs:546:53
    |
546 |             zir::BooleanExpression::FieldEq(box e1, box e2)
    |                                                     ^^^^^^
    |
help: use `Box::new()` instead
    |
546 |             zir::BooleanExpression::FieldEq(box e1, Box::new(e2))
    |                                                     ~~~~~~~~~~~~

error: `box_syntax` has been removed
   --> zopatract_core/src/static_analysis/flatten_complex_types.rs:551:44
    |
551 |             zir::BooleanExpression::BoolEq(box e1, box e2)
    |                                            ^^^^^^
    |
help: use `Box::new()` instead
    |
551 |             zir::BooleanExpression::BoolEq(Box::new(e1), box e2)
    |                                            ~~~~~~~~~~~~

error: `box_syntax` has been removed
   --> zopatract_core/src/static_analysis/flatten_complex_types.rs:551:52
    |
551 |             zir::BooleanExpression::BoolEq(box e1, box e2)
    |                                                    ^^^^^^
    |
help: use `Box::new()` instead
    |
551 |             zir::BooleanExpression::BoolEq(box e1, Box::new(e2))
    |                                                    ~~~~~~~~~~~~

error: `box_syntax` has been removed
   --> zopatract_core/src/static_analysis/flatten_complex_types.rs:563:25
    |
563 |                         box acc,
    |                         ^^^^^^^
    |
help: use `Box::new()` instead
    |
563 |                         Box::new(acc),
    |                         ~~~~~~~~~~~~~

error: `box_syntax` has been removed
   --> zopatract_core/src/static_analysis/flatten_complex_types.rs:568:66
    |
568 | ...   ) => zir::BooleanExpression::FieldEq(box e1, box e2),
    |                                            ^^^^^^
    |
help: use `Box::new()` instead
    |
568 |                             ) => zir::BooleanExpression::FieldEq(Box::new(e1), box e2),
    |                                                                  ~~~~~~~~~~~~

error: `box_syntax` has been removed
   --> zopatract_core/src/static_analysis/flatten_complex_types.rs:568:74
    |
568 | ...   ) => zir::BooleanExpression::FieldEq(box e1, box e2),
    |                                                    ^^^^^^
    |
help: use `Box::new()` instead
    |
568 |                             ) => zir::BooleanExpression::FieldEq(box e1, Box::new(e2)),
    |                                                                          ~~~~~~~~~~~~

error: `box_syntax` has been removed
   --> zopatract_core/src/static_analysis/flatten_complex_types.rs:570:64
    |
570 | ...                   zir::BooleanExpression::BoolEq(box e1, box e2)
    |                                                      ^^^^^^
    |
help: use `Box::new()` instead
    |
570 |                                 zir::BooleanExpression::BoolEq(Box::new(e1), box e2)
    |                                                                ~~~~~~~~~~~~

error: `box_syntax` has been removed
   --> zopatract_core/src/static_analysis/flatten_complex_types.rs:570:72
    |
570 | ...                   zir::BooleanExpression::BoolEq(box e1, box e2)
    |                                                              ^^^^^^
    |
help: use `Box::new()` instead
    |
570 |                                 zir::BooleanExpression::BoolEq(box e1, Box::new(e2))
    |                                                                        ~~~~~~~~~~~~

error: `box_syntax` has been removed
   --> zopatract_core/src/static_analysis/flatten_complex_types.rs:573:64
    |
573 | ...                   zir::BooleanExpression::UintEq(box e1, box e2)
    |                                                      ^^^^^^
    |
help: use `Box::new()` instead
    |
573 |                                 zir::BooleanExpression::UintEq(Box::new(e1), box e2)
    |                                                                ~~~~~~~~~~~~

error: `box_syntax` has been removed
   --> zopatract_core/src/static_analysis/flatten_complex_types.rs:573:72
    |
573 | ...                   zir::BooleanExpression::UintEq(box e1, box e2)
    |                                                              ^^^^^^
    |
help: use `Box::new()` instead
    |
573 |                                 zir::BooleanExpression::UintEq(box e1, Box::new(e2))
    |                                                                        ~~~~~~~~~~~~

error: `box_syntax` has been removed
   --> zopatract_core/src/static_analysis/flatten_complex_types.rs:564:25
    |
564 | /                         box match (e1, e2) {
565 | |                             (
566 | |                                 zir::ZirExpression::FieldElement(e1),
567 | |                                 zir::ZirExpression::FieldElement(e2),
...   |
575 | |                             _ => unreachable!(),
576 | |                         },
    | |_________________________^
    |
help: use `Box::new()` instead
    |
564 ~                         Box::new(match (e1, e2) {
565 +                             (
566 +                                 zir::ZirExpression::FieldElement(e1),
567 +                                 zir::ZirExpression::FieldElement(e2),
568 +                             ) => zir::BooleanExpression::FieldEq(box e1, box e2),
569 +                             (zir::ZirExpression::Boolean(e1), zir::ZirExpression::Boolean(e2)) => {
570 +                                 zir::BooleanExpression::BoolEq(box e1, box e2)
571 +                             }
572 +                             (zir::ZirExpression::Uint(e1), zir::ZirExpression::Uint(e2)) => {
573 +                                 zir::BooleanExpression::UintEq(box e1, box e2)
574 +                             }
575 +                             _ => unreachable!(),
576 ~                         }),
    |

error: `box_syntax` has been removed
   --> zopatract_core/src/static_analysis/flatten_complex_types.rs:591:25
    |
591 |                         box acc,
    |                         ^^^^^^^
    |
help: use `Box::new()` instead
    |
591 |                         Box::new(acc),
    |                         ~~~~~~~~~~~~~

error: `box_syntax` has been removed
   --> zopatract_core/src/static_analysis/flatten_complex_types.rs:596:66
    |
596 | ...   ) => zir::BooleanExpression::FieldEq(box e1, box e2),
    |                                            ^^^^^^
    |
help: use `Box::new()` instead
    |
596 |                             ) => zir::BooleanExpression::FieldEq(Box::new(e1), box e2),
    |                                                                  ~~~~~~~~~~~~

error: `box_syntax` has been removed
   --> zopatract_core/src/static_analysis/flatten_complex_types.rs:596:74
    |
596 | ...   ) => zir::BooleanExpression::FieldEq(box e1, box e2),
    |                                                    ^^^^^^
    |
help: use `Box::new()` instead
    |
596 |                             ) => zir::BooleanExpression::FieldEq(box e1, Box::new(e2)),
    |                                                                          ~~~~~~~~~~~~

error: `box_syntax` has been removed
   --> zopatract_core/src/static_analysis/flatten_complex_types.rs:598:64
    |
598 | ...                   zir::BooleanExpression::BoolEq(box e1, box e2)
    |                                                      ^^^^^^
    |
help: use `Box::new()` instead
    |
598 |                                 zir::BooleanExpression::BoolEq(Box::new(e1), box e2)
    |                                                                ~~~~~~~~~~~~

error: `box_syntax` has been removed
   --> zopatract_core/src/static_analysis/flatten_complex_types.rs:598:72
    |
598 | ...                   zir::BooleanExpression::BoolEq(box e1, box e2)
    |                                                              ^^^^^^
    |
help: use `Box::new()` instead
    |
598 |                                 zir::BooleanExpression::BoolEq(box e1, Box::new(e2))
    |                                                                        ~~~~~~~~~~~~

error: `box_syntax` has been removed
   --> zopatract_core/src/static_analysis/flatten_complex_types.rs:601:64
    |
601 | ...                   zir::BooleanExpression::UintEq(box e1, box e2)
    |                                                      ^^^^^^
    |
help: use `Box::new()` instead
    |
601 |                                 zir::BooleanExpression::UintEq(Box::new(e1), box e2)
    |                                                                ~~~~~~~~~~~~

error: `box_syntax` has been removed
   --> zopatract_core/src/static_analysis/flatten_complex_types.rs:601:72
    |
601 | ...                   zir::BooleanExpression::UintEq(box e1, box e2)
    |                                                              ^^^^^^
    |
help: use `Box::new()` instead
    |
601 |                                 zir::BooleanExpression::UintEq(box e1, Box::new(e2))
    |                                                                        ~~~~~~~~~~~~

error: `box_syntax` has been removed
   --> zopatract_core/src/static_analysis/flatten_complex_types.rs:592:25
    |
592 | /                         box match (e1, e2) {
593 | |                             (
594 | |                                 zir::ZirExpression::FieldElement(e1),
595 | |                                 zir::ZirExpression::FieldElement(e2),
...   |
603 | |                             _ => unreachable!(),
604 | |                         },
    | |_________________________^
    |
help: use `Box::new()` instead
    |
592 ~                         Box::new(match (e1, e2) {
593 +                             (
594 +                                 zir::ZirExpression::FieldElement(e1),
595 +                                 zir::ZirExpression::FieldElement(e2),
596 +                             ) => zir::BooleanExpression::FieldEq(box e1, box e2),
597 +                             (zir::ZirExpression::Boolean(e1), zir::ZirExpression::Boolean(e2)) => {
598 +                                 zir::BooleanExpression::BoolEq(box e1, box e2)
599 +                             }
600 +                             (zir::ZirExpression::Uint(e1), zir::ZirExpression::Uint(e2)) => {
601 +                                 zir::BooleanExpression::UintEq(box e1, box e2)
602 +                             }
603 +                             _ => unreachable!(),
604 ~                         }),
    |

error: `box_syntax` has been removed
   --> zopatract_core/src/static_analysis/flatten_complex_types.rs:613:44
    |
613 |             zir::BooleanExpression::UintEq(box e1, box e2)
    |                                            ^^^^^^
    |
help: use `Box::new()` instead
    |
613 |             zir::BooleanExpression::UintEq(Box::new(e1), box e2)
    |                                            ~~~~~~~~~~~~

error: `box_syntax` has been removed
   --> zopatract_core/src/static_analysis/flatten_complex_types.rs:613:52
    |
613 |             zir::BooleanExpression::UintEq(box e1, box e2)
    |                                                    ^^^^^^
    |
help: use `Box::new()` instead
    |
613 |             zir::BooleanExpression::UintEq(box e1, Box::new(e2))
    |                                                    ~~~~~~~~~~~~

error: `box_syntax` has been removed
   --> zopatract_core/src/static_analysis/flatten_complex_types.rs:618:40
    |
618 |             zir::BooleanExpression::Lt(box e1, box e2)
    |                                        ^^^^^^
    |
help: use `Box::new()` instead
    |
618 |             zir::BooleanExpression::Lt(Box::new(e1), box e2)
    |                                        ~~~~~~~~~~~~

error: `box_syntax` has been removed
   --> zopatract_core/src/static_analysis/flatten_complex_types.rs:618:48
    |
618 |             zir::BooleanExpression::Lt(box e1, box e2)
    |                                                ^^^^^^
    |
help: use `Box::new()` instead
    |
618 |             zir::BooleanExpression::Lt(box e1, Box::new(e2))
    |                                                ~~~~~~~~~~~~

error: `box_syntax` has been removed
   --> zopatract_core/src/static_analysis/flatten_complex_types.rs:623:40
    |
623 |             zir::BooleanExpression::Le(box e1, box e2)
    |                                        ^^^^^^
    |
help: use `Box::new()` instead
    |
623 |             zir::BooleanExpression::Le(Box::new(e1), box e2)
    |                                        ~~~~~~~~~~~~

error: `box_syntax` has been removed
   --> zopatract_core/src/static_analysis/flatten_complex_types.rs:623:48
    |
623 |             zir::BooleanExpression::Le(box e1, box e2)
    |                                                ^^^^^^
    |
help: use `Box::new()` instead
    |
623 |             zir::BooleanExpression::Le(box e1, Box::new(e2))
    |                                                ~~~~~~~~~~~~

error: `box_syntax` has been removed
   --> zopatract_core/src/static_analysis/flatten_complex_types.rs:628:40
    |
628 |             zir::BooleanExpression::Gt(box e1, box e2)
    |                                        ^^^^^^
    |
help: use `Box::new()` instead
    |
628 |             zir::BooleanExpression::Gt(Box::new(e1), box e2)
    |                                        ~~~~~~~~~~~~

error: `box_syntax` has been removed
   --> zopatract_core/src/static_analysis/flatten_complex_types.rs:628:48
    |
628 |             zir::BooleanExpression::Gt(box e1, box e2)
    |                                                ^^^^^^
    |
help: use `Box::new()` instead
    |
628 |             zir::BooleanExpression::Gt(box e1, Box::new(e2))
    |                                                ~~~~~~~~~~~~

error: `box_syntax` has been removed
   --> zopatract_core/src/static_analysis/flatten_complex_types.rs:633:40
    |
633 |             zir::BooleanExpression::Ge(box e1, box e2)
    |                                        ^^^^^^
    |
help: use `Box::new()` instead
    |
633 |             zir::BooleanExpression::Ge(Box::new(e1), box e2)
    |                                        ~~~~~~~~~~~~

error: `box_syntax` has been removed
   --> zopatract_core/src/static_analysis/flatten_complex_types.rs:633:48
    |
633 |             zir::BooleanExpression::Ge(box e1, box e2)
    |                                                ^^^^^^
    |
help: use `Box::new()` instead
    |
633 |             zir::BooleanExpression::Ge(box e1, Box::new(e2))
    |                                                ~~~~~~~~~~~~

error: `box_syntax` has been removed
   --> zopatract_core/src/static_analysis/flatten_complex_types.rs:638:40
    |
638 |             zir::BooleanExpression::Or(box e1, box e2)
    |                                        ^^^^^^
    |
help: use `Box::new()` instead
    |
638 |             zir::BooleanExpression::Or(Box::new(e1), box e2)
    |                                        ~~~~~~~~~~~~

error: `box_syntax` has been removed
   --> zopatract_core/src/static_analysis/flatten_complex_types.rs:638:48
    |
638 |             zir::BooleanExpression::Or(box e1, box e2)
    |                                                ^^^^^^
    |
help: use `Box::new()` instead
    |
638 |             zir::BooleanExpression::Or(box e1, Box::new(e2))
    |                                                ~~~~~~~~~~~~

error: `box_syntax` has been removed
   --> zopatract_core/src/static_analysis/flatten_complex_types.rs:643:41
    |
643 |             zir::BooleanExpression::And(box e1, box e2)
    |                                         ^^^^^^
    |
help: use `Box::new()` instead
    |
643 |             zir::BooleanExpression::And(Box::new(e1), box e2)
    |                                         ~~~~~~~~~~~~

error: `box_syntax` has been removed
   --> zopatract_core/src/static_analysis/flatten_complex_types.rs:643:49
    |
643 |             zir::BooleanExpression::And(box e1, box e2)
    |                                                 ^^^^^^
    |
help: use `Box::new()` instead
    |
643 |             zir::BooleanExpression::And(box e1, Box::new(e2))
    |                                                 ~~~~~~~~~~~~

error: `box_syntax` has been removed
   --> zopatract_core/src/static_analysis/flatten_complex_types.rs:647:41
    |
647 |             zir::BooleanExpression::Not(box e)
    |                                         ^^^^^
    |
help: use `Box::new()` instead
    |
647 |             zir::BooleanExpression::Not(Box::new(e))
    |                                         ~~~~~~~~~~~

error: `box_syntax` has been removed
   --> zopatract_core/src/static_analysis/flatten_complex_types.rs:653:44
    |
653 |             zir::BooleanExpression::IfElse(box cond, box cons, box alt)
    |                                            ^^^^^^^^
    |
help: use `Box::new()` instead
    |
653 |             zir::BooleanExpression::IfElse(Box::new(cond), box cons, box alt)
    |                                            ~~~~~~~~~~~~~~

error: `box_syntax` has been removed
   --> zopatract_core/src/static_analysis/flatten_complex_types.rs:653:54
    |
653 |             zir::BooleanExpression::IfElse(box cond, box cons, box alt)
    |                                                      ^^^^^^^^
    |
help: use `Box::new()` instead
    |
653 |             zir::BooleanExpression::IfElse(box cond, Box::new(cons), box alt)
    |                                                      ~~~~~~~~~~~~~~

error: `box_syntax` has been removed
   --> zopatract_core/src/static_analysis/flatten_complex_types.rs:653:64
    |
653 |             zir::BooleanExpression::IfElse(box cond, box cons, box alt)
    |                                                                ^^^^^^^
    |
help: use `Box::new()` instead
    |
653 |             zir::BooleanExpression::IfElse(box cond, box cons, Box::new(alt))
    |                                                                ~~~~~~~~~~~~~

error: `box_syntax` has been removed
   --> zopatract_core/src/static_analysis/flatten_complex_types.rs:713:40
    |
713 |             zir::UExpressionInner::Add(box left, box right)
    |                                        ^^^^^^^^
    |
help: use `Box::new()` instead
    |
713 |             zir::UExpressionInner::Add(Box::new(left), box right)
    |                                        ~~~~~~~~~~~~~~

error: `box_syntax` has been removed
   --> zopatract_core/src/static_analysis/flatten_complex_types.rs:713:50
    |
713 |             zir::UExpressionInner::Add(box left, box right)
    |                                                  ^^^^^^^^^
    |
help: use `Box::new()` instead
    |
713 |             zir::UExpressionInner::Add(box left, Box::new(right))
    |                                                  ~~~~~~~~~~~~~~~

error: `box_syntax` has been removed
   --> zopatract_core/src/static_analysis/flatten_complex_types.rs:719:40
    |
719 |             zir::UExpressionInner::Sub(box left, box right)
    |                                        ^^^^^^^^
    |
help: use `Box::new()` instead
    |
719 |             zir::UExpressionInner::Sub(Box::new(left), box right)
    |                                        ~~~~~~~~~~~~~~

error: `box_syntax` has been removed
   --> zopatract_core/src/static_analysis/flatten_complex_types.rs:719:50
    |
719 |             zir::UExpressionInner::Sub(box left, box right)
    |                                                  ^^^^^^^^^
    |
help: use `Box::new()` instead
    |
719 |             zir::UExpressionInner::Sub(box left, Box::new(right))
    |                                                  ~~~~~~~~~~~~~~~

error: `box_syntax` has been removed
   --> zopatract_core/src/static_analysis/flatten_complex_types.rs:725:41
    |
725 |             zir::UExpressionInner::Mult(box left, box right)
    |                                         ^^^^^^^^
    |
help: use `Box::new()` instead
    |
725 |             zir::UExpressionInner::Mult(Box::new(left), box right)
    |                                         ~~~~~~~~~~~~~~

error: `box_syntax` has been removed
   --> zopatract_core/src/static_analysis/flatten_complex_types.rs:725:51
    |
725 |             zir::UExpressionInner::Mult(box left, box right)
    |                                                   ^^^^^^^^^
    |
help: use `Box::new()` instead
    |
725 |             zir::UExpressionInner::Mult(box left, Box::new(right))
    |                                                   ~~~~~~~~~~~~~~~

error: `box_syntax` has been removed
   --> zopatract_core/src/static_analysis/flatten_complex_types.rs:731:40
    |
731 |             zir::UExpressionInner::Div(box left, box right)
    |                                        ^^^^^^^^
    |
help: use `Box::new()` instead
    |
731 |             zir::UExpressionInner::Div(Box::new(left), box right)
    |                                        ~~~~~~~~~~~~~~

error: `box_syntax` has been removed
   --> zopatract_core/src/static_analysis/flatten_complex_types.rs:731:50
    |
731 |             zir::UExpressionInner::Div(box left, box right)
    |                                                  ^^^^^^^^^
    |
help: use `Box::new()` instead
    |
731 |             zir::UExpressionInner::Div(box left, Box::new(right))
    |                                                  ~~~~~~~~~~~~~~~

error: `box_syntax` has been removed
   --> zopatract_core/src/static_analysis/flatten_complex_types.rs:737:40
    |
737 |             zir::UExpressionInner::Rem(box left, box right)
    |                                        ^^^^^^^^
    |
help: use `Box::new()` instead
    |
737 |             zir::UExpressionInner::Rem(Box::new(left), box right)
    |                                        ~~~~~~~~~~~~~~

error: `box_syntax` has been removed
   --> zopatract_core/src/static_analysis/flatten_complex_types.rs:737:50
    |
737 |             zir::UExpressionInner::Rem(box left, box right)
    |                                                  ^^^^^^^^^
    |
help: use `Box::new()` instead
    |
737 |             zir::UExpressionInner::Rem(box left, Box::new(right))
    |                                                  ~~~~~~~~~~~~~~~

error: `box_syntax` has been removed
   --> zopatract_core/src/static_analysis/flatten_complex_types.rs:743:40
    |
743 |             zir::UExpressionInner::Xor(box left, box right)
    |                                        ^^^^^^^^
    |
help: use `Box::new()` instead
    |
743 |             zir::UExpressionInner::Xor(Box::new(left), box right)
    |                                        ~~~~~~~~~~~~~~

error: `box_syntax` has been removed
   --> zopatract_core/src/static_analysis/flatten_complex_types.rs:743:50
    |
743 |             zir::UExpressionInner::Xor(box left, box right)
    |                                                  ^^^^^^^^^
    |
help: use `Box::new()` instead
    |
743 |             zir::UExpressionInner::Xor(box left, Box::new(right))
    |                                                  ~~~~~~~~~~~~~~~

error: `box_syntax` has been removed
   --> zopatract_core/src/static_analysis/flatten_complex_types.rs:749:40
    |
749 |             zir::UExpressionInner::And(box left, box right)
    |                                        ^^^^^^^^
    |
help: use `Box::new()` instead
    |
749 |             zir::UExpressionInner::And(Box::new(left), box right)
    |                                        ~~~~~~~~~~~~~~

error: `box_syntax` has been removed
   --> zopatract_core/src/static_analysis/flatten_complex_types.rs:749:50
    |
749 |             zir::UExpressionInner::And(box left, box right)
    |                                                  ^^^^^^^^^
    |
help: use `Box::new()` instead
    |
749 |             zir::UExpressionInner::And(box left, Box::new(right))
    |                                                  ~~~~~~~~~~~~~~~

error: `box_syntax` has been removed
   --> zopatract_core/src/static_analysis/flatten_complex_types.rs:755:39
    |
755 |             zir::UExpressionInner::Or(box left, box right)
    |                                       ^^^^^^^^
    |
help: use `Box::new()` instead
    |
755 |             zir::UExpressionInner::Or(Box::new(left), box right)
    |                                       ~~~~~~~~~~~~~~

error: `box_syntax` has been removed
   --> zopatract_core/src/static_analysis/flatten_complex_types.rs:755:49
    |
755 |             zir::UExpressionInner::Or(box left, box right)
    |                                                 ^^^^^^^^^
    |
help: use `Box::new()` instead
    |
755 |             zir::UExpressionInner::Or(box left, Box::new(right))
    |                                                 ~~~~~~~~~~~~~~~

error: `box_syntax` has been removed
   --> zopatract_core/src/static_analysis/flatten_complex_types.rs:761:46
    |
761 |             zir::UExpressionInner::LeftShift(box e, box by)
    |                                              ^^^^^
    |
help: use `Box::new()` instead
    |
761 |             zir::UExpressionInner::LeftShift(Box::new(e), box by)
    |                                              ~~~~~~~~~~~

error: `box_syntax` has been removed
   --> zopatract_core/src/static_analysis/flatten_complex_types.rs:761:53
    |
761 |             zir::UExpressionInner::LeftShift(box e, box by)
    |                                                     ^^^^^^
    |
help: use `Box::new()` instead
    |
761 |             zir::UExpressionInner::LeftShift(box e, Box::new(by))
    |                                                     ~~~~~~~~~~~~

error: `box_syntax` has been removed
   --> zopatract_core/src/static_analysis/flatten_complex_types.rs:767:47
    |
767 |             zir::UExpressionInner::RightShift(box e, box by)
    |                                               ^^^^^
    |
help: use `Box::new()` instead
    |
767 |             zir::UExpressionInner::RightShift(Box::new(e), box by)
    |                                               ~~~~~~~~~~~

error: `box_syntax` has been removed
   --> zopatract_core/src/static_analysis/flatten_complex_types.rs:767:54
    |
767 |             zir::UExpressionInner::RightShift(box e, box by)
    |                                                      ^^^^^^
    |
help: use `Box::new()` instead
    |
767 |             zir::UExpressionInner::RightShift(box e, Box::new(by))
    |                                                      ~~~~~~~~~~~~

error: `box_syntax` has been removed
   --> zopatract_core/src/static_analysis/flatten_complex_types.rs:772:40
    |
772 |             zir::UExpressionInner::Not(box e)
    |                                        ^^^^^
    |
help: use `Box::new()` instead
    |
772 |             zir::UExpressionInner::Not(Box::new(e))
    |                                        ~~~~~~~~~~~

error: `box_syntax` has been removed
   --> zopatract_core/src/static_analysis/flatten_complex_types.rs:815:43
    |
815 |             zir::UExpressionInner::IfElse(box cond, box cons, box alt)
    |                                           ^^^^^^^^
    |
help: use `Box::new()` instead
    |
815 |             zir::UExpressionInner::IfElse(Box::new(cond), box cons, box alt)
    |                                           ~~~~~~~~~~~~~~

error: `box_syntax` has been removed
   --> zopatract_core/src/static_analysis/flatten_complex_types.rs:815:53
    |
815 |             zir::UExpressionInner::IfElse(box cond, box cons, box alt)
    |                                                     ^^^^^^^^
    |
help: use `Box::new()` instead
    |
815 |             zir::UExpressionInner::IfElse(box cond, Box::new(cons), box alt)
    |                                                     ~~~~~~~~~~~~~~

error: `box_syntax` has been removed
   --> zopatract_core/src/static_analysis/flatten_complex_types.rs:815:63
    |
815 |             zir::UExpressionInner::IfElse(box cond, box cons, box alt)
    |                                                               ^^^^^^^
    |
help: use `Box::new()` instead
    |
815 |             zir::UExpressionInner::IfElse(box cond, box cons, Box::new(alt))
    |                                                               ~~~~~~~~~~~~~

error: `box_syntax` has been removed
   --> zopatract_core/src/static_analysis/propagation.rs:372:25
    |
372 |                         box e.annotate(bitwidth),
    |                         ^^^^^^^^^^^^^^^^^^^^^^^^
    |
help: use `Box::new()` instead
    |
372 |                         Box::new(e.annotate(bitwidth)),
    |                         ~~~~~~~~~~~~~~~~~~~~~~~~~~~~~~

error: `box_syntax` has been removed
   --> zopatract_core/src/static_analysis/propagation.rs:373:25
    |
373 |                         box UExpressionInner::Value(v).annotate(bitwidth),
    |                         ^^^^^^^^^^^^^^^^^^^^^^^^^^^^^^^^^^^^^^^^^^^^^^^^^
    |
help: use `Box::new()` instead
    |
373 |                         Box::new(UExpressionInner::Value(v).annotate(bitwidth)),
    |                         ~~~~~~~~~~~~~~~~~~~~~~~~~~~~~~~~~~~~~~~~~~~~~~~~~~~~~~~

error: `box_syntax` has been removed
   --> zopatract_core/src/static_analysis/propagation.rs:377:43
    |
377 | ...   UExpressionInner::Add(box e1.annotate(bitwidth), box e2.annotate(...
    |                             ^^^^^^^^^^^^^^^^^^^^^^^^^
    |
help: use `Box::new()` instead
    |
377 |                     UExpressionInner::Add(Box::new(e1.annotate(bitwidth)), box e2.annotate(bitwidth))
    |                                           ~~~~~~~~~~~~~~~~~~~~~~~~~~~~~~~

error: `box_syntax` has been removed
   --> zopatract_core/src/static_analysis/propagation.rs:377:70
    |
377 | ....annotate(bitwidth), box e2.annotate(bitwidth))
    |                         ^^^^^^^^^^^^^^^^^^^^^^^^^
    |
help: use `Box::new()` instead
    |
377 |                     UExpressionInner::Add(box e1.annotate(bitwidth), Box::new(e2.annotate(bitwidth)))
    |                                                                      ~~~~~~~~~~~~~~~~~~~~~~~~~~~~~~~

error: `box_syntax` has been removed
   --> zopatract_core/src/static_analysis/propagation.rs:393:25
    |
393 |                         box e.annotate(bitwidth),
    |                         ^^^^^^^^^^^^^^^^^^^^^^^^
    |
help: use `Box::new()` instead
    |
393 |                         Box::new(e.annotate(bitwidth)),
    |                         ~~~~~~~~~~~~~~~~~~~~~~~~~~~~~~

error: `box_syntax` has been removed
   --> zopatract_core/src/static_analysis/propagation.rs:394:25
    |
394 |                         box UExpressionInner::Value(v).annotate(bitwidth),
    |                         ^^^^^^^^^^^^^^^^^^^^^^^^^^^^^^^^^^^^^^^^^^^^^^^^^
    |
help: use `Box::new()` instead
    |
394 |                         Box::new(UExpressionInner::Value(v).annotate(bitwidth)),
    |                         ~~~~~~~~~~~~~~~~~~~~~~~~~~~~~~~~~~~~~~~~~~~~~~~~~~~~~~~

error: `box_syntax` has been removed
   --> zopatract_core/src/static_analysis/propagation.rs:398:43
    |
398 | ...   UExpressionInner::Sub(box e1.annotate(bitwidth), box e2.annotate(...
    |                             ^^^^^^^^^^^^^^^^^^^^^^^^^
    |
help: use `Box::new()` instead
    |
398 |                     UExpressionInner::Sub(Box::new(e1.annotate(bitwidth)), box e2.annotate(bitwidth))
    |                                           ~~~~~~~~~~~~~~~~~~~~~~~~~~~~~~~

error: `box_syntax` has been removed
   --> zopatract_core/src/static_analysis/propagation.rs:398:70
    |
398 | ....annotate(bitwidth), box e2.annotate(bitwidth))
    |                         ^^^^^^^^^^^^^^^^^^^^^^^^^
    |
help: use `Box::new()` instead
    |
398 |                     UExpressionInner::Sub(box e1.annotate(bitwidth), Box::new(e2.annotate(bitwidth)))
    |                                                                      ~~~~~~~~~~~~~~~~~~~~~~~~~~~~~~~

error: `box_syntax` has been removed
   --> zopatract_core/src/static_analysis/propagation.rs:415:25
    |
415 |                         box e.annotate(bitwidth),
    |                         ^^^^^^^^^^^^^^^^^^^^^^^^
    |
help: use `Box::new()` instead
    |
415 |                         Box::new(e.annotate(bitwidth)),
    |                         ~~~~~~~~~~~~~~~~~~~~~~~~~~~~~~

error: `box_syntax` has been removed
   --> zopatract_core/src/static_analysis/propagation.rs:416:25
    |
416 |                         box UExpressionInner::Value(v).annotate(bitwidth),
    |                         ^^^^^^^^^^^^^^^^^^^^^^^^^^^^^^^^^^^^^^^^^^^^^^^^^
    |
help: use `Box::new()` instead
    |
416 |                         Box::new(UExpressionInner::Value(v).annotate(bitwidth)),
    |                         ~~~~~~~~~~~~~~~~~~~~~~~~~~~~~~~~~~~~~~~~~~~~~~~~~~~~~~~

error: `box_syntax` has been removed
   --> zopatract_core/src/static_analysis/propagation.rs:420:44
    |
420 | ...   UExpressionInner::Mult(box e1.annotate(bitwidth), box e2.annotate...
    |                              ^^^^^^^^^^^^^^^^^^^^^^^^^
    |
help: use `Box::new()` instead
    |
420 |                     UExpressionInner::Mult(Box::new(e1.annotate(bitwidth)), box e2.annotate(bitwidth))
    |                                            ~~~~~~~~~~~~~~~~~~~~~~~~~~~~~~~

error: `box_syntax` has been removed
   --> zopatract_core/src/static_analysis/propagation.rs:420:71
    |
420 | ....annotate(bitwidth), box e2.annotate(bitwidth))
    |                         ^^^^^^^^^^^^^^^^^^^^^^^^^
    |
help: use `Box::new()` instead
    |
420 |                     UExpressionInner::Mult(box e1.annotate(bitwidth), Box::new(e2.annotate(bitwidth)))
    |                                                                       ~~~~~~~~~~~~~~~~~~~~~~~~~~~~~~~

error: `box_syntax` has been removed
   --> zopatract_core/src/static_analysis/propagation.rs:436:25
    |
436 |                         box e.annotate(bitwidth),
    |                         ^^^^^^^^^^^^^^^^^^^^^^^^
    |
help: use `Box::new()` instead
    |
436 |                         Box::new(e.annotate(bitwidth)),
    |                         ~~~~~~~~~~~~~~~~~~~~~~~~~~~~~~

error: `box_syntax` has been removed
   --> zopatract_core/src/static_analysis/propagation.rs:437:25
    |
437 |                         box UExpressionInner::Value(v).annotate(bitwidth),
    |                         ^^^^^^^^^^^^^^^^^^^^^^^^^^^^^^^^^^^^^^^^^^^^^^^^^
    |
help: use `Box::new()` instead
    |
437 |                         Box::new(UExpressionInner::Value(v).annotate(bitwidth)),
    |                         ~~~~~~~~~~~~~~~~~~~~~~~~~~~~~~~~~~~~~~~~~~~~~~~~~~~~~~~

error: `box_syntax` has been removed
   --> zopatract_core/src/static_analysis/propagation.rs:441:43
    |
441 | ...   UExpressionInner::Div(box e1.annotate(bitwidth), box e2.annotate(...
    |                             ^^^^^^^^^^^^^^^^^^^^^^^^^
    |
help: use `Box::new()` instead
    |
441 |                     UExpressionInner::Div(Box::new(e1.annotate(bitwidth)), box e2.annotate(bitwidth))
    |                                           ~~~~~~~~~~~~~~~~~~~~~~~~~~~~~~~

error: `box_syntax` has been removed
   --> zopatract_core/src/static_analysis/propagation.rs:441:70
    |
441 | ....annotate(bitwidth), box e2.annotate(bitwidth))
    |                         ^^^^^^^^^^^^^^^^^^^^^^^^^
    |
help: use `Box::new()` instead
    |
441 |                     UExpressionInner::Div(box e1.annotate(bitwidth), Box::new(e2.annotate(bitwidth)))
    |                                                                      ~~~~~~~~~~~~~~~~~~~~~~~~~~~~~~~

error: `box_syntax` has been removed
   --> zopatract_core/src/static_analysis/propagation.rs:457:25
    |
457 |                         box e.annotate(bitwidth),
    |                         ^^^^^^^^^^^^^^^^^^^^^^^^
    |
help: use `Box::new()` instead
    |
457 |                         Box::new(e.annotate(bitwidth)),
    |                         ~~~~~~~~~~~~~~~~~~~~~~~~~~~~~~

error: `box_syntax` has been removed
   --> zopatract_core/src/static_analysis/propagation.rs:458:25
    |
458 |                         box UExpressionInner::Value(v).annotate(bitwidth),
    |                         ^^^^^^^^^^^^^^^^^^^^^^^^^^^^^^^^^^^^^^^^^^^^^^^^^
    |
help: use `Box::new()` instead
    |
458 |                         Box::new(UExpressionInner::Value(v).annotate(bitwidth)),
    |                         ~~~~~~~~~~~~~~~~~~~~~~~~~~~~~~~~~~~~~~~~~~~~~~~~~~~~~~~

error: `box_syntax` has been removed
   --> zopatract_core/src/static_analysis/propagation.rs:462:43
    |
462 | ...   UExpressionInner::Rem(box e1.annotate(bitwidth), box e2.annotate(...
    |                             ^^^^^^^^^^^^^^^^^^^^^^^^^
    |
help: use `Box::new()` instead
    |
462 |                     UExpressionInner::Rem(Box::new(e1.annotate(bitwidth)), box e2.annotate(bitwidth))
    |                                           ~~~~~~~~~~~~~~~~~~~~~~~~~~~~~~~

error: `box_syntax` has been removed
   --> zopatract_core/src/static_analysis/propagation.rs:462:70
    |
462 | ....annotate(bitwidth), box e2.annotate(bitwidth))
    |                         ^^^^^^^^^^^^^^^^^^^^^^^^^
    |
help: use `Box::new()` instead
    |
462 |                     UExpressionInner::Rem(box e1.annotate(bitwidth), Box::new(e2.annotate(bitwidth)))
    |                                                                      ~~~~~~~~~~~~~~~~~~~~~~~~~~~~~~~

error: `box_syntax` has been removed
   --> zopatract_core/src/static_analysis/propagation.rs:474:25
    |
474 |                         box e.annotate(bitwidth),
    |                         ^^^^^^^^^^^^^^^^^^^^^^^^
    |
help: use `Box::new()` instead
    |
474 |                         Box::new(e.annotate(bitwidth)),
    |                         ~~~~~~~~~~~~~~~~~~~~~~~~~~~~~~

error: `box_syntax` has been removed
   --> zopatract_core/src/static_analysis/propagation.rs:475:25
    |
475 |                         box FieldElementExpression::Number(by),
    |                         ^^^^^^^^^^^^^^^^^^^^^^^^^^^^^^^^^^^^^^
    |
help: use `Box::new()` instead
    |
475 |                         Box::new(FieldElementExpression::Number(by)),
    |                         ~~~~~~~~~~~~~~~~~~~~~~~~~~~~~~~~~~~~~~~~~~~~

error: `box_syntax` has been removed
   --> zopatract_core/src/static_analysis/propagation.rs:492:25
    |
492 |                         box e.annotate(bitwidth),
    |                         ^^^^^^^^^^^^^^^^^^^^^^^^
    |
help: use `Box::new()` instead
    |
492 |                         Box::new(e.annotate(bitwidth)),
    |                         ~~~~~~~~~~~~~~~~~~~~~~~~~~~~~~

error: `box_syntax` has been removed
   --> zopatract_core/src/static_analysis/propagation.rs:493:25
    |
493 |                         box FieldElementExpression::Number(by),
    |                         ^^^^^^^^^^^^^^^^^^^^^^^^^^^^^^^^^^^^^^
    |
help: use `Box::new()` instead
    |
493 |                         Box::new(FieldElementExpression::Number(by)),
    |                         ~~~~~~~~~~~~~~~~~~~~~~~~~~~~~~~~~~~~~~~~~~~~

error: `box_syntax` has been removed
   --> zopatract_core/src/static_analysis/propagation.rs:514:47
    |
514 | ...   UExpressionInner::Xor(box e1.annotate(bitwidth), box e2.annotate(...
    |                             ^^^^^^^^^^^^^^^^^^^^^^^^^
    |
help: use `Box::new()` instead
    |
514 |                         UExpressionInner::Xor(Box::new(e1.annotate(bitwidth)), box e2.annotate(bitwidth))
    |                                               ~~~~~~~~~~~~~~~~~~~~~~~~~~~~~~~

error: `box_syntax` has been removed
   --> zopatract_core/src/static_analysis/propagation.rs:514:74
    |
514 | ....annotate(bitwidth), box e2.annotate(bitwidth))
    |                         ^^^^^^^^^^^^^^^^^^^^^^^^^
    |
help: use `Box::new()` instead
    |
514 |                         UExpressionInner::Xor(box e1.annotate(bitwidth), Box::new(e2.annotate(bitwidth)))
    |                                                                          ~~~~~~~~~~~~~~~~~~~~~~~~~~~~~~~

error: `box_syntax` has been removed
   --> zopatract_core/src/static_analysis/propagation.rs:529:43
    |
529 | ...   UExpressionInner::And(box e1.annotate(bitwidth), box e2.annotate(...
    |                             ^^^^^^^^^^^^^^^^^^^^^^^^^
    |
help: use `Box::new()` instead
    |
529 |                     UExpressionInner::And(Box::new(e1.annotate(bitwidth)), box e2.annotate(bitwidth))
    |                                           ~~~~~~~~~~~~~~~~~~~~~~~~~~~~~~~

error: `box_syntax` has been removed
   --> zopatract_core/src/static_analysis/propagation.rs:529:70
    |
529 | ....annotate(bitwidth), box e2.annotate(bitwidth))
    |                         ^^^^^^^^^^^^^^^^^^^^^^^^^
    |
help: use `Box::new()` instead
    |
529 |                     UExpressionInner::And(box e1.annotate(bitwidth), Box::new(e2.annotate(bitwidth)))
    |                                                                      ~~~~~~~~~~~~~~~~~~~~~~~~~~~~~~~

error: `box_syntax` has been removed
   --> zopatract_core/src/static_analysis/propagation.rs:538:51
    |
538 | ...   c => UExpressionInner::IfElse(box c, box consequence, box alterna...
    |                                     ^^^^^
    |
help: use `Box::new()` instead
    |
538 |                     c => UExpressionInner::IfElse(Box::new(c), box consequence, box alternative),
    |                                                   ~~~~~~~~~~~

error: `box_syntax` has been removed
   --> zopatract_core/src/static_analysis/propagation.rs:538:58
    |
538 | ...   c => UExpressionInner::IfElse(box c, box consequence, box alterna...
    |                                            ^^^^^^^^^^^^^^^
    |
help: use `Box::new()` instead
    |
538 |                     c => UExpressionInner::IfElse(box c, Box::new(consequence), box alternative),
    |                                                          ~~~~~~~~~~~~~~~~~~~~~

error: `box_syntax` has been removed
   --> zopatract_core/src/static_analysis/propagation.rs:538:75
    |
538 | ...e(box c, box consequence, box alternative),
    |                              ^^^^^^^^^^^^^^^
    |
help: use `Box::new()` instead
    |
538 |                     c => UExpressionInner::IfElse(box c, box consequence, Box::new(alternative)),
    |                                                                           ~~~~~~~~~~~~~~~~~~~~~

error: `box_syntax` has been removed
   --> zopatract_core/src/static_analysis/propagation.rs:545:48
    |
545 |                     e => UExpressionInner::Not(box e.annotate(bitwidth)),
    |                                                ^^^^^^^^^^^^^^^^^^^^^^^^
    |
help: use `Box::new()` instead
    |
545 |                     e => UExpressionInner::Not(Box::new(e.annotate(bitwidth))),
    |                                                ~~~~~~~~~~~~~~~~~~~~~~~~~~~~~~

error: `box_syntax` has been removed
   --> zopatract_core/src/static_analysis/propagation.rs:571:29
    |
571 | / ...                   box TypedAssignee::Identifier(Variable::array(
572 | | ...                       id.clone(),
573 | | ...                       inner_type.clone(),
574 | | ...                       size,
575 | | ...                   )),
    | |________________________^
    |
help: use `Box::new()` instead
    |
571 ~                             Box::new(TypedAssignee::Identifier(Variable::array(
572 +                                 id.clone(),
573 +                                 inner_type.clone(),
574 +                                 size,
575 ~                             ))),
    |

error: `box_syntax` has been removed
   --> zopatract_core/src/static_analysis/propagation.rs:576:29
    |
576 | ...   box FieldElementExpression::Number(n.clone()).into(),
    |       ^^^^^^^^^^^^^^^^^^^^^^^^^^^^^^^^^^^^^^^^^^^^^^^^^^^^
    |
help: use `Box::new()` instead
    |
576 |                             Box::new(FieldElementExpression::Number(n.clone()).into()),
    |                             ~~~~~~~~~~~~~~~~~~~~~~~~~~~~~~~~~~~~~~~~~~~~~~~~~~~~~~~~~~

error: `box_syntax` has been removed
   --> zopatract_core/src/static_analysis/propagation.rs:583:33
    |
583 | ...   box ArrayExpressionInner::Identifier(id).annotate(inner_type, size),
    |       ^^^^^^^^^^^^^^^^^^^^^^^^^^^^^^^^^^^^^^^^^^^^^^^^^^^^^^^^^^^^^^^^^^^
    |
help: use `Box::new()` instead
    |
583 |                                 Box::new(ArrayExpressionInner::Identifier(id).annotate(inner_type, size)),
    |                                 ~~~~~~~~~~~~~~~~~~~~~~~~~~~~~~~~~~~~~~~~~~~~~~~~~~~~~~~~~~~~~~~~~~~~~~~~~

error: `box_syntax` has been removed
   --> zopatract_core/src/static_analysis/propagation.rs:584:33
    |
584 | ...                   box FieldElementExpression::Number(n),
    |                       ^^^^^^^^^^^^^^^^^^^^^^^^^^^^^^^^^^^^^
    |
help: use `Box::new()` instead
    |
584 |                                 Box::new(FieldElementExpression::Number(n)),
    |                                 ~~~~~~~~~~~~~~~~~~~~~~~~~~~~~~~~~~~~~~~~~~~

error: `box_syntax` has been removed
   --> zopatract_core/src/static_analysis/propagation.rs:588:56
    |
588 | ...sionInner::Select(box a.annotate(inner_type, size), box i),
    |                      ^^^^^^^^^^^^^^^^^^^^^^^^^^^^^^^^
    |
help: use `Box::new()` instead
    |
588 |                     (a, i) => UExpressionInner::Select(Box::new(a.annotate(inner_type, size)), box i),
    |                                                        ~~~~~~~~~~~~~~~~~~~~~~~~~~~~~~~~~~~~~~

error: `box_syntax` has been removed
   --> zopatract_core/src/static_analysis/propagation.rs:588:90
    |
588 | ... a.annotate(inner_type, size), box i),
    |                                   ^^^^^
    |
help: use `Box::new()` instead
    |
588 |                     (a, i) => UExpressionInner::Select(box a.annotate(inner_type, size), Box::new(i)),
    |                                                                                          ~~~~~~~~~~~

error: `box_syntax` has been removed
   --> zopatract_core/src/static_analysis/propagation.rs:633:57
    |
633 |                 (e1, e2) => FieldElementExpression::Add(box e1, box e2),
    |                                                         ^^^^^^
    |
help: use `Box::new()` instead
    |
633 |                 (e1, e2) => FieldElementExpression::Add(Box::new(e1), box e2),
    |                                                         ~~~~~~~~~~~~

error: `box_syntax` has been removed
   --> zopatract_core/src/static_analysis/propagation.rs:633:65
    |
633 |                 (e1, e2) => FieldElementExpression::Add(box e1, box e2),
    |                                                                 ^^^^^^
    |
help: use `Box::new()` instead
    |
633 |                 (e1, e2) => FieldElementExpression::Add(box e1, Box::new(e2)),
    |                                                                 ~~~~~~~~~~~~

error: `box_syntax` has been removed
   --> zopatract_core/src/static_analysis/propagation.rs:642:57
    |
642 |                 (e1, e2) => FieldElementExpression::Sub(box e1, box e2),
    |                                                         ^^^^^^
    |
help: use `Box::new()` instead
    |
642 |                 (e1, e2) => FieldElementExpression::Sub(Box::new(e1), box e2),
    |                                                         ~~~~~~~~~~~~

error: `box_syntax` has been removed
   --> zopatract_core/src/static_analysis/propagation.rs:642:65
    |
642 |                 (e1, e2) => FieldElementExpression::Sub(box e1, box e2),
    |                                                                 ^^^^^^
    |
help: use `Box::new()` instead
    |
642 |                 (e1, e2) => FieldElementExpression::Sub(box e1, Box::new(e2)),
    |                                                                 ~~~~~~~~~~~~

error: `box_syntax` has been removed
   --> zopatract_core/src/static_analysis/propagation.rs:651:58
    |
651 |                 (e1, e2) => FieldElementExpression::Mult(box e1, box e2),
    |                                                          ^^^^^^
    |
help: use `Box::new()` instead
    |
651 |                 (e1, e2) => FieldElementExpression::Mult(Box::new(e1), box e2),
    |                                                          ~~~~~~~~~~~~

error: `box_syntax` has been removed
   --> zopatract_core/src/static_analysis/propagation.rs:651:66
    |
651 |                 (e1, e2) => FieldElementExpression::Mult(box e1, box e2),
    |                                                                  ^^^^^^
    |
help: use `Box::new()` instead
    |
651 |                 (e1, e2) => FieldElementExpression::Mult(box e1, Box::new(e2)),
    |                                                                  ~~~~~~~~~~~~

error: `box_syntax` has been removed
   --> zopatract_core/src/static_analysis/propagation.rs:660:57
    |
660 |                 (e1, e2) => FieldElementExpression::Div(box e1, box e2),
    |                                                         ^^^^^^
    |
help: use `Box::new()` instead
    |
660 |                 (e1, e2) => FieldElementExpression::Div(Box::new(e1), box e2),
    |                                                         ~~~~~~~~~~~~

error: `box_syntax` has been removed
   --> zopatract_core/src/static_analysis/propagation.rs:660:65
    |
660 |                 (e1, e2) => FieldElementExpression::Div(box e1, box e2),
    |                                                                 ^^^^^^
    |
help: use `Box::new()` instead
    |
660 |                 (e1, e2) => FieldElementExpression::Div(box e1, Box::new(e2)),
    |                                                                 ~~~~~~~~~~~~

error: `box_syntax` has been removed
   --> zopatract_core/src/static_analysis/propagation.rs:673:53
    |
673 | ...   FieldElementExpression::Pow(box e1, box FieldElementExpression::N...
    |                                   ^^^^^^
    |
help: use `Box::new()` instead
    |
673 |                         FieldElementExpression::Pow(Box::new(e1), box FieldElementExpression::Number(n2))
    |                                                     ~~~~~~~~~~~~

error: `box_syntax` has been removed
   --> zopatract_core/src/static_analysis/propagation.rs:673:61
    |
673 | ...n::Pow(box e1, box FieldElementExpression::Number(n2))
    |                   ^^^^^^^^^^^^^^^^^^^^^^^^^^^^^^^^^^^^^^
    |
help: use `Box::new()` instead
    |
673 |                         FieldElementExpression::Pow(box e1, Box::new(FieldElementExpression::Number(n2)))
    |                                                             ~~~~~~~~~~~~~~~~~~~~~~~~~~~~~~~~~~~~~~~~~~~~

error: `box_syntax` has been removed
   --> zopatract_core/src/static_analysis/propagation.rs:687:57
    |
687 | ...   c => FieldElementExpression::IfElse(box c, box consequence, box a...
    |                                           ^^^^^
    |
help: use `Box::new()` instead
    |
687 |                     c => FieldElementExpression::IfElse(Box::new(c), box consequence, box alternative),
    |                                                         ~~~~~~~~~~~

error: `box_syntax` has been removed
   --> zopatract_core/src/static_analysis/propagation.rs:687:64
    |
687 | ...   c => FieldElementExpression::IfElse(box c, box consequence, box a...
    |                                                  ^^^^^^^^^^^^^^^
    |
help: use `Box::new()` instead
    |
687 |                     c => FieldElementExpression::IfElse(box c, Box::new(consequence), box alternative),
    |                                                                ~~~~~~~~~~~~~~~~~~~~~

error: `box_syntax` has been removed
   --> zopatract_core/src/static_analysis/propagation.rs:687:81
    |
687 | ...e(box c, box consequence, box alternative),
    |                              ^^^^^^^^^^^^^^^
    |
help: use `Box::new()` instead
    |
687 |                     c => FieldElementExpression::IfElse(box c, box consequence, Box::new(alternative)),
    |                                                                                 ~~~~~~~~~~~~~~~~~~~~~

error: `box_syntax` has been removed
   --> zopatract_core/src/static_analysis/propagation.rs:711:29
    |
711 | / ...                   box TypedAssignee::Identifier(Variable::array(
712 | | ...                       id.clone(),
713 | | ...                       inner_type.clone(),
714 | | ...                       size,
715 | | ...                   )),
    | |________________________^
    |
help: use `Box::new()` instead
    |
711 ~                             Box::new(TypedAssignee::Identifier(Variable::array(
712 +                                 id.clone(),
713 +                                 inner_type.clone(),
714 +                                 size,
715 ~                             ))),
    |

error: `box_syntax` has been removed
   --> zopatract_core/src/static_analysis/propagation.rs:716:29
    |
716 | ...   box FieldElementExpression::Number(n.clone()).into(),
    |       ^^^^^^^^^^^^^^^^^^^^^^^^^^^^^^^^^^^^^^^^^^^^^^^^^^^^
    |
help: use `Box::new()` instead
    |
716 |                             Box::new(FieldElementExpression::Number(n.clone()).into()),
    |                             ~~~~~~~~~~~~~~~~~~~~~~~~~~~~~~~~~~~~~~~~~~~~~~~~~~~~~~~~~~

error: `box_syntax` has been removed
   --> zopatract_core/src/static_analysis/propagation.rs:723:33
    |
723 | ...   box ArrayExpressionInner::Identifier(id).annotate(inner_type, size),
    |       ^^^^^^^^^^^^^^^^^^^^^^^^^^^^^^^^^^^^^^^^^^^^^^^^^^^^^^^^^^^^^^^^^^^
    |
help: use `Box::new()` instead
    |
723 |                                 Box::new(ArrayExpressionInner::Identifier(id).annotate(inner_type, size)),
    |                                 ~~~~~~~~~~~~~~~~~~~~~~~~~~~~~~~~~~~~~~~~~~~~~~~~~~~~~~~~~~~~~~~~~~~~~~~~~

error: `box_syntax` has been removed
   --> zopatract_core/src/static_analysis/propagation.rs:724:33
    |
724 | ...                   box FieldElementExpression::Number(n),
    |                       ^^^^^^^^^^^^^^^^^^^^^^^^^^^^^^^^^^^^^
    |
help: use `Box::new()` instead
    |
724 |                                 Box::new(FieldElementExpression::Number(n)),
    |                                 ~~~~~~~~~~~~~~~~~~~~~~~~~~~~~~~~~~~~~~~~~~~

error: `box_syntax` has been removed
   --> zopatract_core/src/static_analysis/propagation.rs:729:56
    |
729 | ...xpression::Select(box a.annotate(inner_type, size), box i)
    |                      ^^^^^^^^^^^^^^^^^^^^^^^^^^^^^^^^
    |
help: use `Box::new()` instead
    |
729 |                         FieldElementExpression::Select(Box::new(a.annotate(inner_type, size)), box i)
    |                                                        ~~~~~~~~~~~~~~~~~~~~~~~~~~~~~~~~~~~~~~

error: `box_syntax` has been removed
   --> zopatract_core/src/static_analysis/propagation.rs:729:90
    |
729 | ... a.annotate(inner_type, size), box i)
    |                                   ^^^^^
    |
help: use `Box::new()` instead
    |
729 |                         FieldElementExpression::Select(box a.annotate(inner_type, size), Box::new(i))
    |                                                                                          ~~~~~~~~~~~

error: `box_syntax` has been removed
   --> zopatract_core/src/static_analysis/propagation.rs:754:61
    |
754 | ...tExpression::Member(box inner.annotate(members), m),
    |                        ^^^^^^^^^^^^^^^^^^^^^^^^^^^
    |
help: use `Box::new()` instead
    |
754 |                     inner => FieldElementExpression::Member(Box::new(inner.annotate(members)), m),
    |                                                             ~~~~~~~~~~~~~~~~~~~~~~~~~~~~~~~~~

error: `box_syntax` has been removed
   --> zopatract_core/src/static_analysis/propagation.rs:813:29
    |
813 | / ...                   box TypedAssignee::Identifier(Variable::array(
814 | | ...                       id.clone(),
815 | | ...                       inner_type.clone(),
816 | | ...                       size,
817 | | ...                   )),
    | |________________________^
    |
help: use `Box::new()` instead
    |
813 ~                             Box::new(TypedAssignee::Identifier(Variable::array(
814 +                                 id.clone(),
815 +                                 inner_type.clone(),
816 +                                 size,
817 ~                             ))),
    |

error: `box_syntax` has been removed
   --> zopatract_core/src/static_analysis/propagation.rs:818:29
    |
818 | ...   box FieldElementExpression::Number(n.clone()).into(),
    |       ^^^^^^^^^^^^^^^^^^^^^^^^^^^^^^^^^^^^^^^^^^^^^^^^^^^^
    |
help: use `Box::new()` instead
    |
818 |                             Box::new(FieldElementExpression::Number(n.clone()).into()),
    |                             ~~~~~~~~~~~~~~~~~~~~~~~~~~~~~~~~~~~~~~~~~~~~~~~~~~~~~~~~~~

error: `box_syntax` has been removed
   --> zopatract_core/src/static_analysis/propagation.rs:825:33
    |
825 | ...   box ArrayExpressionInner::Identifier(id).annotate(inner_type, size),
    |       ^^^^^^^^^^^^^^^^^^^^^^^^^^^^^^^^^^^^^^^^^^^^^^^^^^^^^^^^^^^^^^^^^^^
    |
help: use `Box::new()` instead
    |
825 |                                 Box::new(ArrayExpressionInner::Identifier(id).annotate(inner_type, size)),
    |                                 ~~~~~~~~~~~~~~~~~~~~~~~~~~~~~~~~~~~~~~~~~~~~~~~~~~~~~~~~~~~~~~~~~~~~~~~~~

error: `box_syntax` has been removed
   --> zopatract_core/src/static_analysis/propagation.rs:826:33
    |
826 | ...                   box FieldElementExpression::Number(n),
    |                       ^^^^^^^^^^^^^^^^^^^^^^^^^^^^^^^^^^^^^
    |
help: use `Box::new()` instead
    |
826 |                                 Box::new(FieldElementExpression::Number(n)),
    |                                 ~~~~~~~~~~~~~~~~~~~~~~~~~~~~~~~~~~~~~~~~~~~

error: `box_syntax` has been removed
   --> zopatract_core/src/static_analysis/propagation.rs:830:60
    |
830 | ...sionInner::Select(box a.annotate(inner_type, size), box i),
    |                      ^^^^^^^^^^^^^^^^^^^^^^^^^^^^^^^^
    |
help: use `Box::new()` instead
    |
830 |                     (a, i) => ArrayExpressionInner::Select(Box::new(a.annotate(inner_type, size)), box i),
    |                                                            ~~~~~~~~~~~~~~~~~~~~~~~~~~~~~~~~~~~~~~

error: `box_syntax` has been removed
   --> zopatract_core/src/static_analysis/propagation.rs:830:94
    |
830 | ... a.annotate(inner_type, size), box i),
    |                                   ^^^^^
    |
help: use `Box::new()` instead
    |
830 |                     (a, i) => ArrayExpressionInner::Select(box a.annotate(inner_type, size), Box::new(i)),
    |                                                                                              ~~~~~~~~~~~

error: `box_syntax` has been removed
   --> zopatract_core/src/static_analysis/propagation.rs:839:55
    |
839 | ...   c => ArrayExpressionInner::IfElse(box c, box consequence, box alt...
    |                                         ^^^^^
    |
help: use `Box::new()` instead
    |
839 |                     c => ArrayExpressionInner::IfElse(Box::new(c), box consequence, box alternative),
    |                                                       ~~~~~~~~~~~

error: `box_syntax` has been removed
   --> zopatract_core/src/static_analysis/propagation.rs:839:62
    |
839 | ...   c => ArrayExpressionInner::IfElse(box c, box consequence, box alt...
    |                                                ^^^^^^^^^^^^^^^
    |
help: use `Box::new()` instead
    |
839 |                     c => ArrayExpressionInner::IfElse(box c, Box::new(consequence), box alternative),
    |                                                              ~~~~~~~~~~~~~~~~~~~~~

error: `box_syntax` has been removed
   --> zopatract_core/src/static_analysis/propagation.rs:839:79
    |
839 | ...e(box c, box consequence, box alternative),
    |                              ^^^^^^^^^^^^^^^
    |
help: use `Box::new()` instead
    |
839 |                     c => ArrayExpressionInner::IfElse(box c, box consequence, Box::new(alternative)),
    |                                                                               ~~~~~~~~~~~~~~~~~~~~~

error: `box_syntax` has been removed
   --> zopatract_core/src/static_analysis/propagation.rs:863:59
    |
863 | ...essionInner::Member(box inner.annotate(members), m),
    |                        ^^^^^^^^^^^^^^^^^^^^^^^^^^^
    |
help: use `Box::new()` instead
    |
863 |                     inner => ArrayExpressionInner::Member(Box::new(inner.annotate(members)), m),
    |                                                           ~~~~~~~~~~~~~~~~~~~~~~~~~~~~~~~~~

error: `box_syntax` has been removed
   --> zopatract_core/src/static_analysis/propagation.rs:925:29
    |
925 | / ...                   box TypedAssignee::Identifier(Variable::array(
926 | | ...                       id.clone(),
927 | | ...                       inner_type.clone(),
928 | | ...                       size,
929 | | ...                   )),
    | |________________________^
    |
help: use `Box::new()` instead
    |
925 ~                             Box::new(TypedAssignee::Identifier(Variable::array(
926 +                                 id.clone(),
927 +                                 inner_type.clone(),
928 +                                 size,
929 ~                             ))),
    |

error: `box_syntax` has been removed
   --> zopatract_core/src/static_analysis/propagation.rs:930:29
    |
930 | ...   box FieldElementExpression::Number(n.clone()).into(),
    |       ^^^^^^^^^^^^^^^^^^^^^^^^^^^^^^^^^^^^^^^^^^^^^^^^^^^^
    |
help: use `Box::new()` instead
    |
930 |                             Box::new(FieldElementExpression::Number(n.clone()).into()),
    |                             ~~~~~~~~~~~~~~~~~~~~~~~~~~~~~~~~~~~~~~~~~~~~~~~~~~~~~~~~~~

error: `box_syntax` has been removed
   --> zopatract_core/src/static_analysis/propagation.rs:937:33
    |
937 | ...   box ArrayExpressionInner::Identifier(id).annotate(inner_type, size),
    |       ^^^^^^^^^^^^^^^^^^^^^^^^^^^^^^^^^^^^^^^^^^^^^^^^^^^^^^^^^^^^^^^^^^^
    |
help: use `Box::new()` instead
    |
937 |                                 Box::new(ArrayExpressionInner::Identifier(id).annotate(inner_type, size)),
    |                                 ~~~~~~~~~~~~~~~~~~~~~~~~~~~~~~~~~~~~~~~~~~~~~~~~~~~~~~~~~~~~~~~~~~~~~~~~~

error: `box_syntax` has been removed
   --> zopatract_core/src/static_analysis/propagation.rs:938:33
    |
938 | ...                   box FieldElementExpression::Number(n),
    |                       ^^^^^^^^^^^^^^^^^^^^^^^^^^^^^^^^^^^^^
    |
help: use `Box::new()` instead
    |
938 |                                 Box::new(FieldElementExpression::Number(n)),
    |                                 ~~~~~~~~~~~~~~~~~~~~~~~~~~~~~~~~~~~~~~~~~~~

error: `box_syntax` has been removed
   --> zopatract_core/src/static_analysis/propagation.rs:943:55
    |
943 | ...   StructExpressionInner::Select(box a.annotate(inner_type, size), b...
    |                                     ^^^^^^^^^^^^^^^^^^^^^^^^^^^^^^^^
    |
help: use `Box::new()` instead
    |
943 |                         StructExpressionInner::Select(Box::new(a.annotate(inner_type, size)), box i)
    |                                                       ~~~~~~~~~~~~~~~~~~~~~~~~~~~~~~~~~~~~~~

error: `box_syntax` has been removed
   --> zopatract_core/src/static_analysis/propagation.rs:943:89
    |
943 | ... a.annotate(inner_type, size), box i)
    |                                   ^^^^^
    |
help: use `Box::new()` instead
    |
943 |                         StructExpressionInner::Select(box a.annotate(inner_type, size), Box::new(i))
    |                                                                                         ~~~~~~~~~~~

error: `box_syntax` has been removed
   --> zopatract_core/src/static_analysis/propagation.rs:953:56
    |
953 | ...   c => StructExpressionInner::IfElse(box c, box consequence, box al...
    |                                          ^^^^^
    |
help: use `Box::new()` instead
    |
953 |                     c => StructExpressionInner::IfElse(Box::new(c), box consequence, box alternative),
    |                                                        ~~~~~~~~~~~

error: `box_syntax` has been removed
   --> zopatract_core/src/static_analysis/propagation.rs:953:63
    |
953 | ...   c => StructExpressionInner::IfElse(box c, box consequence, box al...
    |                                                 ^^^^^^^^^^^^^^^
    |
help: use `Box::new()` instead
    |
953 |                     c => StructExpressionInner::IfElse(box c, Box::new(consequence), box alternative),
    |                                                               ~~~~~~~~~~~~~~~~~~~~~

error: `box_syntax` has been removed
   --> zopatract_core/src/static_analysis/propagation.rs:953:80
    |
953 | ...e(box c, box consequence, box alternative),
    |                              ^^^^^^^^^^^^^^^
    |
help: use `Box::new()` instead
    |
953 |                     c => StructExpressionInner::IfElse(box c, box consequence, Box::new(alternative)),
    |                                                                                ~~~~~~~~~~~~~~~~~~~~~

error: `box_syntax` has been removed
   --> zopatract_core/src/static_analysis/propagation.rs:977:60
    |
977 | ...essionInner::Member(box inner.annotate(members), m),
    |                        ^^^^^^^^^^^^^^^^^^^^^^^^^^^
    |
help: use `Box::new()` instead
    |
977 |                     inner => StructExpressionInner::Member(Box::new(inner.annotate(members)), m),
    |                                                            ~~~~~~~~~~~~~~~~~~~~~~~~~~~~~~~~~

error: `box_syntax` has been removed
    --> zopatract_core/src/static_analysis/propagation.rs:1023:60
     |
1023 | ...   (e1, e2) => BooleanExpression::FieldEq(box e1, box e2),
     |                                              ^^^^^^
     |
help: use `Box::new()` instead
     |
1023 |                     (e1, e2) => BooleanExpression::FieldEq(Box::new(e1), box e2),
     |                                                            ~~~~~~~~~~~~

error: `box_syntax` has been removed
    --> zopatract_core/src/static_analysis/propagation.rs:1023:68
     |
1023 | ...   (e1, e2) => BooleanExpression::FieldEq(box e1, box e2),
     |                                                      ^^^^^^
     |
help: use `Box::new()` instead
     |
1023 |                     (e1, e2) => BooleanExpression::FieldEq(box e1, Box::new(e2)),
     |                                                                    ~~~~~~~~~~~~

error: `box_syntax` has been removed
    --> zopatract_core/src/static_analysis/propagation.rs:1034:59
     |
1034 | ...   (e1, e2) => BooleanExpression::BoolEq(box e1, box e2),
     |                                             ^^^^^^
     |
help: use `Box::new()` instead
     |
1034 |                     (e1, e2) => BooleanExpression::BoolEq(Box::new(e1), box e2),
     |                                                           ~~~~~~~~~~~~

error: `box_syntax` has been removed
    --> zopatract_core/src/static_analysis/propagation.rs:1034:67
     |
1034 | ...   (e1, e2) => BooleanExpression::BoolEq(box e1, box e2),
     |                                                     ^^^^^^
     |
help: use `Box::new()` instead
     |
1034 |                     (e1, e2) => BooleanExpression::BoolEq(box e1, Box::new(e2)),
     |                                                                   ~~~~~~~~~~~~

error: `box_syntax` has been removed
    --> zopatract_core/src/static_analysis/propagation.rs:1045:55
     |
1045 |                     (e1, e2) => BooleanExpression::Lt(box e1, box e2),
     |                                                       ^^^^^^
     |
help: use `Box::new()` instead
     |
1045 |                     (e1, e2) => BooleanExpression::Lt(Box::new(e1), box e2),
     |                                                       ~~~~~~~~~~~~

error: `box_syntax` has been removed
    --> zopatract_core/src/static_analysis/propagation.rs:1045:63
     |
1045 |                     (e1, e2) => BooleanExpression::Lt(box e1, box e2),
     |                                                               ^^^^^^
     |
help: use `Box::new()` instead
     |
1045 |                     (e1, e2) => BooleanExpression::Lt(box e1, Box::new(e2)),
     |                                                               ~~~~~~~~~~~~

error: `box_syntax` has been removed
    --> zopatract_core/src/static_analysis/propagation.rs:1056:55
     |
1056 |                     (e1, e2) => BooleanExpression::Le(box e1, box e2),
     |                                                       ^^^^^^
     |
help: use `Box::new()` instead
     |
1056 |                     (e1, e2) => BooleanExpression::Le(Box::new(e1), box e2),
     |                                                       ~~~~~~~~~~~~

error: `box_syntax` has been removed
    --> zopatract_core/src/static_analysis/propagation.rs:1056:63
     |
1056 |                     (e1, e2) => BooleanExpression::Le(box e1, box e2),
     |                                                               ^^^^^^
     |
help: use `Box::new()` instead
     |
1056 |                     (e1, e2) => BooleanExpression::Le(box e1, Box::new(e2)),
     |                                                               ~~~~~~~~~~~~

error: `box_syntax` has been removed
    --> zopatract_core/src/static_analysis/propagation.rs:1067:55
     |
1067 |                     (e1, e2) => BooleanExpression::Gt(box e1, box e2),
     |                                                       ^^^^^^
     |
help: use `Box::new()` instead
     |
1067 |                     (e1, e2) => BooleanExpression::Gt(Box::new(e1), box e2),
     |                                                       ~~~~~~~~~~~~

error: `box_syntax` has been removed
    --> zopatract_core/src/static_analysis/propagation.rs:1067:63
     |
1067 |                     (e1, e2) => BooleanExpression::Gt(box e1, box e2),
     |                                                               ^^^^^^
     |
help: use `Box::new()` instead
     |
1067 |                     (e1, e2) => BooleanExpression::Gt(box e1, Box::new(e2)),
     |                                                               ~~~~~~~~~~~~

error: `box_syntax` has been removed
    --> zopatract_core/src/static_analysis/propagation.rs:1078:55
     |
1078 |                     (e1, e2) => BooleanExpression::Ge(box e1, box e2),
     |                                                       ^^^^^^
     |
help: use `Box::new()` instead
     |
1078 |                     (e1, e2) => BooleanExpression::Ge(Box::new(e1), box e2),
     |                                                       ~~~~~~~~~~~~

error: `box_syntax` has been removed
    --> zopatract_core/src/static_analysis/propagation.rs:1078:63
     |
1078 |                     (e1, e2) => BooleanExpression::Ge(box e1, box e2),
     |                                                               ^^^^^^
     |
help: use `Box::new()` instead
     |
1078 |                     (e1, e2) => BooleanExpression::Ge(box e1, Box::new(e2)),
     |                                                               ~~~~~~~~~~~~

error: `box_syntax` has been removed
    --> zopatract_core/src/static_analysis/propagation.rs:1098:55
     |
1098 |                     (e1, e2) => BooleanExpression::Or(box e1, box e2),
     |                                                       ^^^^^^
     |
help: use `Box::new()` instead
     |
1098 |                     (e1, e2) => BooleanExpression::Or(Box::new(e1), box e2),
     |                                                       ~~~~~~~~~~~~

error: `box_syntax` has been removed
    --> zopatract_core/src/static_analysis/propagation.rs:1098:63
     |
1098 |                     (e1, e2) => BooleanExpression::Or(box e1, box e2),
     |                                                               ^^^^^^
     |
help: use `Box::new()` instead
     |
1098 |                     (e1, e2) => BooleanExpression::Or(box e1, Box::new(e2)),
     |                                                               ~~~~~~~~~~~~

error: `box_syntax` has been removed
    --> zopatract_core/src/static_analysis/propagation.rs:1116:56
     |
1116 |                     (e1, e2) => BooleanExpression::And(box e1, box e2),
     |                                                        ^^^^^^
     |
help: use `Box::new()` instead
     |
1116 |                     (e1, e2) => BooleanExpression::And(Box::new(e1), box e2),
     |                                                        ~~~~~~~~~~~~

error: `box_syntax` has been removed
    --> zopatract_core/src/static_analysis/propagation.rs:1116:64
     |
1116 |                     (e1, e2) => BooleanExpression::And(box e1, box e2),
     |                                                                ^^^^^^
     |
help: use `Box::new()` instead
     |
1116 |                     (e1, e2) => BooleanExpression::And(box e1, Box::new(e2)),
     |                                                                ~~~~~~~~~~~~

error: `box_syntax` has been removed
    --> zopatract_core/src/static_analysis/propagation.rs:1123:49
     |
1123 |                     e => BooleanExpression::Not(box e),
     |                                                 ^^^^^
     |
help: use `Box::new()` instead
     |
1123 |                     e => BooleanExpression::Not(Box::new(e)),
     |                                                 ~~~~~~~~~~~

error: `box_syntax` has been removed
    --> zopatract_core/src/static_analysis/propagation.rs:1132:52
     |
1132 | ...   c => BooleanExpression::IfElse(box c, box consequence, box alter...
     |                                      ^^^^^
     |
help: use `Box::new()` instead
     |
1132 |                     c => BooleanExpression::IfElse(Box::new(c), box consequence, box alternative),
     |                                                    ~~~~~~~~~~~

error: `box_syntax` has been removed
    --> zopatract_core/src/static_analysis/propagation.rs:1132:59
     |
1132 | ...   c => BooleanExpression::IfElse(box c, box consequence, box alter...
     |                                             ^^^^^^^^^^^^^^^
     |
help: use `Box::new()` instead
     |
1132 |                     c => BooleanExpression::IfElse(box c, Box::new(consequence), box alternative),
     |                                                           ~~~~~~~~~~~~~~~~~~~~~

error: `box_syntax` has been removed
    --> zopatract_core/src/static_analysis/propagation.rs:1132:76
     |
1132 | ...e(box c, box consequence, box alternative),
     |                              ^^^^^^^^^^^^^^^
     |
help: use `Box::new()` instead
     |
1132 |                     c => BooleanExpression::IfElse(box c, box consequence, Box::new(alternative)),
     |                                                                            ~~~~~~~~~~~~~~~~~~~~~

error: `box_syntax` has been removed
    --> zopatract_core/src/static_analysis/propagation.rs:1156:29
     |
1156 | / ...                   box TypedAssignee::Identifier(Variable::array(
1157 | | ...                       id.clone(),
1158 | | ...                       inner_type.clone(),
1159 | | ...                       size,
1160 | | ...                   )),
     | |________________________^
     |
help: use `Box::new()` instead
     |
1156 ~                             Box::new(TypedAssignee::Identifier(Variable::array(
1157 +                                 id.clone(),
1158 +                                 inner_type.clone(),
1159 +                                 size,
1160 ~                             ))),
     |

error: `box_syntax` has been removed
    --> zopatract_core/src/static_analysis/propagation.rs:1161:29
     |
1161 | ...   box FieldElementExpression::Number(n.clone()).into(),
     |       ^^^^^^^^^^^^^^^^^^^^^^^^^^^^^^^^^^^^^^^^^^^^^^^^^^^^
     |
help: use `Box::new()` instead
     |
1161 |                             Box::new(FieldElementExpression::Number(n.clone()).into()),
     |                             ~~~~~~~~~~~~~~~~~~~~~~~~~~~~~~~~~~~~~~~~~~~~~~~~~~~~~~~~~~

error: `box_syntax` has been removed
    --> zopatract_core/src/static_analysis/propagation.rs:1168:33
     |
1168 | ...   box ArrayExpressionInner::Identifier(id).annotate(inner_type, siz...
     |       ^^^^^^^^^^^^^^^^^^^^^^^^^^^^^^^^^^^^^^^^^^^^^^^^^^^^^^^^^^^^^^^^^^^
     |
help: use `Box::new()` instead
     |
1168 |                                 Box::new(ArrayExpressionInner::Identifier(id).annotate(inner_type, size)),
     |                                 ~~~~~~~~~~~~~~~~~~~~~~~~~~~~~~~~~~~~~~~~~~~~~~~~~~~~~~~~~~~~~~~~~~~~~~~~~

error: `box_syntax` has been removed
    --> zopatract_core/src/static_analysis/propagation.rs:1169:33
     |
1169 | ...                   box FieldElementExpression::Number(n),
     |                       ^^^^^^^^^^^^^^^^^^^^^^^^^^^^^^^^^^^^^
     |
help: use `Box::new()` instead
     |
1169 |                                 Box::new(FieldElementExpression::Number(n)),
     |                                 ~~~~~~~~~~~~~~~~~~~~~~~~~~~~~~~~~~~~~~~~~~~

error: `box_syntax` has been removed
    --> zopatract_core/src/static_analysis/propagation.rs:1173:57
     |
1173 | ...pression::Select(box a.annotate(inner_type, size), box i),
     |                     ^^^^^^^^^^^^^^^^^^^^^^^^^^^^^^^^
     |
help: use `Box::new()` instead
     |
1173 |                     (a, i) => BooleanExpression::Select(Box::new(a.annotate(inner_type, size)), box i),
     |                                                         ~~~~~~~~~~~~~~~~~~~~~~~~~~~~~~~~~~~~~~

error: `box_syntax` has been removed
    --> zopatract_core/src/static_analysis/propagation.rs:1173:91
     |
1173 | ... a.annotate(inner_type, size), box i),
     |                                   ^^^^^
     |
help: use `Box::new()` instead
     |
1173 |                     (a, i) => BooleanExpression::Select(box a.annotate(inner_type, size), Box::new(i)),
     |                                                                                           ~~~~~~~~~~~

error: `box_syntax` has been removed
    --> zopatract_core/src/static_analysis/propagation.rs:1197:56
     |
1197 | ...nExpression::Member(box inner.annotate(members), m),
     |                        ^^^^^^^^^^^^^^^^^^^^^^^^^^^
     |
help: use `Box::new()` instead
     |
1197 |                     inner => BooleanExpression::Member(Box::new(inner.annotate(members)), m),
     |                                                        ~~~~~~~~~~~~~~~~~~~~~~~~~~~~~~~~~

error: `box_syntax` has been removed
    --> zopatract_core/src/static_analysis/propagation.rs:1228:21
     |
1228 | ...   box FieldElementExpression::Number(Bn128Field::from(2)),
     |       ^^^^^^^^^^^^^^^^^^^^^^^^^^^^^^^^^^^^^^^^^^^^^^^^^^^^^^^
     |
help: use `Box::new()` instead
     |
1228 |                     Box::new(FieldElementExpression::Number(Bn128Field::from(2))),
     |                     ~~~~~~~~~~~~~~~~~~~~~~~~~~~~~~~~~~~~~~~~~~~~~~~~~~~~~~~~~~~~~

error: `box_syntax` has been removed
    --> zopatract_core/src/static_analysis/propagation.rs:1229:21
     |
1229 | ...   box FieldElementExpression::Number(Bn128Field::from(3)),
     |       ^^^^^^^^^^^^^^^^^^^^^^^^^^^^^^^^^^^^^^^^^^^^^^^^^^^^^^^
     |
help: use `Box::new()` instead
     |
1229 |                     Box::new(FieldElementExpression::Number(Bn128Field::from(3))),
     |                     ~~~~~~~~~~~~~~~~~~~~~~~~~~~~~~~~~~~~~~~~~~~~~~~~~~~~~~~~~~~~~

error: `box_syntax` has been removed
    --> zopatract_core/src/static_analysis/propagation.rs:1241:21
     |
1241 | ...   box FieldElementExpression::Number(Bn128Field::from(3)),
     |       ^^^^^^^^^^^^^^^^^^^^^^^^^^^^^^^^^^^^^^^^^^^^^^^^^^^^^^^
     |
help: use `Box::new()` instead
     |
1241 |                     Box::new(FieldElementExpression::Number(Bn128Field::from(3))),
     |                     ~~~~~~~~~~~~~~~~~~~~~~~~~~~~~~~~~~~~~~~~~~~~~~~~~~~~~~~~~~~~~

error: `box_syntax` has been removed
    --> zopatract_core/src/static_analysis/propagation.rs:1242:21
     |
1242 | ...   box FieldElementExpression::Number(Bn128Field::from(2)),
     |       ^^^^^^^^^^^^^^^^^^^^^^^^^^^^^^^^^^^^^^^^^^^^^^^^^^^^^^^
     |
help: use `Box::new()` instead
     |
1242 |                     Box::new(FieldElementExpression::Number(Bn128Field::from(2))),
     |                     ~~~~~~~~~~~~~~~~~~~~~~~~~~~~~~~~~~~~~~~~~~~~~~~~~~~~~~~~~~~~~

error: `box_syntax` has been removed
    --> zopatract_core/src/static_analysis/propagation.rs:1254:21
     |
1254 | ...   box FieldElementExpression::Number(Bn128Field::from(3)),
     |       ^^^^^^^^^^^^^^^^^^^^^^^^^^^^^^^^^^^^^^^^^^^^^^^^^^^^^^^
     |
help: use `Box::new()` instead
     |
1254 |                     Box::new(FieldElementExpression::Number(Bn128Field::from(3))),
     |                     ~~~~~~~~~~~~~~~~~~~~~~~~~~~~~~~~~~~~~~~~~~~~~~~~~~~~~~~~~~~~~

error: `box_syntax` has been removed
    --> zopatract_core/src/static_analysis/propagation.rs:1255:21
     |
1255 | ...   box FieldElementExpression::Number(Bn128Field::from(2)),
     |       ^^^^^^^^^^^^^^^^^^^^^^^^^^^^^^^^^^^^^^^^^^^^^^^^^^^^^^^
     |
help: use `Box::new()` instead
     |
1255 |                     Box::new(FieldElementExpression::Number(Bn128Field::from(2))),
     |                     ~~~~~~~~~~~~~~~~~~~~~~~~~~~~~~~~~~~~~~~~~~~~~~~~~~~~~~~~~~~~~

error: `box_syntax` has been removed
    --> zopatract_core/src/static_analysis/propagation.rs:1267:21
     |
1267 | ...   box FieldElementExpression::Number(Bn128Field::from(6)),
     |       ^^^^^^^^^^^^^^^^^^^^^^^^^^^^^^^^^^^^^^^^^^^^^^^^^^^^^^^
     |
help: use `Box::new()` instead
     |
1267 |                     Box::new(FieldElementExpression::Number(Bn128Field::from(6))),
     |                     ~~~~~~~~~~~~~~~~~~~~~~~~~~~~~~~~~~~~~~~~~~~~~~~~~~~~~~~~~~~~~

error: `box_syntax` has been removed
    --> zopatract_core/src/static_analysis/propagation.rs:1268:21
     |
1268 | ...   box FieldElementExpression::Number(Bn128Field::from(2)),
     |       ^^^^^^^^^^^^^^^^^^^^^^^^^^^^^^^^^^^^^^^^^^^^^^^^^^^^^^^
     |
help: use `Box::new()` instead
     |
1268 |                     Box::new(FieldElementExpression::Number(Bn128Field::from(2))),
     |                     ~~~~~~~~~~~~~~~~~~~~~~~~~~~~~~~~~~~~~~~~~~~~~~~~~~~~~~~~~~~~~

error: `box_syntax` has been removed
    --> zopatract_core/src/static_analysis/propagation.rs:1280:21
     |
1280 | ...   box FieldElementExpression::Number(Bn128Field::from(2)),
     |       ^^^^^^^^^^^^^^^^^^^^^^^^^^^^^^^^^^^^^^^^^^^^^^^^^^^^^^^
     |
help: use `Box::new()` instead
     |
1280 |                     Box::new(FieldElementExpression::Number(Bn128Field::from(2))),
     |                     ~~~~~~~~~~~~~~~~~~~~~~~~~~~~~~~~~~~~~~~~~~~~~~~~~~~~~~~~~~~~~

error: `box_syntax` has been removed
    --> zopatract_core/src/static_analysis/propagation.rs:1281:21
     |
1281 | ...   box FieldElementExpression::Number(Bn128Field::from(3)),
     |       ^^^^^^^^^^^^^^^^^^^^^^^^^^^^^^^^^^^^^^^^^^^^^^^^^^^^^^^
     |
help: use `Box::new()` instead
     |
1281 |                     Box::new(FieldElementExpression::Number(Bn128Field::from(3))),
     |                     ~~~~~~~~~~~~~~~~~~~~~~~~~~~~~~~~~~~~~~~~~~~~~~~~~~~~~~~~~~~~~

error: `box_syntax` has been removed
    --> zopatract_core/src/static_analysis/propagation.rs:1293:21
     |
1293 |                     box BooleanExpression::Value(true),
     |                     ^^^^^^^^^^^^^^^^^^^^^^^^^^^^^^^^^^
     |
help: use `Box::new()` instead
     |
1293 |                     Box::new(BooleanExpression::Value(true)),
     |                     ~~~~~~~~~~~~~~~~~~~~~~~~~~~~~~~~~~~~~~~~

error: `box_syntax` has been removed
    --> zopatract_core/src/static_analysis/propagation.rs:1294:21
     |
1294 | ...   box FieldElementExpression::Number(Bn128Field::from(2)),
     |       ^^^^^^^^^^^^^^^^^^^^^^^^^^^^^^^^^^^^^^^^^^^^^^^^^^^^^^^
     |
help: use `Box::new()` instead
     |
1294 |                     Box::new(FieldElementExpression::Number(Bn128Field::from(2))),
     |                     ~~~~~~~~~~~~~~~~~~~~~~~~~~~~~~~~~~~~~~~~~~~~~~~~~~~~~~~~~~~~~

error: `box_syntax` has been removed
    --> zopatract_core/src/static_analysis/propagation.rs:1295:21
     |
1295 | ...   box FieldElementExpression::Number(Bn128Field::from(3)),
     |       ^^^^^^^^^^^^^^^^^^^^^^^^^^^^^^^^^^^^^^^^^^^^^^^^^^^^^^^
     |
help: use `Box::new()` instead
     |
1295 |                     Box::new(FieldElementExpression::Number(Bn128Field::from(3))),
     |                     ~~~~~~~~~~~~~~~~~~~~~~~~~~~~~~~~~~~~~~~~~~~~~~~~~~~~~~~~~~~~~

error: `box_syntax` has been removed
    --> zopatract_core/src/static_analysis/propagation.rs:1307:21
     |
1307 |                     box BooleanExpression::Value(false),
     |                     ^^^^^^^^^^^^^^^^^^^^^^^^^^^^^^^^^^^
     |
help: use `Box::new()` instead
     |
1307 |                     Box::new(BooleanExpression::Value(false)),
     |                     ~~~~~~~~~~~~~~~~~~~~~~~~~~~~~~~~~~~~~~~~~

error: `box_syntax` has been removed
    --> zopatract_core/src/static_analysis/propagation.rs:1308:21
     |
1308 | ...   box FieldElementExpression::Number(Bn128Field::from(2)),
     |       ^^^^^^^^^^^^^^^^^^^^^^^^^^^^^^^^^^^^^^^^^^^^^^^^^^^^^^^
     |
help: use `Box::new()` instead
     |
1308 |                     Box::new(FieldElementExpression::Number(Bn128Field::from(2))),
     |                     ~~~~~~~~~~~~~~~~~~~~~~~~~~~~~~~~~~~~~~~~~~~~~~~~~~~~~~~~~~~~~

error: `box_syntax` has been removed
    --> zopatract_core/src/static_analysis/propagation.rs:1309:21
     |
1309 | ...   box FieldElementExpression::Number(Bn128Field::from(3)),
     |       ^^^^^^^^^^^^^^^^^^^^^^^^^^^^^^^^^^^^^^^^^^^^^^^^^^^^^^^
     |
help: use `Box::new()` instead
     |
1309 |                     Box::new(FieldElementExpression::Number(Bn128Field::from(3))),
     |                     ~~~~~~~~~~~~~~~~~~~~~~~~~~~~~~~~~~~~~~~~~~~~~~~~~~~~~~~~~~~~~

error: `box_syntax` has been removed
    --> zopatract_core/src/static_analysis/propagation.rs:1321:21
     |
1321 | / ...   box ArrayExpressionInner::Value(vec![
1322 | | ...       FieldElementExpression::Number(Bn128Field::from(1)).into(),
1323 | | ...       FieldElementExpression::Number(Bn128Field::from(2)).into(),
1324 | | ...       FieldElementExpression::Number(Bn128Field::from(3)).into(),
1325 | | ...   ])
1326 | | ...   .annotate(Type::FieldElement, 3),
     | |______________________________________^
     |
help: use `Box::new()` instead
     |
1321 ~                     Box::new(ArrayExpressionInner::Value(vec![
1322 +                         FieldElementExpression::Number(Bn128Field::from(1)).into(),
1323 +                         FieldElementExpression::Number(Bn128Field::from(2)).into(),
1324 +                         FieldElementExpression::Number(Bn128Field::from(3)).into(),
1325 +                     ])
1326 ~                     .annotate(Type::FieldElement, 3)),
     |

error: `box_syntax` has been removed
    --> zopatract_core/src/static_analysis/propagation.rs:1328:25
     |
1328 | ...   box FieldElementExpression::Number(Bn128Field::from(1)),
     |       ^^^^^^^^^^^^^^^^^^^^^^^^^^^^^^^^^^^^^^^^^^^^^^^^^^^^^^^
     |
help: use `Box::new()` instead
     |
1328 |                         Box::new(FieldElementExpression::Number(Bn128Field::from(1))),
     |                         ~~~~~~~~~~~~~~~~~~~~~~~~~~~~~~~~~~~~~~~~~~~~~~~~~~~~~~~~~~~~~

error: `box_syntax` has been removed
    --> zopatract_core/src/static_analysis/propagation.rs:1329:25
     |
1329 | ...   box FieldElementExpression::Number(Bn128Field::from(1)),
     |       ^^^^^^^^^^^^^^^^^^^^^^^^^^^^^^^^^^^^^^^^^^^^^^^^^^^^^^^
     |
help: use `Box::new()` instead
     |
1329 |                         Box::new(FieldElementExpression::Number(Bn128Field::from(1))),
     |                         ~~~~~~~~~~~~~~~~~~~~~~~~~~~~~~~~~~~~~~~~~~~~~~~~~~~~~~~~~~~~~

error: `box_syntax` has been removed
    --> zopatract_core/src/static_analysis/propagation.rs:1327:21
     |
1327 | / ...   box FieldElementExpression::Add(
1328 | | ...       box FieldElementExpression::Number(Bn128Field::from(1)),
1329 | | ...       box FieldElementExpression::Number(Bn128Field::from(1)),
1330 | | ...   ),
     | |_______^
     |
help: use `Box::new()` instead
     |
1327 ~                     Box::new(FieldElementExpression::Add(
1328 +                         box FieldElementExpression::Number(Bn128Field::from(1)),
1329 +                         box FieldElementExpression::Number(Bn128Field::from(1)),
1330 ~                     )),
     |

error: `box_syntax` has been removed
    --> zopatract_core/src/static_analysis/propagation.rs:1347:44
     |
1347 | ...   BooleanExpression::Not(box BooleanExpression::Value(false));
     |                              ^^^^^^^^^^^^^^^^^^^^^^^^^^^^^^^^^^^
     |
help: use `Box::new()` instead
     |
1347 |                     BooleanExpression::Not(Box::new(BooleanExpression::Value(false)));
     |                                            ~~~~~~~~~~~~~~~~~~~~~~~~~~~~~~~~~~~~~~~~~

error: `box_syntax` has been removed
    --> zopatract_core/src/static_analysis/propagation.rs:1350:44
     |
1350 | ...   BooleanExpression::Not(box BooleanExpression::Value(true));
     |                              ^^^^^^^^^^^^^^^^^^^^^^^^^^^^^^^^^^
     |
help: use `Box::new()` instead
     |
1350 |                     BooleanExpression::Not(Box::new(BooleanExpression::Value(true)));
     |                                            ~~~~~~~~~~~~~~~~~~~~~~~~~~~~~~~~~~~~~~~~

error: `box_syntax` has been removed
    --> zopatract_core/src/static_analysis/propagation.rs:1353:44
     |
1353 | ...ssion::Not(box BooleanExpression::Identifier("a".into()));
     |               ^^^^^^^^^^^^^^^^^^^^^^^^^^^^^^^^^^^^^^^^^^^^^
     |
help: use `Box::new()` instead
     |
1353 |                     BooleanExpression::Not(Box::new(BooleanExpression::Identifier("a".into())));
     |                                            ~~~~~~~~~~~~~~~~~~~~~~~~~~~~~~~~~~~~~~~~~~~~~~~~~~~

error: `box_syntax` has been removed
    --> zopatract_core/src/static_analysis/propagation.rs:1372:21
     |
1372 | ...   box FieldElementExpression::Number(Bn128Field::from(2)),
     |       ^^^^^^^^^^^^^^^^^^^^^^^^^^^^^^^^^^^^^^^^^^^^^^^^^^^^^^^
     |
help: use `Box::new()` instead
     |
1372 |                     Box::new(FieldElementExpression::Number(Bn128Field::from(2))),
     |                     ~~~~~~~~~~~~~~~~~~~~~~~~~~~~~~~~~~~~~~~~~~~~~~~~~~~~~~~~~~~~~

error: `box_syntax` has been removed
    --> zopatract_core/src/static_analysis/propagation.rs:1373:21
     |
1373 | ...   box FieldElementExpression::Number(Bn128Field::from(2)),
     |       ^^^^^^^^^^^^^^^^^^^^^^^^^^^^^^^^^^^^^^^^^^^^^^^^^^^^^^^
     |
help: use `Box::new()` instead
     |
1373 |                     Box::new(FieldElementExpression::Number(Bn128Field::from(2))),
     |                     ~~~~~~~~~~~~~~~~~~~~~~~~~~~~~~~~~~~~~~~~~~~~~~~~~~~~~~~~~~~~~

error: `box_syntax` has been removed
    --> zopatract_core/src/static_analysis/propagation.rs:1377:21
     |
1377 | ...   box FieldElementExpression::Number(Bn128Field::from(4)),
     |       ^^^^^^^^^^^^^^^^^^^^^^^^^^^^^^^^^^^^^^^^^^^^^^^^^^^^^^^
     |
help: use `Box::new()` instead
     |
1377 |                     Box::new(FieldElementExpression::Number(Bn128Field::from(4))),
     |                     ~~~~~~~~~~~~~~~~~~~~~~~~~~~~~~~~~~~~~~~~~~~~~~~~~~~~~~~~~~~~~

error: `box_syntax` has been removed
    --> zopatract_core/src/static_analysis/propagation.rs:1378:21
     |
1378 | ...   box FieldElementExpression::Number(Bn128Field::from(2)),
     |       ^^^^^^^^^^^^^^^^^^^^^^^^^^^^^^^^^^^^^^^^^^^^^^^^^^^^^^^
     |
help: use `Box::new()` instead
     |
1378 |                     Box::new(FieldElementExpression::Number(Bn128Field::from(2))),
     |                     ~~~~~~~~~~~~~~~~~~~~~~~~~~~~~~~~~~~~~~~~~~~~~~~~~~~~~~~~~~~~~

error: `box_syntax` has been removed
    --> zopatract_core/src/static_analysis/propagation.rs:1437:21
     |
1437 | ...   box FieldElementExpression::Number(Bn128Field::from(2)),
     |       ^^^^^^^^^^^^^^^^^^^^^^^^^^^^^^^^^^^^^^^^^^^^^^^^^^^^^^^
     |
help: use `Box::new()` instead
     |
1437 |                     Box::new(FieldElementExpression::Number(Bn128Field::from(2))),
     |                     ~~~~~~~~~~~~~~~~~~~~~~~~~~~~~~~~~~~~~~~~~~~~~~~~~~~~~~~~~~~~~

error: `box_syntax` has been removed
    --> zopatract_core/src/static_analysis/propagation.rs:1438:21
     |
1438 | ...   box FieldElementExpression::Number(Bn128Field::from(4)),
     |       ^^^^^^^^^^^^^^^^^^^^^^^^^^^^^^^^^^^^^^^^^^^^^^^^^^^^^^^
     |
help: use `Box::new()` instead
     |
1438 |                     Box::new(FieldElementExpression::Number(Bn128Field::from(4))),
     |                     ~~~~~~~~~~~~~~~~~~~~~~~~~~~~~~~~~~~~~~~~~~~~~~~~~~~~~~~~~~~~~

error: `box_syntax` has been removed
    --> zopatract_core/src/static_analysis/propagation.rs:1442:21
     |
1442 | ...   box FieldElementExpression::Number(Bn128Field::from(4)),
     |       ^^^^^^^^^^^^^^^^^^^^^^^^^^^^^^^^^^^^^^^^^^^^^^^^^^^^^^^
     |
help: use `Box::new()` instead
     |
1442 |                     Box::new(FieldElementExpression::Number(Bn128Field::from(4))),
     |                     ~~~~~~~~~~~~~~~~~~~~~~~~~~~~~~~~~~~~~~~~~~~~~~~~~~~~~~~~~~~~~

error: `box_syntax` has been removed
    --> zopatract_core/src/static_analysis/propagation.rs:1443:21
     |
1443 | ...   box FieldElementExpression::Number(Bn128Field::from(2)),
     |       ^^^^^^^^^^^^^^^^^^^^^^^^^^^^^^^^^^^^^^^^^^^^^^^^^^^^^^^
     |
help: use `Box::new()` instead
     |
1443 |                     Box::new(FieldElementExpression::Number(Bn128Field::from(2))),
     |                     ~~~~~~~~~~~~~~~~~~~~~~~~~~~~~~~~~~~~~~~~~~~~~~~~~~~~~~~~~~~~~

error: `box_syntax` has been removed
    --> zopatract_core/src/static_analysis/propagation.rs:1459:21
     |
1459 | ...   box FieldElementExpression::Number(Bn128Field::from(2)),
     |       ^^^^^^^^^^^^^^^^^^^^^^^^^^^^^^^^^^^^^^^^^^^^^^^^^^^^^^^
     |
help: use `Box::new()` instead
     |
1459 |                     Box::new(FieldElementExpression::Number(Bn128Field::from(2))),
     |                     ~~~~~~~~~~~~~~~~~~~~~~~~~~~~~~~~~~~~~~~~~~~~~~~~~~~~~~~~~~~~~

error: `box_syntax` has been removed
    --> zopatract_core/src/static_analysis/propagation.rs:1460:21
     |
1460 | ...   box FieldElementExpression::Number(Bn128Field::from(2)),
     |       ^^^^^^^^^^^^^^^^^^^^^^^^^^^^^^^^^^^^^^^^^^^^^^^^^^^^^^^
     |
help: use `Box::new()` instead
     |
1460 |                     Box::new(FieldElementExpression::Number(Bn128Field::from(2))),
     |                     ~~~~~~~~~~~~~~~~~~~~~~~~~~~~~~~~~~~~~~~~~~~~~~~~~~~~~~~~~~~~~

error: `box_syntax` has been removed
    --> zopatract_core/src/static_analysis/propagation.rs:1464:21
     |
1464 | ...   box FieldElementExpression::Number(Bn128Field::from(4)),
     |       ^^^^^^^^^^^^^^^^^^^^^^^^^^^^^^^^^^^^^^^^^^^^^^^^^^^^^^^
     |
help: use `Box::new()` instead
     |
1464 |                     Box::new(FieldElementExpression::Number(Bn128Field::from(4))),
     |                     ~~~~~~~~~~~~~~~~~~~~~~~~~~~~~~~~~~~~~~~~~~~~~~~~~~~~~~~~~~~~~

error: `box_syntax` has been removed
    --> zopatract_core/src/static_analysis/propagation.rs:1465:21
     |
1465 | ...   box FieldElementExpression::Number(Bn128Field::from(2)),
     |       ^^^^^^^^^^^^^^^^^^^^^^^^^^^^^^^^^^^^^^^^^^^^^^^^^^^^^^^
     |
help: use `Box::new()` instead
     |
1465 |                     Box::new(FieldElementExpression::Number(Bn128Field::from(2))),
     |                     ~~~~~~~~~~~~~~~~~~~~~~~~~~~~~~~~~~~~~~~~~~~~~~~~~~~~~~~~~~~~~

error: `box_syntax` has been removed
    --> zopatract_core/src/static_analysis/propagation.rs:1481:21
     |
1481 | ...   box FieldElementExpression::Number(Bn128Field::from(5)),
     |       ^^^^^^^^^^^^^^^^^^^^^^^^^^^^^^^^^^^^^^^^^^^^^^^^^^^^^^^
     |
help: use `Box::new()` instead
     |
1481 |                     Box::new(FieldElementExpression::Number(Bn128Field::from(5))),
     |                     ~~~~~~~~~~~~~~~~~~~~~~~~~~~~~~~~~~~~~~~~~~~~~~~~~~~~~~~~~~~~~

error: `box_syntax` has been removed
    --> zopatract_core/src/static_analysis/propagation.rs:1482:21
     |
1482 | ...   box FieldElementExpression::Number(Bn128Field::from(4)),
     |       ^^^^^^^^^^^^^^^^^^^^^^^^^^^^^^^^^^^^^^^^^^^^^^^^^^^^^^^
     |
help: use `Box::new()` instead
     |
1482 |                     Box::new(FieldElementExpression::Number(Bn128Field::from(4))),
     |                     ~~~~~~~~~~~~~~~~~~~~~~~~~~~~~~~~~~~~~~~~~~~~~~~~~~~~~~~~~~~~~

error: `box_syntax` has been removed
    --> zopatract_core/src/static_analysis/propagation.rs:1486:21
     |
1486 | ...   box FieldElementExpression::Number(Bn128Field::from(4)),
     |       ^^^^^^^^^^^^^^^^^^^^^^^^^^^^^^^^^^^^^^^^^^^^^^^^^^^^^^^
     |
help: use `Box::new()` instead
     |
1486 |                     Box::new(FieldElementExpression::Number(Bn128Field::from(4))),
     |                     ~~~~~~~~~~~~~~~~~~~~~~~~~~~~~~~~~~~~~~~~~~~~~~~~~~~~~~~~~~~~~

error: `box_syntax` has been removed
    --> zopatract_core/src/static_analysis/propagation.rs:1487:21
     |
1487 | ...   box FieldElementExpression::Number(Bn128Field::from(5)),
     |       ^^^^^^^^^^^^^^^^^^^^^^^^^^^^^^^^^^^^^^^^^^^^^^^^^^^^^^^
     |
help: use `Box::new()` instead
     |
1487 |                     Box::new(FieldElementExpression::Number(Bn128Field::from(5))),
     |                     ~~~~~~~~~~~~~~~~~~~~~~~~~~~~~~~~~~~~~~~~~~~~~~~~~~~~~~~~~~~~~

error: `box_syntax` has been removed
    --> zopatract_core/src/static_analysis/propagation.rs:1503:21
     |
1503 | ...   box FieldElementExpression::Number(Bn128Field::from(5)),
     |       ^^^^^^^^^^^^^^^^^^^^^^^^^^^^^^^^^^^^^^^^^^^^^^^^^^^^^^^
     |
help: use `Box::new()` instead
     |
1503 |                     Box::new(FieldElementExpression::Number(Bn128Field::from(5))),
     |                     ~~~~~~~~~~~~~~~~~~~~~~~~~~~~~~~~~~~~~~~~~~~~~~~~~~~~~~~~~~~~~

error: `box_syntax` has been removed
    --> zopatract_core/src/static_analysis/propagation.rs:1504:21
     |
1504 | ...   box FieldElementExpression::Number(Bn128Field::from(5)),
     |       ^^^^^^^^^^^^^^^^^^^^^^^^^^^^^^^^^^^^^^^^^^^^^^^^^^^^^^^
     |
help: use `Box::new()` instead
     |
1504 |                     Box::new(FieldElementExpression::Number(Bn128Field::from(5))),
     |                     ~~~~~~~~~~~~~~~~~~~~~~~~~~~~~~~~~~~~~~~~~~~~~~~~~~~~~~~~~~~~~

error: `box_syntax` has been removed
    --> zopatract_core/src/static_analysis/propagation.rs:1508:21
     |
1508 | ...   box FieldElementExpression::Number(Bn128Field::from(4)),
     |       ^^^^^^^^^^^^^^^^^^^^^^^^^^^^^^^^^^^^^^^^^^^^^^^^^^^^^^^
     |
help: use `Box::new()` instead
     |
1508 |                     Box::new(FieldElementExpression::Number(Bn128Field::from(4))),
     |                     ~~~~~~~~~~~~~~~~~~~~~~~~~~~~~~~~~~~~~~~~~~~~~~~~~~~~~~~~~~~~~

error: `box_syntax` has been removed
    --> zopatract_core/src/static_analysis/propagation.rs:1509:21
     |
1509 | ...   box FieldElementExpression::Number(Bn128Field::from(5)),
     |       ^^^^^^^^^^^^^^^^^^^^^^^^^^^^^^^^^^^^^^^^^^^^^^^^^^^^^^^
     |
help: use `Box::new()` instead
     |
1509 |                     Box::new(FieldElementExpression::Number(Bn128Field::from(5))),
     |                     ~~~~~~~~~~~~~~~~~~~~~~~~~~~~~~~~~~~~~~~~~~~~~~~~~~~~~~~~~~~~~

error: `box_syntax` has been removed
  --> zopatract_core/src/static_analysis/uint_optimizer.rs:68:43
   |
68 |                 BooleanExpression::UintEq(box left, box right)
   |                                           ^^^^^^^^
   |
help: use `Box::new()` instead
   |
68 |                 BooleanExpression::UintEq(Box::new(left), box right)
   |                                           ~~~~~~~~~~~~~~

error: `box_syntax` has been removed
  --> zopatract_core/src/static_analysis/uint_optimizer.rs:68:53
   |
68 |                 BooleanExpression::UintEq(box left, box right)
   |                                                     ^^^^^^^^^
   |
help: use `Box::new()` instead
   |
68 |                 BooleanExpression::UintEq(box left, Box::new(right))
   |                                                     ~~~~~~~~~~~~~~~

error: `box_syntax` has been removed
   --> zopatract_core/src/static_analysis/uint_optimizer.rs:278:39
    |
278 |                 UExpressionInner::Not(box force_reduce(e))
    |                                       ^^^^^^^^^^^^^^^^^^^
    |
help: use `Box::new()` instead
    |
278 |                 UExpressionInner::Not(Box::new(force_reduce(e)))
    |                                       ~~~~~~~~~~~~~~~~~~~~~~~~~

error: `box_syntax` has been removed
  --> zopatract_core/src/static_analysis/unroll.rs:89:37
   |
89 | ...                   box head.clone(),
   |                       ^^^^^^^^^^^^^^^^
   |
help: use `Box::new()` instead
   |
89 |                                     Box::new(head.clone()),
   |                                     ~~~~~~~~~~~~~~~~~~~~~~

error: `box_syntax` has been removed
  --> zopatract_core/src/static_analysis/unroll.rs:90:37
   |
90 | ...                   box FieldElementExpression::Number(T::from(size)),
   |                       ^^^^^^^^^^^^^^^^^^^^^^^^^^^^^^^^^^^^^^^^^^^^^^^^^
   |
help: use `Box::new()` instead
   |
90 |                                     Box::new(FieldElementExpression::Number(T::from(size))),
   |                                     ~~~~~~~~~~~~~~~~~~~~~~~~~~~~~~~~~~~~~~~~~~~~~~~~~~~~~~~

error: `box_syntax` has been removed
   --> zopatract_core/src/static_analysis/unroll.rs:100:49
    |
100 | ...                   box FieldElementExpression::Number(T::from(i)),
    |                       ^^^^^^^^^^^^^^^^^^^^^^^^^^^^^^^^^^^^^^^^^^^^^^
    |
help: use `Box::new()` instead
    |
100 |                                                 Box::new(FieldElementExpression::Number(T::from(i))),
    |                                                 ~~~~~~~~~~~~~~~~~~~~~~~~~~~~~~~~~~~~~~~~~~~~~~~~~~~~

error: `box_syntax` has been removed
   --> zopatract_core/src/static_analysis/unroll.rs:101:49
    |
101 | ...                   box head.clone(),
    |                       ^^^^^^^^^^^^^^^^
    |
help: use `Box::new()` instead
    |
101 |                                                 Box::new(head.clone()),
    |                                                 ~~~~~~~~~~~~~~~~~~~~~~

error: `box_syntax` has been removed
   --> zopatract_core/src/static_analysis/unroll.rs:127:49
    |
127 | ...                   box FieldElementExpression::Number(T::from(i)),
    |                       ^^^^^^^^^^^^^^^^^^^^^^^^^^^^^^^^^^^^^^^^^^^^^^
    |
help: use `Box::new()` instead
    |
127 |                                                 Box::new(FieldElementExpression::Number(T::from(i))),
    |                                                 ~~~~~~~~~~~~~~~~~~~~~~~~~~~~~~~~~~~~~~~~~~~~~~~~~~~~

error: `box_syntax` has been removed
   --> zopatract_core/src/static_analysis/unroll.rs:128:49
    |
128 | ...                   box head.clone(),
    |                       ^^^^^^^^^^^^^^^^
    |
help: use `Box::new()` instead
    |
128 |                                                 Box::new(head.clone()),
    |                                                 ~~~~~~~~~~~~~~~~~~~~~~

error: `box_syntax` has been removed
   --> zopatract_core/src/static_analysis/unroll.rs:154:49
    |
154 | ...                   box FieldElementExpression::Number(T::from(i)),
    |                       ^^^^^^^^^^^^^^^^^^^^^^^^^^^^^^^^^^^^^^^^^^^^^^
    |
help: use `Box::new()` instead
    |
154 |                                                 Box::new(FieldElementExpression::Number(T::from(i))),
    |                                                 ~~~~~~~~~~~~~~~~~~~~~~~~~~~~~~~~~~~~~~~~~~~~~~~~~~~~

error: `box_syntax` has been removed
   --> zopatract_core/src/static_analysis/unroll.rs:155:49
    |
155 | ...                   box head.clone(),
    |                       ^^^^^^^^^^^^^^^^
    |
help: use `Box::new()` instead
    |
155 |                                                 Box::new(head.clone()),
    |                                                 ~~~~~~~~~~~~~~~~~~~~~~

error: `box_syntax` has been removed
   --> zopatract_core/src/static_analysis/unroll.rs:181:49
    |
181 | ...                   box FieldElementExpression::Number(T::from(i)),
    |                       ^^^^^^^^^^^^^^^^^^^^^^^^^^^^^^^^^^^^^^^^^^^^^^
    |
help: use `Box::new()` instead
    |
181 |                                                 Box::new(FieldElementExpression::Number(T::from(i))),
    |                                                 ~~~~~~~~~~~~~~~~~~~~~~~~~~~~~~~~~~~~~~~~~~~~~~~~~~~~

error: `box_syntax` has been removed
   --> zopatract_core/src/static_analysis/unroll.rs:182:49
    |
182 | ...                   box head.clone(),
    |                       ^^^^^^^^^^^^^^^^
    |
help: use `Box::new()` instead
    |
182 |                                                 Box::new(head.clone()),
    |                                                 ~~~~~~~~~~~~~~~~~~~~~~

error: `box_syntax` has been removed
   --> zopatract_core/src/static_analysis/unroll.rs:208:49
    |
208 | ...                   box FieldElementExpression::Number(T::from(i)),
    |                       ^^^^^^^^^^^^^^^^^^^^^^^^^^^^^^^^^^^^^^^^^^^^^^
    |
help: use `Box::new()` instead
    |
208 |                                                 Box::new(FieldElementExpression::Number(T::from(i))),
    |                                                 ~~~~~~~~~~~~~~~~~~~~~~~~~~~~~~~~~~~~~~~~~~~~~~~~~~~~

error: `box_syntax` has been removed
   --> zopatract_core/src/static_analysis/unroll.rs:209:49
    |
209 | ...                   box head.clone(),
    |                       ^^^^^^^^^^^^^^^^
    |
help: use `Box::new()` instead
    |
209 |                                                 Box::new(head.clone()),
    |                                                 ~~~~~~~~~~~~~~~~~~~~~~

error: `box_syntax` has been removed
   --> zopatract_core/src/static_analysis/unroll.rs:955:21
    |
955 |                     box FieldElementExpression::Identifier("a".into()),
    |                     ^^^^^^^^^^^^^^^^^^^^^^^^^^^^^^^^^^^^^^^^^^^^^^^^^^
    |
help: use `Box::new()` instead
    |
955 |                     Box::new(FieldElementExpression::Identifier("a".into())),
    |                     ~~~~~~~~~~~~~~~~~~~~~~~~~~~~~~~~~~~~~~~~~~~~~~~~~~~~~~~~

error: `box_syntax` has been removed
   --> zopatract_core/src/static_analysis/unroll.rs:956:21
    |
956 | ...   box FieldElementExpression::Number(Bn128Field::from(1)),
    |       ^^^^^^^^^^^^^^^^^^^^^^^^^^^^^^^^^^^^^^^^^^^^^^^^^^^^^^^
    |
help: use `Box::new()` instead
    |
956 |                     Box::new(FieldElementExpression::Number(Bn128Field::from(1))),
    |                     ~~~~~~~~~~~~~~~~~~~~~~~~~~~~~~~~~~~~~~~~~~~~~~~~~~~~~~~~~~~~~

error: `box_syntax` has been removed
    --> zopatract_core/src/static_analysis/unroll.rs:1082:21
     |
1082 | ...   box TypedAssignee::Identifier(Variable::field_array("a", 2)),
     |       ^^^^^^^^^^^^^^^^^^^^^^^^^^^^^^^^^^^^^^^^^^^^^^^^^^^^^^^^^^^^
     |
help: use `Box::new()` instead
     |
1082 |                     Box::new(TypedAssignee::Identifier(Variable::field_array("a", 2))),
     |                     ~~~~~~~~~~~~~~~~~~~~~~~~~~~~~~~~~~~~~~~~~~~~~~~~~~~~~~~~~~~~~~~~~~

error: `box_syntax` has been removed
    --> zopatract_core/src/static_analysis/unroll.rs:1083:21
     |
1083 | ...   box FieldElementExpression::Number(Bn128Field::from(1)),
     |       ^^^^^^^^^^^^^^^^^^^^^^^^^^^^^^^^^^^^^^^^^^^^^^^^^^^^^^^
     |
help: use `Box::new()` instead
     |
1083 |                     Box::new(FieldElementExpression::Number(Bn128Field::from(1))),
     |                     ~~~~~~~~~~~~~~~~~~~~~~~~~~~~~~~~~~~~~~~~~~~~~~~~~~~~~~~~~~~~~

error: `box_syntax` has been removed
    --> zopatract_core/src/static_analysis/unroll.rs:1211:21
     |
1211 | / ...   box TypedAssignee::Identifier(Variable::with_id_and_type(
1212 | | ...       "a",
1213 | | ...       array_of_array_ty.clone(),
1214 | | ...   )),
     | |________^
     |
help: use `Box::new()` instead
     |
1211 ~                     Box::new(TypedAssignee::Identifier(Variable::with_id_and_type(
1212 +                         "a",
1213 +                         array_of_array_ty.clone(),
1214 ~                     ))),
     |

error: `box_syntax` has been removed
    --> zopatract_core/src/static_analysis/unroll.rs:1215:21
     |
1215 | ...   box FieldElementExpression::Number(Bn128Field::from(1)),
     |       ^^^^^^^^^^^^^^^^^^^^^^^^^^^^^^^^^^^^^^^^^^^^^^^^^^^^^^^
     |
help: use `Box::new()` instead
     |
1215 |                     Box::new(FieldElementExpression::Number(Bn128Field::from(1))),
     |                     ~~~~~~~~~~~~~~~~~~~~~~~~~~~~~~~~~~~~~~~~~~~~~~~~~~~~~~~~~~~~~

error: `box_syntax` has been removed
  --> zopatract_core/src/static_analysis/variable_access_remover.rs:46:33
   |
46 | ...                   box i.clone(),
   |                       ^^^^^^^^^^^^^
   |
help: use `Box::new()` instead
   |
46 |                                 Box::new(i.clone()),
   |                                 ~~~~~~~~~~~~~~~~~~~

error: `box_syntax` has been removed
  --> zopatract_core/src/static_analysis/variable_access_remover.rs:47:33
   |
47 | ...   box FieldElementExpression::Number(index.into()).into(),
   |       ^^^^^^^^^^^^^^^^^^^^^^^^^^^^^^^^^^^^^^^^^^^^^^^^^^^^^^^
   |
help: use `Box::new()` instead
   |
47 |                                 Box::new(FieldElementExpression::Number(index.into()).into()),
   |                                 ~~~~~~~~~~~~~~~~~~~~~~~~~~~~~~~~~~~~~~~~~~~~~~~~~~~~~~~~~~~~~

error: `box_syntax` has been removed
  --> zopatract_core/src/static_analysis/variable_access_remover.rs:51:69
   |
51 | ...   Some(acc) => Some(BooleanExpression::Or(box acc, box e)),
   |                                               ^^^^^^^
   |
help: use `Box::new()` instead
   |
51 |                             Some(acc) => Some(BooleanExpression::Or(Box::new(acc), box e)),
   |                                                                     ~~~~~~~~~~~~~

error: `box_syntax` has been removed
  --> zopatract_core/src/static_analysis/variable_access_remover.rs:51:78
   |
51 | ...   Some(acc) => Some(BooleanExpression::Or(box acc, box e)),
   |                                                        ^^^^^
   |
help: use `Box::new()` instead
   |
51 |                             Some(acc) => Some(BooleanExpression::Or(box acc, Box::new(e))),
   |                                                                              ~~~~~~~~~~~

error: `box_syntax` has been removed
  --> zopatract_core/src/static_analysis/variable_access_remover.rs:65:33
   |
65 | ...                   box i.clone(),
   |                       ^^^^^^^^^^^^^
   |
help: use `Box::new()` instead
   |
65 |                                 Box::new(i.clone()),
   |                                 ~~~~~~~~~~~~~~~~~~~

error: `box_syntax` has been removed
  --> zopatract_core/src/static_analysis/variable_access_remover.rs:66:33
   |
66 | ...                   box FieldElementExpression::Number(index.into()),
   |                       ^^^^^^^^^^^^^^^^^^^^^^^^^^^^^^^^^^^^^^^^^^^^^^^^
   |
help: use `Box::new()` instead
   |
66 |                                 Box::new(FieldElementExpression::Number(index.into())),
   |                                 ~~~~~~~~~~~~~~~~~~~~~~~~~~~~~~~~~~~~~~~~~~~~~~~~~~~~~~

error: `box_syntax` has been removed
   --> zopatract_core/src/static_analysis/variable_access_remover.rs:163:17
    |
163 | ...   box ArrayExpressionInner::Identifier("a".into()).annotate(Type::FieldElement, ...
    |       ^^^^^^^^^^^^^^^^^^^^^^^^^^^^^^^^^^^^^^^^^^^^^^^^^^^^^^^^^^^^^^^^^^^^^^^^^^^^^^^^
    |
help: use `Box::new()` instead
    |
163 |                 Box::new(ArrayExpressionInner::Identifier("a".into()).annotate(Type::FieldElement, 2)),
    |                 ~~~~~~~~~~~~~~~~~~~~~~~~~~~~~~~~~~~~~~~~~~~~~~~~~~~~~~~~~~~~~~~~~~~~~~~~~~~~~~~~~~~~~~

error: `box_syntax` has been removed
   --> zopatract_core/src/static_analysis/variable_access_remover.rs:164:17
    |
164 |                 box FieldElementExpression::Identifier("i".into()),
    |                 ^^^^^^^^^^^^^^^^^^^^^^^^^^^^^^^^^^^^^^^^^^^^^^^^^^
    |
help: use `Box::new()` instead
    |
164 |                 Box::new(FieldElementExpression::Identifier("i".into())),
    |                 ~~~~~~~~~~~~~~~~~~~~~~~~~~~~~~~~~~~~~~~~~~~~~~~~~~~~~~~~

error: `box_syntax` has been removed
   --> zopatract_core/src/zir/mod.rs:601:40
    |
601 | ...   FieldElementExpression::IfElse(box condition, box consequence, bo...
    |                                      ^^^^^^^^^^^^^
    |
help: use `Box::new()` instead
    |
601 |         FieldElementExpression::IfElse(Box::new(condition), box consequence, box alternative)
    |                                        ~~~~~~~~~~~~~~~~~~~

error: `box_syntax` has been removed
   --> zopatract_core/src/zir/mod.rs:601:55
    |
601 | ...   FieldElementExpression::IfElse(box condition, box consequence, bo...
    |                                                     ^^^^^^^^^^^^^^^
    |
help: use `Box::new()` instead
    |
601 |         FieldElementExpression::IfElse(box condition, Box::new(consequence), box alternative)
    |                                                       ~~~~~~~~~~~~~~~~~~~~~

error: `box_syntax` has been removed
   --> zopatract_core/src/zir/mod.rs:601:72
    |
601 | ...ndition, box consequence, box alternative)
    |                              ^^^^^^^^^^^^^^^
    |
help: use `Box::new()` instead
    |
601 |         FieldElementExpression::IfElse(box condition, box consequence, Box::new(alternative))
    |                                                                        ~~~~~~~~~~~~~~~~~~~~~

error: `box_syntax` has been removed
   --> zopatract_core/src/zir/mod.rs:611:35
    |
611 | ...   BooleanExpression::IfElse(box condition, box consequence, box alt...
    |                                 ^^^^^^^^^^^^^
    |
help: use `Box::new()` instead
    |
611 |         BooleanExpression::IfElse(Box::new(condition), box consequence, box alternative)
    |                                   ~~~~~~~~~~~~~~~~~~~

error: `box_syntax` has been removed
   --> zopatract_core/src/zir/mod.rs:611:50
    |
611 | ...   BooleanExpression::IfElse(box condition, box consequence, box alt...
    |                                                ^^^^^^^^^^^^^^^
    |
help: use `Box::new()` instead
    |
611 |         BooleanExpression::IfElse(box condition, Box::new(consequence), box alternative)
    |                                                  ~~~~~~~~~~~~~~~~~~~~~

error: `box_syntax` has been removed
   --> zopatract_core/src/zir/mod.rs:611:67
    |
611 | ...ndition, box consequence, box alternative)
    |                              ^^^^^^^^^^^^^^^
    |
help: use `Box::new()` instead
    |
611 |         BooleanExpression::IfElse(box condition, box consequence, Box::new(alternative))
    |                                                                   ~~~~~~~~~~~~~~~~~~~~~

error: `box_syntax` has been removed
   --> zopatract_core/src/zir/mod.rs:623:34
    |
623 | ...   UExpressionInner::IfElse(box condition, box consequence, box alte...
    |                                ^^^^^^^^^^^^^
    |
help: use `Box::new()` instead
    |
623 |         UExpressionInner::IfElse(Box::new(condition), box consequence, box alternative).annotate(bitwidth)
    |                                  ~~~~~~~~~~~~~~~~~~~

error: `box_syntax` has been removed
   --> zopatract_core/src/zir/mod.rs:623:49
    |
623 | ...   UExpressionInner::IfElse(box condition, box consequence, box alte...
    |                                               ^^^^^^^^^^^^^^^
    |
help: use `Box::new()` instead
    |
623 |         UExpressionInner::IfElse(box condition, Box::new(consequence), box alternative).annotate(bitwidth)
    |                                                 ~~~~~~~~~~~~~~~~~~~~~

error: `box_syntax` has been removed
   --> zopatract_core/src/zir/mod.rs:623:66
    |
623 | ...ndition, box consequence, box alternative).annotate(bitwidth)
    |                              ^^^^^^^^^^^^^^^
    |
help: use `Box::new()` instead
    |
623 |         UExpressionInner::IfElse(box condition, box consequence, Box::new(alternative)).annotate(bitwidth)
    |                                                                  ~~~~~~~~~~~~~~~~~~~~~

error: `box_syntax` has been removed
   --> zopatract_core/src/zir/folder.rs:154:41
    |
154 |             FieldElementExpression::Add(box e1, box e2)
    |                                         ^^^^^^
    |
help: use `Box::new()` instead
    |
154 |             FieldElementExpression::Add(Box::new(e1), box e2)
    |                                         ~~~~~~~~~~~~

error: `box_syntax` has been removed
   --> zopatract_core/src/zir/folder.rs:154:49
    |
154 |             FieldElementExpression::Add(box e1, box e2)
    |                                                 ^^^^^^
    |
help: use `Box::new()` instead
    |
154 |             FieldElementExpression::Add(box e1, Box::new(e2))
    |                                                 ~~~~~~~~~~~~

error: `box_syntax` has been removed
   --> zopatract_core/src/zir/folder.rs:159:41
    |
159 |             FieldElementExpression::Sub(box e1, box e2)
    |                                         ^^^^^^
    |
help: use `Box::new()` instead
    |
159 |             FieldElementExpression::Sub(Box::new(e1), box e2)
    |                                         ~~~~~~~~~~~~

error: `box_syntax` has been removed
   --> zopatract_core/src/zir/folder.rs:159:49
    |
159 |             FieldElementExpression::Sub(box e1, box e2)
    |                                                 ^^^^^^
    |
help: use `Box::new()` instead
    |
159 |             FieldElementExpression::Sub(box e1, Box::new(e2))
    |                                                 ~~~~~~~~~~~~

error: `box_syntax` has been removed
   --> zopatract_core/src/zir/folder.rs:164:42
    |
164 |             FieldElementExpression::Mult(box e1, box e2)
    |                                          ^^^^^^
    |
help: use `Box::new()` instead
    |
164 |             FieldElementExpression::Mult(Box::new(e1), box e2)
    |                                          ~~~~~~~~~~~~

error: `box_syntax` has been removed
   --> zopatract_core/src/zir/folder.rs:164:50
    |
164 |             FieldElementExpression::Mult(box e1, box e2)
    |                                                  ^^^^^^
    |
help: use `Box::new()` instead
    |
164 |             FieldElementExpression::Mult(box e1, Box::new(e2))
    |                                                  ~~~~~~~~~~~~

error: `box_syntax` has been removed
   --> zopatract_core/src/zir/folder.rs:169:41
    |
169 |             FieldElementExpression::Div(box e1, box e2)
    |                                         ^^^^^^
    |
help: use `Box::new()` instead
    |
169 |             FieldElementExpression::Div(Box::new(e1), box e2)
    |                                         ~~~~~~~~~~~~

error: `box_syntax` has been removed
   --> zopatract_core/src/zir/folder.rs:169:49
    |
169 |             FieldElementExpression::Div(box e1, box e2)
    |                                                 ^^^^^^
    |
help: use `Box::new()` instead
    |
169 |             FieldElementExpression::Div(box e1, Box::new(e2))
    |                                                 ~~~~~~~~~~~~

error: `box_syntax` has been removed
   --> zopatract_core/src/zir/folder.rs:174:41
    |
174 |             FieldElementExpression::Pow(box e1, box e2)
    |                                         ^^^^^^
    |
help: use `Box::new()` instead
    |
174 |             FieldElementExpression::Pow(Box::new(e1), box e2)
    |                                         ~~~~~~~~~~~~

error: `box_syntax` has been removed
   --> zopatract_core/src/zir/folder.rs:174:49
    |
174 |             FieldElementExpression::Pow(box e1, box e2)
    |                                                 ^^^^^^
    |
help: use `Box::new()` instead
    |
174 |             FieldElementExpression::Pow(box e1, Box::new(e2))
    |                                                 ~~~~~~~~~~~~

error: `box_syntax` has been removed
   --> zopatract_core/src/zir/folder.rs:180:44
    |
180 |             FieldElementExpression::IfElse(box cond, box cons, box alt)
    |                                            ^^^^^^^^
    |
help: use `Box::new()` instead
    |
180 |             FieldElementExpression::IfElse(Box::new(cond), box cons, box alt)
    |                                            ~~~~~~~~~~~~~~

error: `box_syntax` has been removed
   --> zopatract_core/src/zir/folder.rs:180:54
    |
180 |             FieldElementExpression::IfElse(box cond, box cons, box alt)
    |                                                      ^^^^^^^^
    |
help: use `Box::new()` instead
    |
180 |             FieldElementExpression::IfElse(box cond, Box::new(cons), box alt)
    |                                                      ~~~~~~~~~~~~~~

error: `box_syntax` has been removed
   --> zopatract_core/src/zir/folder.rs:180:64
    |
180 |             FieldElementExpression::IfElse(box cond, box cons, box alt)
    |                                                                ^^^^^^^
    |
help: use `Box::new()` instead
    |
180 |             FieldElementExpression::IfElse(box cond, box cons, Box::new(alt))
    |                                                                ~~~~~~~~~~~~~

error: `box_syntax` has been removed
   --> zopatract_core/src/zir/folder.rs:195:40
    |
195 |             BooleanExpression::FieldEq(box e1, box e2)
    |                                        ^^^^^^
    |
help: use `Box::new()` instead
    |
195 |             BooleanExpression::FieldEq(Box::new(e1), box e2)
    |                                        ~~~~~~~~~~~~

error: `box_syntax` has been removed
   --> zopatract_core/src/zir/folder.rs:195:48
    |
195 |             BooleanExpression::FieldEq(box e1, box e2)
    |                                                ^^^^^^
    |
help: use `Box::new()` instead
    |
195 |             BooleanExpression::FieldEq(box e1, Box::new(e2))
    |                                                ~~~~~~~~~~~~

error: `box_syntax` has been removed
   --> zopatract_core/src/zir/folder.rs:200:39
    |
200 |             BooleanExpression::BoolEq(box e1, box e2)
    |                                       ^^^^^^
    |
help: use `Box::new()` instead
    |
200 |             BooleanExpression::BoolEq(Box::new(e1), box e2)
    |                                       ~~~~~~~~~~~~

error: `box_syntax` has been removed
   --> zopatract_core/src/zir/folder.rs:200:47
    |
200 |             BooleanExpression::BoolEq(box e1, box e2)
    |                                               ^^^^^^
    |
help: use `Box::new()` instead
    |
200 |             BooleanExpression::BoolEq(box e1, Box::new(e2))
    |                                               ~~~~~~~~~~~~

error: `box_syntax` has been removed
   --> zopatract_core/src/zir/folder.rs:205:39
    |
205 |             BooleanExpression::UintEq(box e1, box e2)
    |                                       ^^^^^^
    |
help: use `Box::new()` instead
    |
205 |             BooleanExpression::UintEq(Box::new(e1), box e2)
    |                                       ~~~~~~~~~~~~

error: `box_syntax` has been removed
   --> zopatract_core/src/zir/folder.rs:205:47
    |
205 |             BooleanExpression::UintEq(box e1, box e2)
    |                                               ^^^^^^
    |
help: use `Box::new()` instead
    |
205 |             BooleanExpression::UintEq(box e1, Box::new(e2))
    |                                               ~~~~~~~~~~~~

error: `box_syntax` has been removed
   --> zopatract_core/src/zir/folder.rs:210:35
    |
210 |             BooleanExpression::Lt(box e1, box e2)
    |                                   ^^^^^^
    |
help: use `Box::new()` instead
    |
210 |             BooleanExpression::Lt(Box::new(e1), box e2)
    |                                   ~~~~~~~~~~~~

error: `box_syntax` has been removed
   --> zopatract_core/src/zir/folder.rs:210:43
    |
210 |             BooleanExpression::Lt(box e1, box e2)
    |                                           ^^^^^^
    |
help: use `Box::new()` instead
    |
210 |             BooleanExpression::Lt(box e1, Box::new(e2))
    |                                           ~~~~~~~~~~~~

error: `box_syntax` has been removed
   --> zopatract_core/src/zir/folder.rs:215:35
    |
215 |             BooleanExpression::Le(box e1, box e2)
    |                                   ^^^^^^
    |
help: use `Box::new()` instead
    |
215 |             BooleanExpression::Le(Box::new(e1), box e2)
    |                                   ~~~~~~~~~~~~

error: `box_syntax` has been removed
   --> zopatract_core/src/zir/folder.rs:215:43
    |
215 |             BooleanExpression::Le(box e1, box e2)
    |                                           ^^^^^^
    |
help: use `Box::new()` instead
    |
215 |             BooleanExpression::Le(box e1, Box::new(e2))
    |                                           ~~~~~~~~~~~~

error: `box_syntax` has been removed
   --> zopatract_core/src/zir/folder.rs:220:35
    |
220 |             BooleanExpression::Gt(box e1, box e2)
    |                                   ^^^^^^
    |
help: use `Box::new()` instead
    |
220 |             BooleanExpression::Gt(Box::new(e1), box e2)
    |                                   ~~~~~~~~~~~~

error: `box_syntax` has been removed
   --> zopatract_core/src/zir/folder.rs:220:43
    |
220 |             BooleanExpression::Gt(box e1, box e2)
    |                                           ^^^^^^
    |
help: use `Box::new()` instead
    |
220 |             BooleanExpression::Gt(box e1, Box::new(e2))
    |                                           ~~~~~~~~~~~~

error: `box_syntax` has been removed
   --> zopatract_core/src/zir/folder.rs:225:35
    |
225 |             BooleanExpression::Ge(box e1, box e2)
    |                                   ^^^^^^
    |
help: use `Box::new()` instead
    |
225 |             BooleanExpression::Ge(Box::new(e1), box e2)
    |                                   ~~~~~~~~~~~~

error: `box_syntax` has been removed
   --> zopatract_core/src/zir/folder.rs:225:43
    |
225 |             BooleanExpression::Ge(box e1, box e2)
    |                                           ^^^^^^
    |
help: use `Box::new()` instead
    |
225 |             BooleanExpression::Ge(box e1, Box::new(e2))
    |                                           ~~~~~~~~~~~~

error: `box_syntax` has been removed
   --> zopatract_core/src/zir/folder.rs:230:35
    |
230 |             BooleanExpression::Or(box e1, box e2)
    |                                   ^^^^^^
    |
help: use `Box::new()` instead
    |
230 |             BooleanExpression::Or(Box::new(e1), box e2)
    |                                   ~~~~~~~~~~~~

error: `box_syntax` has been removed
   --> zopatract_core/src/zir/folder.rs:230:43
    |
230 |             BooleanExpression::Or(box e1, box e2)
    |                                           ^^^^^^
    |
help: use `Box::new()` instead
    |
230 |             BooleanExpression::Or(box e1, Box::new(e2))
    |                                           ~~~~~~~~~~~~

error: `box_syntax` has been removed
   --> zopatract_core/src/zir/folder.rs:235:36
    |
235 |             BooleanExpression::And(box e1, box e2)
    |                                    ^^^^^^
    |
help: use `Box::new()` instead
    |
235 |             BooleanExpression::And(Box::new(e1), box e2)
    |                                    ~~~~~~~~~~~~

error: `box_syntax` has been removed
   --> zopatract_core/src/zir/folder.rs:235:44
    |
235 |             BooleanExpression::And(box e1, box e2)
    |                                            ^^^^^^
    |
help: use `Box::new()` instead
    |
235 |             BooleanExpression::And(box e1, Box::new(e2))
    |                                            ~~~~~~~~~~~~

error: `box_syntax` has been removed
   --> zopatract_core/src/zir/folder.rs:239:36
    |
239 |             BooleanExpression::Not(box e)
    |                                    ^^^^^
    |
help: use `Box::new()` instead
    |
239 |             BooleanExpression::Not(Box::new(e))
    |                                    ~~~~~~~~~~~

error: `box_syntax` has been removed
   --> zopatract_core/src/zir/folder.rs:245:39
    |
245 |             BooleanExpression::IfElse(box cond, box cons, box alt)
    |                                       ^^^^^^^^
    |
help: use `Box::new()` instead
    |
245 |             BooleanExpression::IfElse(Box::new(cond), box cons, box alt)
    |                                       ~~~~~~~~~~~~~~

error: `box_syntax` has been removed
   --> zopatract_core/src/zir/folder.rs:245:49
    |
245 |             BooleanExpression::IfElse(box cond, box cons, box alt)
    |                                                 ^^^^^^^^
    |
help: use `Box::new()` instead
    |
245 |             BooleanExpression::IfElse(box cond, Box::new(cons), box alt)
    |                                                 ~~~~~~~~~~~~~~

error: `box_syntax` has been removed
   --> zopatract_core/src/zir/folder.rs:245:59
    |
245 |             BooleanExpression::IfElse(box cond, box cons, box alt)
    |                                                           ^^^^^^^
    |
help: use `Box::new()` instead
    |
245 |             BooleanExpression::IfElse(box cond, box cons, Box::new(alt))
    |                                                           ~~~~~~~~~~~~~

error: `box_syntax` has been removed
   --> zopatract_core/src/zir/folder.rs:272:35
    |
272 |             UExpressionInner::Add(box left, box right)
    |                                   ^^^^^^^^
    |
help: use `Box::new()` instead
    |
272 |             UExpressionInner::Add(Box::new(left), box right)
    |                                   ~~~~~~~~~~~~~~

error: `box_syntax` has been removed
   --> zopatract_core/src/zir/folder.rs:272:45
    |
272 |             UExpressionInner::Add(box left, box right)
    |                                             ^^^^^^^^^
    |
help: use `Box::new()` instead
    |
272 |             UExpressionInner::Add(box left, Box::new(right))
    |                                             ~~~~~~~~~~~~~~~

error: `box_syntax` has been removed
   --> zopatract_core/src/zir/folder.rs:278:35
    |
278 |             UExpressionInner::Sub(box left, box right)
    |                                   ^^^^^^^^
    |
help: use `Box::new()` instead
    |
278 |             UExpressionInner::Sub(Box::new(left), box right)
    |                                   ~~~~~~~~~~~~~~

error: `box_syntax` has been removed
   --> zopatract_core/src/zir/folder.rs:278:45
    |
278 |             UExpressionInner::Sub(box left, box right)
    |                                             ^^^^^^^^^
    |
help: use `Box::new()` instead
    |
278 |             UExpressionInner::Sub(box left, Box::new(right))
    |                                             ~~~~~~~~~~~~~~~

error: `box_syntax` has been removed
   --> zopatract_core/src/zir/folder.rs:284:36
    |
284 |             UExpressionInner::Mult(box left, box right)
    |                                    ^^^^^^^^
    |
help: use `Box::new()` instead
    |
284 |             UExpressionInner::Mult(Box::new(left), box right)
    |                                    ~~~~~~~~~~~~~~

error: `box_syntax` has been removed
   --> zopatract_core/src/zir/folder.rs:284:46
    |
284 |             UExpressionInner::Mult(box left, box right)
    |                                              ^^^^^^^^^
    |
help: use `Box::new()` instead
    |
284 |             UExpressionInner::Mult(box left, Box::new(right))
    |                                              ~~~~~~~~~~~~~~~

error: `box_syntax` has been removed
   --> zopatract_core/src/zir/folder.rs:290:35
    |
290 |             UExpressionInner::Div(box left, box right)
    |                                   ^^^^^^^^
    |
help: use `Box::new()` instead
    |
290 |             UExpressionInner::Div(Box::new(left), box right)
    |                                   ~~~~~~~~~~~~~~

error: `box_syntax` has been removed
   --> zopatract_core/src/zir/folder.rs:290:45
    |
290 |             UExpressionInner::Div(box left, box right)
    |                                             ^^^^^^^^^
    |
help: use `Box::new()` instead
    |
290 |             UExpressionInner::Div(box left, Box::new(right))
    |                                             ~~~~~~~~~~~~~~~

error: `box_syntax` has been removed
   --> zopatract_core/src/zir/folder.rs:296:35
    |
296 |             UExpressionInner::Rem(box left, box right)
    |                                   ^^^^^^^^
    |
help: use `Box::new()` instead
    |
296 |             UExpressionInner::Rem(Box::new(left), box right)
    |                                   ~~~~~~~~~~~~~~

error: `box_syntax` has been removed
   --> zopatract_core/src/zir/folder.rs:296:45
    |
296 |             UExpressionInner::Rem(box left, box right)
    |                                             ^^^^^^^^^
    |
help: use `Box::new()` instead
    |
296 |             UExpressionInner::Rem(box left, Box::new(right))
    |                                             ~~~~~~~~~~~~~~~

error: `box_syntax` has been removed
   --> zopatract_core/src/zir/folder.rs:302:35
    |
302 |             UExpressionInner::Xor(box left, box right)
    |                                   ^^^^^^^^
    |
help: use `Box::new()` instead
    |
302 |             UExpressionInner::Xor(Box::new(left), box right)
    |                                   ~~~~~~~~~~~~~~

error: `box_syntax` has been removed
   --> zopatract_core/src/zir/folder.rs:302:45
    |
302 |             UExpressionInner::Xor(box left, box right)
    |                                             ^^^^^^^^^
    |
help: use `Box::new()` instead
    |
302 |             UExpressionInner::Xor(box left, Box::new(right))
    |                                             ~~~~~~~~~~~~~~~

error: `box_syntax` has been removed
   --> zopatract_core/src/zir/folder.rs:308:35
    |
308 |             UExpressionInner::And(box left, box right)
    |                                   ^^^^^^^^
    |
help: use `Box::new()` instead
    |
308 |             UExpressionInner::And(Box::new(left), box right)
    |                                   ~~~~~~~~~~~~~~

error: `box_syntax` has been removed
   --> zopatract_core/src/zir/folder.rs:308:45
    |
308 |             UExpressionInner::And(box left, box right)
    |                                             ^^^^^^^^^
    |
help: use `Box::new()` instead
    |
308 |             UExpressionInner::And(box left, Box::new(right))
    |                                             ~~~~~~~~~~~~~~~

error: `box_syntax` has been removed
   --> zopatract_core/src/zir/folder.rs:314:34
    |
314 |             UExpressionInner::Or(box left, box right)
    |                                  ^^^^^^^^
    |
help: use `Box::new()` instead
    |
314 |             UExpressionInner::Or(Box::new(left), box right)
    |                                  ~~~~~~~~~~~~~~

error: `box_syntax` has been removed
   --> zopatract_core/src/zir/folder.rs:314:44
    |
314 |             UExpressionInner::Or(box left, box right)
    |                                            ^^^^^^^^^
    |
help: use `Box::new()` instead
    |
314 |             UExpressionInner::Or(box left, Box::new(right))
    |                                            ~~~~~~~~~~~~~~~

error: `box_syntax` has been removed
   --> zopatract_core/src/zir/folder.rs:320:41
    |
320 |             UExpressionInner::LeftShift(box e, box by)
    |                                         ^^^^^
    |
help: use `Box::new()` instead
    |
320 |             UExpressionInner::LeftShift(Box::new(e), box by)
    |                                         ~~~~~~~~~~~

error: `box_syntax` has been removed
   --> zopatract_core/src/zir/folder.rs:320:48
    |
320 |             UExpressionInner::LeftShift(box e, box by)
    |                                                ^^^^^^
    |
help: use `Box::new()` instead
    |
320 |             UExpressionInner::LeftShift(box e, Box::new(by))
    |                                                ~~~~~~~~~~~~

error: `box_syntax` has been removed
   --> zopatract_core/src/zir/folder.rs:326:42
    |
326 |             UExpressionInner::RightShift(box e, box by)
    |                                          ^^^^^
    |
help: use `Box::new()` instead
    |
326 |             UExpressionInner::RightShift(Box::new(e), box by)
    |                                          ~~~~~~~~~~~

error: `box_syntax` has been removed
   --> zopatract_core/src/zir/folder.rs:326:49
    |
326 |             UExpressionInner::RightShift(box e, box by)
    |                                                 ^^^^^^
    |
help: use `Box::new()` instead
    |
326 |             UExpressionInner::RightShift(box e, Box::new(by))
    |                                                 ~~~~~~~~~~~~

error: `box_syntax` has been removed
   --> zopatract_core/src/zir/folder.rs:331:35
    |
331 |             UExpressionInner::Not(box e)
    |                                   ^^^^^
    |
help: use `Box::new()` instead
    |
331 |             UExpressionInner::Not(Box::new(e))
    |                                   ~~~~~~~~~~~

error: `box_syntax` has been removed
   --> zopatract_core/src/zir/folder.rs:337:38
    |
337 |             UExpressionInner::IfElse(box cond, box cons, box alt)
    |                                      ^^^^^^^^
    |
help: use `Box::new()` instead
    |
337 |             UExpressionInner::IfElse(Box::new(cond), box cons, box alt)
    |                                      ~~~~~~~~~~~~~~

error: `box_syntax` has been removed
   --> zopatract_core/src/zir/folder.rs:337:48
    |
337 |             UExpressionInner::IfElse(box cond, box cons, box alt)
    |                                                ^^^^^^^^
    |
help: use `Box::new()` instead
    |
337 |             UExpressionInner::IfElse(box cond, Box::new(cons), box alt)
    |                                                ~~~~~~~~~~~~~~

error: `box_syntax` has been removed
   --> zopatract_core/src/zir/folder.rs:337:58
    |
337 |             UExpressionInner::IfElse(box cond, box cons, box alt)
    |                                                          ^^^^^^^
    |
help: use `Box::new()` instead
    |
337 |             UExpressionInner::IfElse(box cond, box cons, Box::new(alt))
    |                                                          ~~~~~~~~~~~~~

error: `box_syntax` has been removed
  --> zopatract_core/src/zir/uint.rs:10:31
   |
10 |         UExpressionInner::Add(box self, box other).annotate(bitwidth)
   |                               ^^^^^^^^
   |
help: use `Box::new()` instead
   |
10 |         UExpressionInner::Add(Box::new(self), box other).annotate(bitwidth)
   |                               ~~~~~~~~~~~~~~

error: `box_syntax` has been removed
  --> zopatract_core/src/zir/uint.rs:10:41
   |
10 |         UExpressionInner::Add(box self, box other).annotate(bitwidth)
   |                                         ^^^^^^^^^
   |
help: use `Box::new()` instead
   |
10 |         UExpressionInner::Add(box self, Box::new(other)).annotate(bitwidth)
   |                                         ~~~~~~~~~~~~~~~

error: `box_syntax` has been removed
  --> zopatract_core/src/zir/uint.rs:16:31
   |
16 |         UExpressionInner::Sub(box self, box other).annotate(bitwidth)
   |                               ^^^^^^^^
   |
help: use `Box::new()` instead
   |
16 |         UExpressionInner::Sub(Box::new(self), box other).annotate(bitwidth)
   |                               ~~~~~~~~~~~~~~

error: `box_syntax` has been removed
  --> zopatract_core/src/zir/uint.rs:16:41
   |
16 |         UExpressionInner::Sub(box self, box other).annotate(bitwidth)
   |                                         ^^^^^^^^^
   |
help: use `Box::new()` instead
   |
16 |         UExpressionInner::Sub(box self, Box::new(other)).annotate(bitwidth)
   |                                         ~~~~~~~~~~~~~~~

error: `box_syntax` has been removed
  --> zopatract_core/src/zir/uint.rs:22:32
   |
22 |         UExpressionInner::Mult(box self, box other).annotate(bitwidth)
   |                                ^^^^^^^^
   |
help: use `Box::new()` instead
   |
22 |         UExpressionInner::Mult(Box::new(self), box other).annotate(bitwidth)
   |                                ~~~~~~~~~~~~~~

error: `box_syntax` has been removed
  --> zopatract_core/src/zir/uint.rs:22:42
   |
22 |         UExpressionInner::Mult(box self, box other).annotate(bitwidth)
   |                                          ^^^^^^^^^
   |
help: use `Box::new()` instead
   |
22 |         UExpressionInner::Mult(box self, Box::new(other)).annotate(bitwidth)
   |                                          ~~~~~~~~~~~~~~~

error: `box_syntax` has been removed
  --> zopatract_core/src/zir/uint.rs:28:31
   |
28 |         UExpressionInner::Div(box self, box other).annotate(bitwidth)
   |                               ^^^^^^^^
   |
help: use `Box::new()` instead
   |
28 |         UExpressionInner::Div(Box::new(self), box other).annotate(bitwidth)
   |                               ~~~~~~~~~~~~~~

error: `box_syntax` has been removed
  --> zopatract_core/src/zir/uint.rs:28:41
   |
28 |         UExpressionInner::Div(box self, box other).annotate(bitwidth)
   |                                         ^^^^^^^^^
   |
help: use `Box::new()` instead
   |
28 |         UExpressionInner::Div(box self, Box::new(other)).annotate(bitwidth)
   |                                         ~~~~~~~~~~~~~~~

error: `box_syntax` has been removed
  --> zopatract_core/src/zir/uint.rs:34:31
   |
34 |         UExpressionInner::Rem(box self, box other).annotate(bitwidth)
   |                               ^^^^^^^^
   |
help: use `Box::new()` instead
   |
34 |         UExpressionInner::Rem(Box::new(self), box other).annotate(bitwidth)
   |                               ~~~~~~~~~~~~~~

error: `box_syntax` has been removed
  --> zopatract_core/src/zir/uint.rs:34:41
   |
34 |         UExpressionInner::Rem(box self, box other).annotate(bitwidth)
   |                                         ^^^^^^^^^
   |
help: use `Box::new()` instead
   |
34 |         UExpressionInner::Rem(box self, Box::new(other)).annotate(bitwidth)
   |                                         ~~~~~~~~~~~~~~~

error: `box_syntax` has been removed
  --> zopatract_core/src/zir/uint.rs:40:31
   |
40 |         UExpressionInner::Xor(box self, box other).annotate(bitwidth)
   |                               ^^^^^^^^
   |
help: use `Box::new()` instead
   |
40 |         UExpressionInner::Xor(Box::new(self), box other).annotate(bitwidth)
   |                               ~~~~~~~~~~~~~~

error: `box_syntax` has been removed
  --> zopatract_core/src/zir/uint.rs:40:41
   |
40 |         UExpressionInner::Xor(box self, box other).annotate(bitwidth)
   |                                         ^^^^^^^^^
   |
help: use `Box::new()` instead
   |
40 |         UExpressionInner::Xor(box self, Box::new(other)).annotate(bitwidth)
   |                                         ~~~~~~~~~~~~~~~

error: `box_syntax` has been removed
  --> zopatract_core/src/zir/uint.rs:45:31
   |
45 |         UExpressionInner::Not(box self).annotate(bitwidth)
   |                               ^^^^^^^^
   |
help: use `Box::new()` instead
   |
45 |         UExpressionInner::Not(Box::new(self)).annotate(bitwidth)
   |                               ~~~~~~~~~~~~~~

error: `box_syntax` has been removed
  --> zopatract_core/src/zir/uint.rs:51:30
   |
51 |         UExpressionInner::Or(box self, box other).annotate(bitwidth)
   |                              ^^^^^^^^
   |
help: use `Box::new()` instead
   |
51 |         UExpressionInner::Or(Box::new(self), box other).annotate(bitwidth)
   |                              ~~~~~~~~~~~~~~

error: `box_syntax` has been removed
  --> zopatract_core/src/zir/uint.rs:51:40
   |
51 |         UExpressionInner::Or(box self, box other).annotate(bitwidth)
   |                                        ^^^^^^^^^
   |
help: use `Box::new()` instead
   |
51 |         UExpressionInner::Or(box self, Box::new(other)).annotate(bitwidth)
   |                                        ~~~~~~~~~~~~~~~

error: `box_syntax` has been removed
  --> zopatract_core/src/zir/uint.rs:57:31
   |
57 |         UExpressionInner::And(box self, box other).annotate(bitwidth)
   |                               ^^^^^^^^
   |
help: use `Box::new()` instead
   |
57 |         UExpressionInner::And(Box::new(self), box other).annotate(bitwidth)
   |                               ~~~~~~~~~~~~~~

error: `box_syntax` has been removed
  --> zopatract_core/src/zir/uint.rs:57:41
   |
57 |         UExpressionInner::And(box self, box other).annotate(bitwidth)
   |                                         ^^^^^^^^^
   |
help: use `Box::new()` instead
   |
57 |         UExpressionInner::And(box self, Box::new(other)).annotate(bitwidth)
   |                                         ~~~~~~~~~~~~~~~

error: `box_syntax` has been removed
  --> zopatract_core/src/zir/uint.rs:62:37
   |
62 |         UExpressionInner::LeftShift(box self, box by).annotate(bitwidth)
   |                                     ^^^^^^^^
   |
help: use `Box::new()` instead
   |
62 |         UExpressionInner::LeftShift(Box::new(self), box by).annotate(bitwidth)
   |                                     ~~~~~~~~~~~~~~

error: `box_syntax` has been removed
  --> zopatract_core/src/zir/uint.rs:62:47
   |
62 |         UExpressionInner::LeftShift(box self, box by).annotate(bitwidth)
   |                                               ^^^^^^
   |
help: use `Box::new()` instead
   |
62 |         UExpressionInner::LeftShift(box self, Box::new(by)).annotate(bitwidth)
   |                                               ~~~~~~~~~~~~

error: `box_syntax` has been removed
  --> zopatract_core/src/zir/uint.rs:67:38
   |
67 |         UExpressionInner::RightShift(box self, box by).annotate(bitwidth)
   |                                      ^^^^^^^^
   |
help: use `Box::new()` instead
   |
67 |         UExpressionInner::RightShift(Box::new(self), box by).annotate(bitwidth)
   |                                      ~~~~~~~~~~~~~~

error: `box_syntax` has been removed
  --> zopatract_core/src/zir/uint.rs:67:48
   |
67 |         UExpressionInner::RightShift(box self, box by).annotate(bitwidth)
   |                                                ^^^^^^
   |
help: use `Box::new()` instead
   |
67 |         UExpressionInner::RightShift(box self, Box::new(by)).annotate(bitwidth)
   |                                                ~~~~~~~~~~~~

error: `box_syntax` has been removed
   --> zopatract_core/src/absy/from_ast.rs:308:17
    |
308 |                 box absy::ExpressionNode::from(*expression.left),
    |                 ^^^^^^^^^^^^^^^^^^^^^^^^^^^^^^^^^^^^^^^^^^^^^^^^
    |
help: use `Box::new()` instead
    |
308 |                 Box::new(absy::ExpressionNode::from(*expression.left)),
    |                 ~~~~~~~~~~~~~~~~~~~~~~~~~~~~~~~~~~~~~~~~~~~~~~~~~~~~~~

error: `box_syntax` has been removed
   --> zopatract_core/src/absy/from_ast.rs:309:17
    |
309 |                 box absy::ExpressionNode::from(*expression.right),
    |                 ^^^^^^^^^^^^^^^^^^^^^^^^^^^^^^^^^^^^^^^^^^^^^^^^^
    |
help: use `Box::new()` instead
    |
309 |                 Box::new(absy::ExpressionNode::from(*expression.right)),
    |                 ~~~~~~~~~~~~~~~~~~~~~~~~~~~~~~~~~~~~~~~~~~~~~~~~~~~~~~~

error: `box_syntax` has been removed
   --> zopatract_core/src/absy/from_ast.rs:312:17
    |
312 |                 box absy::ExpressionNode::from(*expression.left),
    |                 ^^^^^^^^^^^^^^^^^^^^^^^^^^^^^^^^^^^^^^^^^^^^^^^^
    |
help: use `Box::new()` instead
    |
312 |                 Box::new(absy::ExpressionNode::from(*expression.left)),
    |                 ~~~~~~~~~~~~~~~~~~~~~~~~~~~~~~~~~~~~~~~~~~~~~~~~~~~~~~

error: `box_syntax` has been removed
   --> zopatract_core/src/absy/from_ast.rs:313:17
    |
313 |                 box absy::ExpressionNode::from(*expression.right),
    |                 ^^^^^^^^^^^^^^^^^^^^^^^^^^^^^^^^^^^^^^^^^^^^^^^^^
    |
help: use `Box::new()` instead
    |
313 |                 Box::new(absy::ExpressionNode::from(*expression.right)),
    |                 ~~~~~~~~~~~~~~~~~~~~~~~~~~~~~~~~~~~~~~~~~~~~~~~~~~~~~~~

error: `box_syntax` has been removed
   --> zopatract_core/src/absy/from_ast.rs:316:17
    |
316 |                 box absy::ExpressionNode::from(*expression.left),
    |                 ^^^^^^^^^^^^^^^^^^^^^^^^^^^^^^^^^^^^^^^^^^^^^^^^
    |
help: use `Box::new()` instead
    |
316 |                 Box::new(absy::ExpressionNode::from(*expression.left)),
    |                 ~~~~~~~~~~~~~~~~~~~~~~~~~~~~~~~~~~~~~~~~~~~~~~~~~~~~~~

error: `box_syntax` has been removed
   --> zopatract_core/src/absy/from_ast.rs:317:17
    |
317 |                 box absy::ExpressionNode::from(*expression.right),
    |                 ^^^^^^^^^^^^^^^^^^^^^^^^^^^^^^^^^^^^^^^^^^^^^^^^^
    |
help: use `Box::new()` instead
    |
317 |                 Box::new(absy::ExpressionNode::from(*expression.right)),
    |                 ~~~~~~~~~~~~~~~~~~~~~~~~~~~~~~~~~~~~~~~~~~~~~~~~~~~~~~~

error: `box_syntax` has been removed
   --> zopatract_core/src/absy/from_ast.rs:320:17
    |
320 |                 box absy::ExpressionNode::from(*expression.left),
    |                 ^^^^^^^^^^^^^^^^^^^^^^^^^^^^^^^^^^^^^^^^^^^^^^^^
    |
help: use `Box::new()` instead
    |
320 |                 Box::new(absy::ExpressionNode::from(*expression.left)),
    |                 ~~~~~~~~~~~~~~~~~~~~~~~~~~~~~~~~~~~~~~~~~~~~~~~~~~~~~~

error: `box_syntax` has been removed
   --> zopatract_core/src/absy/from_ast.rs:321:17
    |
321 |                 box absy::ExpressionNode::from(*expression.right),
    |                 ^^^^^^^^^^^^^^^^^^^^^^^^^^^^^^^^^^^^^^^^^^^^^^^^^
    |
help: use `Box::new()` instead
    |
321 |                 Box::new(absy::ExpressionNode::from(*expression.right)),
    |                 ~~~~~~~~~~~~~~~~~~~~~~~~~~~~~~~~~~~~~~~~~~~~~~~~~~~~~~~

error: `box_syntax` has been removed
   --> zopatract_core/src/absy/from_ast.rs:324:17
    |
324 |                 box absy::ExpressionNode::from(*expression.left),
    |                 ^^^^^^^^^^^^^^^^^^^^^^^^^^^^^^^^^^^^^^^^^^^^^^^^
    |
help: use `Box::new()` instead
    |
324 |                 Box::new(absy::ExpressionNode::from(*expression.left)),
    |                 ~~~~~~~~~~~~~~~~~~~~~~~~~~~~~~~~~~~~~~~~~~~~~~~~~~~~~~

error: `box_syntax` has been removed
   --> zopatract_core/src/absy/from_ast.rs:325:17
    |
325 |                 box absy::ExpressionNode::from(*expression.right),
    |                 ^^^^^^^^^^^^^^^^^^^^^^^^^^^^^^^^^^^^^^^^^^^^^^^^^
    |
help: use `Box::new()` instead
    |
325 |                 Box::new(absy::ExpressionNode::from(*expression.right)),
    |                 ~~~~~~~~~~~~~~~~~~~~~~~~~~~~~~~~~~~~~~~~~~~~~~~~~~~~~~~

error: `box_syntax` has been removed
   --> zopatract_core/src/absy/from_ast.rs:328:17
    |
328 |                 box absy::ExpressionNode::from(*expression.left),
    |                 ^^^^^^^^^^^^^^^^^^^^^^^^^^^^^^^^^^^^^^^^^^^^^^^^
    |
help: use `Box::new()` instead
    |
328 |                 Box::new(absy::ExpressionNode::from(*expression.left)),
    |                 ~~~~~~~~~~~~~~~~~~~~~~~~~~~~~~~~~~~~~~~~~~~~~~~~~~~~~~

error: `box_syntax` has been removed
   --> zopatract_core/src/absy/from_ast.rs:329:17
    |
329 |                 box absy::ExpressionNode::from(*expression.right),
    |                 ^^^^^^^^^^^^^^^^^^^^^^^^^^^^^^^^^^^^^^^^^^^^^^^^^
    |
help: use `Box::new()` instead
    |
329 |                 Box::new(absy::ExpressionNode::from(*expression.right)),
    |                 ~~~~~~~~~~~~~~~~~~~~~~~~~~~~~~~~~~~~~~~~~~~~~~~~~~~~~~~

error: `box_syntax` has been removed
   --> zopatract_core/src/absy/from_ast.rs:332:17
    |
332 |                 box absy::ExpressionNode::from(*expression.left),
    |                 ^^^^^^^^^^^^^^^^^^^^^^^^^^^^^^^^^^^^^^^^^^^^^^^^
    |
help: use `Box::new()` instead
    |
332 |                 Box::new(absy::ExpressionNode::from(*expression.left)),
    |                 ~~~~~~~~~~~~~~~~~~~~~~~~~~~~~~~~~~~~~~~~~~~~~~~~~~~~~~

error: `box_syntax` has been removed
   --> zopatract_core/src/absy/from_ast.rs:333:17
    |
333 |                 box absy::ExpressionNode::from(*expression.right),
    |                 ^^^^^^^^^^^^^^^^^^^^^^^^^^^^^^^^^^^^^^^^^^^^^^^^^
    |
help: use `Box::new()` instead
    |
333 |                 Box::new(absy::ExpressionNode::from(*expression.right)),
    |                 ~~~~~~~~~~~~~~~~~~~~~~~~~~~~~~~~~~~~~~~~~~~~~~~~~~~~~~~

error: `box_syntax` has been removed
   --> zopatract_core/src/absy/from_ast.rs:336:17
    |
336 |                 box absy::ExpressionNode::from(*expression.left),
    |                 ^^^^^^^^^^^^^^^^^^^^^^^^^^^^^^^^^^^^^^^^^^^^^^^^
    |
help: use `Box::new()` instead
    |
336 |                 Box::new(absy::ExpressionNode::from(*expression.left)),
    |                 ~~~~~~~~~~~~~~~~~~~~~~~~~~~~~~~~~~~~~~~~~~~~~~~~~~~~~~

error: `box_syntax` has been removed
   --> zopatract_core/src/absy/from_ast.rs:337:17
    |
337 |                 box absy::ExpressionNode::from(*expression.right),
    |                 ^^^^^^^^^^^^^^^^^^^^^^^^^^^^^^^^^^^^^^^^^^^^^^^^^
    |
help: use `Box::new()` instead
    |
337 |                 Box::new(absy::ExpressionNode::from(*expression.right)),
    |                 ~~~~~~~~~~~~~~~~~~~~~~~~~~~~~~~~~~~~~~~~~~~~~~~~~~~~~~~

error: `box_syntax` has been removed
   --> zopatract_core/src/absy/from_ast.rs:340:17
    |
340 |                 box absy::ExpressionNode::from(*expression.left),
    |                 ^^^^^^^^^^^^^^^^^^^^^^^^^^^^^^^^^^^^^^^^^^^^^^^^
    |
help: use `Box::new()` instead
    |
340 |                 Box::new(absy::ExpressionNode::from(*expression.left)),
    |                 ~~~~~~~~~~~~~~~~~~~~~~~~~~~~~~~~~~~~~~~~~~~~~~~~~~~~~~

error: `box_syntax` has been removed
   --> zopatract_core/src/absy/from_ast.rs:341:17
    |
341 |                 box absy::ExpressionNode::from(*expression.right),
    |                 ^^^^^^^^^^^^^^^^^^^^^^^^^^^^^^^^^^^^^^^^^^^^^^^^^
    |
help: use `Box::new()` instead
    |
341 |                 Box::new(absy::ExpressionNode::from(*expression.right)),
    |                 ~~~~~~~~~~~~~~~~~~~~~~~~~~~~~~~~~~~~~~~~~~~~~~~~~~~~~~~

error: `box_syntax` has been removed
   --> zopatract_core/src/absy/from_ast.rs:344:17
    |
344 |                 box absy::ExpressionNode::from(*expression.left),
    |                 ^^^^^^^^^^^^^^^^^^^^^^^^^^^^^^^^^^^^^^^^^^^^^^^^
    |
help: use `Box::new()` instead
    |
344 |                 Box::new(absy::ExpressionNode::from(*expression.left)),
    |                 ~~~~~~~~~~~~~~~~~~~~~~~~~~~~~~~~~~~~~~~~~~~~~~~~~~~~~~

error: `box_syntax` has been removed
   --> zopatract_core/src/absy/from_ast.rs:345:17
    |
345 |                 box absy::ExpressionNode::from(*expression.right),
    |                 ^^^^^^^^^^^^^^^^^^^^^^^^^^^^^^^^^^^^^^^^^^^^^^^^^
    |
help: use `Box::new()` instead
    |
345 |                 Box::new(absy::ExpressionNode::from(*expression.right)),
    |                 ~~~~~~~~~~~~~~~~~~~~~~~~~~~~~~~~~~~~~~~~~~~~~~~~~~~~~~~

error: `box_syntax` has been removed
   --> zopatract_core/src/absy/from_ast.rs:348:17
    |
348 |                 box absy::ExpressionNode::from(*expression.left),
    |                 ^^^^^^^^^^^^^^^^^^^^^^^^^^^^^^^^^^^^^^^^^^^^^^^^
    |
help: use `Box::new()` instead
    |
348 |                 Box::new(absy::ExpressionNode::from(*expression.left)),
    |                 ~~~~~~~~~~~~~~~~~~~~~~~~~~~~~~~~~~~~~~~~~~~~~~~~~~~~~~

error: `box_syntax` has been removed
   --> zopatract_core/src/absy/from_ast.rs:349:17
    |
349 |                 box absy::ExpressionNode::from(*expression.right),
    |                 ^^^^^^^^^^^^^^^^^^^^^^^^^^^^^^^^^^^^^^^^^^^^^^^^^
    |
help: use `Box::new()` instead
    |
349 |                 Box::new(absy::ExpressionNode::from(*expression.right)),
    |                 ~~~~~~~~~~~~~~~~~~~~~~~~~~~~~~~~~~~~~~~~~~~~~~~~~~~~~~~

error: `box_syntax` has been removed
   --> zopatract_core/src/absy/from_ast.rs:352:17
    |
352 |                 box absy::ExpressionNode::from(*expression.left),
    |                 ^^^^^^^^^^^^^^^^^^^^^^^^^^^^^^^^^^^^^^^^^^^^^^^^
    |
help: use `Box::new()` instead
    |
352 |                 Box::new(absy::ExpressionNode::from(*expression.left)),
    |                 ~~~~~~~~~~~~~~~~~~~~~~~~~~~~~~~~~~~~~~~~~~~~~~~~~~~~~~

error: `box_syntax` has been removed
   --> zopatract_core/src/absy/from_ast.rs:353:17
    |
353 |                 box absy::ExpressionNode::from(*expression.right),
    |                 ^^^^^^^^^^^^^^^^^^^^^^^^^^^^^^^^^^^^^^^^^^^^^^^^^
    |
help: use `Box::new()` instead
    |
353 |                 Box::new(absy::ExpressionNode::from(*expression.right)),
    |                 ~~~~~~~~~~~~~~~~~~~~~~~~~~~~~~~~~~~~~~~~~~~~~~~~~~~~~~~

error: `box_syntax` has been removed
   --> zopatract_core/src/absy/from_ast.rs:356:17
    |
356 |                 box absy::ExpressionNode::from(*expression.left),
    |                 ^^^^^^^^^^^^^^^^^^^^^^^^^^^^^^^^^^^^^^^^^^^^^^^^
    |
help: use `Box::new()` instead
    |
356 |                 Box::new(absy::ExpressionNode::from(*expression.left)),
    |                 ~~~~~~~~~~~~~~~~~~~~~~~~~~~~~~~~~~~~~~~~~~~~~~~~~~~~~~

error: `box_syntax` has been removed
   --> zopatract_core/src/absy/from_ast.rs:357:17
    |
357 |                 box absy::ExpressionNode::from(*expression.right),
    |                 ^^^^^^^^^^^^^^^^^^^^^^^^^^^^^^^^^^^^^^^^^^^^^^^^^
    |
help: use `Box::new()` instead
    |
357 |                 Box::new(absy::ExpressionNode::from(*expression.right)),
    |                 ~~~~~~~~~~~~~~~~~~~~~~~~~~~~~~~~~~~~~~~~~~~~~~~~~~~~~~~

error: `box_syntax` has been removed
   --> zopatract_core/src/absy/from_ast.rs:360:17
    |
360 |                 box absy::ExpressionNode::from(*expression.left),
    |                 ^^^^^^^^^^^^^^^^^^^^^^^^^^^^^^^^^^^^^^^^^^^^^^^^
    |
help: use `Box::new()` instead
    |
360 |                 Box::new(absy::ExpressionNode::from(*expression.left)),
    |                 ~~~~~~~~~~~~~~~~~~~~~~~~~~~~~~~~~~~~~~~~~~~~~~~~~~~~~~

error: `box_syntax` has been removed
   --> zopatract_core/src/absy/from_ast.rs:361:17
    |
361 |                 box absy::ExpressionNode::from(*expression.right),
    |                 ^^^^^^^^^^^^^^^^^^^^^^^^^^^^^^^^^^^^^^^^^^^^^^^^^
    |
help: use `Box::new()` instead
    |
361 |                 Box::new(absy::ExpressionNode::from(*expression.right)),
    |                 ~~~~~~~~~~~~~~~~~~~~~~~~~~~~~~~~~~~~~~~~~~~~~~~~~~~~~~~

error: `box_syntax` has been removed
   --> zopatract_core/src/absy/from_ast.rs:364:17
    |
364 |                 box absy::ExpressionNode::from(*expression.left),
    |                 ^^^^^^^^^^^^^^^^^^^^^^^^^^^^^^^^^^^^^^^^^^^^^^^^
    |
help: use `Box::new()` instead
    |
364 |                 Box::new(absy::ExpressionNode::from(*expression.left)),
    |                 ~~~~~~~~~~~~~~~~~~~~~~~~~~~~~~~~~~~~~~~~~~~~~~~~~~~~~~

error: `box_syntax` has been removed
   --> zopatract_core/src/absy/from_ast.rs:365:17
    |
365 |                 box absy::ExpressionNode::from(*expression.right),
    |                 ^^^^^^^^^^^^^^^^^^^^^^^^^^^^^^^^^^^^^^^^^^^^^^^^^
    |
help: use `Box::new()` instead
    |
365 |                 Box::new(absy::ExpressionNode::from(*expression.right)),
    |                 ~~~~~~~~~~~~~~~~~~~~~~~~~~~~~~~~~~~~~~~~~~~~~~~~~~~~~~~

error: `box_syntax` has been removed
   --> zopatract_core/src/absy/from_ast.rs:368:17
    |
368 |                 box absy::ExpressionNode::from(*expression.left),
    |                 ^^^^^^^^^^^^^^^^^^^^^^^^^^^^^^^^^^^^^^^^^^^^^^^^
    |
help: use `Box::new()` instead
    |
368 |                 Box::new(absy::ExpressionNode::from(*expression.left)),
    |                 ~~~~~~~~~~~~~~~~~~~~~~~~~~~~~~~~~~~~~~~~~~~~~~~~~~~~~~

error: `box_syntax` has been removed
   --> zopatract_core/src/absy/from_ast.rs:369:17
    |
369 |                 box absy::ExpressionNode::from(*expression.right),
    |                 ^^^^^^^^^^^^^^^^^^^^^^^^^^^^^^^^^^^^^^^^^^^^^^^^^
    |
help: use `Box::new()` instead
    |
369 |                 Box::new(absy::ExpressionNode::from(*expression.right)),
    |                 ~~~~~~~~~~~~~~~~~~~~~~~~~~~~~~~~~~~~~~~~~~~~~~~~~~~~~~~

error: `box_syntax` has been removed
   --> zopatract_core/src/absy/from_ast.rs:372:17
    |
372 |                 box absy::ExpressionNode::from(*expression.left),
    |                 ^^^^^^^^^^^^^^^^^^^^^^^^^^^^^^^^^^^^^^^^^^^^^^^^
    |
help: use `Box::new()` instead
    |
372 |                 Box::new(absy::ExpressionNode::from(*expression.left)),
    |                 ~~~~~~~~~~~~~~~~~~~~~~~~~~~~~~~~~~~~~~~~~~~~~~~~~~~~~~

error: `box_syntax` has been removed
   --> zopatract_core/src/absy/from_ast.rs:373:17
    |
373 |                 box absy::ExpressionNode::from(*expression.right),
    |                 ^^^^^^^^^^^^^^^^^^^^^^^^^^^^^^^^^^^^^^^^^^^^^^^^^
    |
help: use `Box::new()` instead
    |
373 |                 Box::new(absy::ExpressionNode::from(*expression.right)),
    |                 ~~~~~~~~~~~~~~~~~~~~~~~~~~~~~~~~~~~~~~~~~~~~~~~~~~~~~~~

error: `box_syntax` has been removed
   --> zopatract_core/src/absy/from_ast.rs:376:17
    |
376 |                 box absy::ExpressionNode::from(*expression.left),
    |                 ^^^^^^^^^^^^^^^^^^^^^^^^^^^^^^^^^^^^^^^^^^^^^^^^
    |
help: use `Box::new()` instead
    |
376 |                 Box::new(absy::ExpressionNode::from(*expression.left)),
    |                 ~~~~~~~~~~~~~~~~~~~~~~~~~~~~~~~~~~~~~~~~~~~~~~~~~~~~~~

error: `box_syntax` has been removed
   --> zopatract_core/src/absy/from_ast.rs:377:17
    |
377 |                 box absy::ExpressionNode::from(*expression.right),
    |                 ^^^^^^^^^^^^^^^^^^^^^^^^^^^^^^^^^^^^^^^^^^^^^^^^^
    |
help: use `Box::new()` instead
    |
377 |                 Box::new(absy::ExpressionNode::from(*expression.right)),
    |                 ~~~~~~~~~~~~~~~~~~~~~~~~~~~~~~~~~~~~~~~~~~~~~~~~~~~~~~~

error: `box_syntax` has been removed
   --> zopatract_core/src/absy/from_ast.rs:382:21
    |
382 |                     box absy::ExpressionNode::from(*expression.left),
    |                     ^^^^^^^^^^^^^^^^^^^^^^^^^^^^^^^^^^^^^^^^^^^^^^^^
    |
help: use `Box::new()` instead
    |
382 |                     Box::new(absy::ExpressionNode::from(*expression.left)),
    |                     ~~~~~~~~~~~~~~~~~~~~~~~~~~~~~~~~~~~~~~~~~~~~~~~~~~~~~~

error: `box_syntax` has been removed
   --> zopatract_core/src/absy/from_ast.rs:383:21
    |
383 |                     box absy::ExpressionNode::from(*expression.right),
    |                     ^^^^^^^^^^^^^^^^^^^^^^^^^^^^^^^^^^^^^^^^^^^^^^^^^
    |
help: use `Box::new()` instead
    |
383 |                     Box::new(absy::ExpressionNode::from(*expression.right)),
    |                     ~~~~~~~~~~~~~~~~~~~~~~~~~~~~~~~~~~~~~~~~~~~~~~~~~~~~~~~

error: `box_syntax` has been removed
   --> zopatract_core/src/absy/from_ast.rs:381:17
    |
381 | /                 box absy::Expression::Eq(
382 | |                     box absy::ExpressionNode::from(*expression.left),
383 | |                     box absy::ExpressionNode::from(*expression.right),
384 | |                 )
385 | |                 .span(expression.span.clone()),
    | |______________________________________________^
    |
help: use `Box::new()` instead
    |
381 ~                 Box::new(absy::Expression::Eq(
382 +                     box absy::ExpressionNode::from(*expression.left),
383 +                     box absy::ExpressionNode::from(*expression.right),
384 +                 )
385 ~                 .span(expression.span.clone())),
    |

error: `box_syntax` has been removed
   --> zopatract_core/src/absy/from_ast.rs:396:13
    |
396 |             box absy::ExpressionNode::from(*expression.first),
    |             ^^^^^^^^^^^^^^^^^^^^^^^^^^^^^^^^^^^^^^^^^^^^^^^^^
    |
help: use `Box::new()` instead
    |
396 |             Box::new(absy::ExpressionNode::from(*expression.first)),
    |             ~~~~~~~~~~~~~~~~~~~~~~~~~~~~~~~~~~~~~~~~~~~~~~~~~~~~~~~

error: `box_syntax` has been removed
   --> zopatract_core/src/absy/from_ast.rs:397:13
    |
397 |             box absy::ExpressionNode::from(*expression.second),
    |             ^^^^^^^^^^^^^^^^^^^^^^^^^^^^^^^^^^^^^^^^^^^^^^^^^^
    |
help: use `Box::new()` instead
    |
397 |             Box::new(absy::ExpressionNode::from(*expression.second)),
    |             ~~~~~~~~~~~~~~~~~~~~~~~~~~~~~~~~~~~~~~~~~~~~~~~~~~~~~~~~

error: `box_syntax` has been removed
   --> zopatract_core/src/absy/from_ast.rs:398:13
    |
398 |             box absy::ExpressionNode::from(*expression.third),
    |             ^^^^^^^^^^^^^^^^^^^^^^^^^^^^^^^^^^^^^^^^^^^^^^^^^
    |
help: use `Box::new()` instead
    |
398 |             Box::new(absy::ExpressionNode::from(*expression.third)),
    |             ~~~~~~~~~~~~~~~~~~~~~~~~~~~~~~~~~~~~~~~~~~~~~~~~~~~~~~~

error: `box_syntax` has been removed
   --> zopatract_core/src/absy/from_ast.rs:539:42
    |
539 | ...   absy::Expression::Select(box acc, box absy::RangeOrExpression::fr...
    |                                ^^^^^^^
    |
help: use `Box::new()` instead
    |
539 |                 absy::Expression::Select(Box::new(acc), box absy::RangeOrExpression::from(a.expression))
    |                                          ~~~~~~~~~~~~~

error: `box_syntax` has been removed
   --> zopatract_core/src/absy/from_ast.rs:539:51
    |
539 | ...(box acc, box absy::RangeOrExpression::from(a.expression))
    |              ^^^^^^^^^^^^^^^^^^^^^^^^^^^^^^^^^^^^^^^^^^^^^^^
    |
help: use `Box::new()` instead
    |
539 |                 absy::Expression::Select(box acc, Box::new(absy::RangeOrExpression::from(a.expression)))
    |                                                   ~~~~~~~~~~~~~~~~~~~~~~~~~~~~~~~~~~~~~~~~~~~~~~~~~~~~~

error: `box_syntax` has been removed
   --> zopatract_core/src/absy/from_ast.rs:543:42
    |
543 | ...   absy::Expression::Member(box acc, box m.id.span.as_str()).span(m....
    |                                ^^^^^^^
    |
help: use `Box::new()` instead
    |
543 |                 absy::Expression::Member(Box::new(acc), box m.id.span.as_str()).span(m.span)
    |                                          ~~~~~~~~~~~~~

error: `box_syntax` has been removed
   --> zopatract_core/src/absy/from_ast.rs:543:51
    |
543 | ...   absy::Expression::Member(box acc, box m.id.span.as_str()).span(m....
    |                                         ^^^^^^^^^^^^^^^^^^^^^^
    |
help: use `Box::new()` instead
    |
543 |                 absy::Expression::Member(box acc, Box::new(m.id.span.as_str())).span(m.span)
    |                                                   ~~~~~~~~~~~~~~~~~~~~~~~~~~~~

error: `box_syntax` has been removed
   --> zopatract_core/src/absy/from_ast.rs:601:44
    |
601 | ...   absy::Assignee::Select(box acc, box absy::RangeOrExpression::from...
    |                              ^^^^^^^
    |
help: use `Box::new()` instead
    |
601 |                     absy::Assignee::Select(Box::new(acc), box absy::RangeOrExpression::from(s.expression))
    |                                            ~~~~~~~~~~~~~

error: `box_syntax` has been removed
   --> zopatract_core/src/absy/from_ast.rs:601:53
    |
601 | ...(box acc, box absy::RangeOrExpression::from(s.expression))
    |              ^^^^^^^^^^^^^^^^^^^^^^^^^^^^^^^^^^^^^^^^^^^^^^^
    |
help: use `Box::new()` instead
    |
601 |                     absy::Assignee::Select(box acc, Box::new(absy::RangeOrExpression::from(s.expression)))
    |                                                     ~~~~~~~~~~~~~~~~~~~~~~~~~~~~~~~~~~~~~~~~~~~~~~~~~~~~~

error: `box_syntax` has been removed
   --> zopatract_core/src/absy/from_ast.rs:604:44
    |
604 | ...   absy::Assignee::Member(box acc, box m.id.span.as_str())
    |                              ^^^^^^^
    |
help: use `Box::new()` instead
    |
604 |                     absy::Assignee::Member(Box::new(acc), box m.id.span.as_str())
    |                                            ~~~~~~~~~~~~~

error: `box_syntax` has been removed
   --> zopatract_core/src/absy/from_ast.rs:604:53
    |
604 | ...   absy::Assignee::Member(box acc, box m.id.span.as_str())
    |                                       ^^^^^^^^^^^^^^^^^^^^^^
    |
help: use `Box::new()` instead
    |
604 |                     absy::Assignee::Member(box acc, Box::new(m.id.span.as_str()))
    |                                                     ~~~~~~~~~~~~~~~~~~~~~~~~~~~~

error: `box_syntax` has been removed
  --> zopatract_core/src/absy/types.rs:33:31
   |
33 |         UnresolvedType::Array(box ty, size)
   |                               ^^^^^^
   |
help: use `Box::new()` instead
   |
33 |         UnresolvedType::Array(Box::new(ty), size)
   |                               ~~~~~~~~~~~~

error: `box_syntax` has been removed
   --> zopatract_core/src/flat_absy/mod.rs:232:17
    |
232 |                 box e1.apply_substitution(substitution),
    |                 ^^^^^^^^^^^^^^^^^^^^^^^^^^^^^^^^^^^^^^^
    |
help: use `Box::new()` instead
    |
232 |                 Box::new(e1.apply_substitution(substitution)),
    |                 ~~~~~~~~~~~~~~~~~~~~~~~~~~~~~~~~~~~~~~~~~~~~~

error: `box_syntax` has been removed
   --> zopatract_core/src/flat_absy/mod.rs:233:17
    |
233 |                 box e2.apply_substitution(substitution),
    |                 ^^^^^^^^^^^^^^^^^^^^^^^^^^^^^^^^^^^^^^^
    |
help: use `Box::new()` instead
    |
233 |                 Box::new(e2.apply_substitution(substitution)),
    |                 ~~~~~~~~~~~~~~~~~~~~~~~~~~~~~~~~~~~~~~~~~~~~~

error: `box_syntax` has been removed
   --> zopatract_core/src/flat_absy/mod.rs:236:17
    |
236 |                 box e1.apply_substitution(substitution),
    |                 ^^^^^^^^^^^^^^^^^^^^^^^^^^^^^^^^^^^^^^^
    |
help: use `Box::new()` instead
    |
236 |                 Box::new(e1.apply_substitution(substitution)),
    |                 ~~~~~~~~~~~~~~~~~~~~~~~~~~~~~~~~~~~~~~~~~~~~~

error: `box_syntax` has been removed
   --> zopatract_core/src/flat_absy/mod.rs:237:17
    |
237 |                 box e2.apply_substitution(substitution),
    |                 ^^^^^^^^^^^^^^^^^^^^^^^^^^^^^^^^^^^^^^^
    |
help: use `Box::new()` instead
    |
237 |                 Box::new(e2.apply_substitution(substitution)),
    |                 ~~~~~~~~~~~~~~~~~~~~~~~~~~~~~~~~~~~~~~~~~~~~~

error: `box_syntax` has been removed
   --> zopatract_core/src/flat_absy/mod.rs:240:17
    |
240 |                 box e1.apply_substitution(substitution),
    |                 ^^^^^^^^^^^^^^^^^^^^^^^^^^^^^^^^^^^^^^^
    |
help: use `Box::new()` instead
    |
240 |                 Box::new(e1.apply_substitution(substitution)),
    |                 ~~~~~~~~~~~~~~~~~~~~~~~~~~~~~~~~~~~~~~~~~~~~~

error: `box_syntax` has been removed
   --> zopatract_core/src/flat_absy/mod.rs:241:17
    |
241 |                 box e2.apply_substitution(substitution),
    |                 ^^^^^^^^^^^^^^^^^^^^^^^^^^^^^^^^^^^^^^^
    |
help: use `Box::new()` instead
    |
241 |                 Box::new(e2.apply_substitution(substitution)),
    |                 ~~~~~~~~~~~~~~~~~~~~~~~~~~~~~~~~~~~~~~~~~~~~~

error: `box_syntax` has been removed
   --> zopatract_core/src/ir/from_flat.rs:169:13
    |
169 |             box FlatExpression::Identifier(FlatVariable::new(42)),
    |             ^^^^^^^^^^^^^^^^^^^^^^^^^^^^^^^^^^^^^^^^^^^^^^^^^^^^^
    |
help: use `Box::new()` instead
    |
169 |             Box::new(FlatExpression::Identifier(FlatVariable::new(42))),
    |             ~~~~~~~~~~~~~~~~~~~~~~~~~~~~~~~~~~~~~~~~~~~~~~~~~~~~~~~~~~~

error: `box_syntax` has been removed
   --> zopatract_core/src/ir/from_flat.rs:170:13
    |
170 |             box FlatExpression::Identifier(FlatVariable::new(21)),
    |             ^^^^^^^^^^^^^^^^^^^^^^^^^^^^^^^^^^^^^^^^^^^^^^^^^^^^^
    |
help: use `Box::new()` instead
    |
170 |             Box::new(FlatExpression::Identifier(FlatVariable::new(21))),
    |             ~~~~~~~~~~~~~~~~~~~~~~~~~~~~~~~~~~~~~~~~~~~~~~~~~~~~~~~~~~~

error: `box_syntax` has been removed
   --> zopatract_core/src/ir/from_flat.rs:182:17
    |
182 |                 box FlatExpression::Number(Bn128Field::from(42)),
    |                 ^^^^^^^^^^^^^^^^^^^^^^^^^^^^^^^^^^^^^^^^^^^^^^^^
    |
help: use `Box::new()` instead
    |
182 |                 Box::new(FlatExpression::Number(Bn128Field::from(42))),
    |                 ~~~~~~~~~~~~~~~~~~~~~~~~~~~~~~~~~~~~~~~~~~~~~~~~~~~~~~

error: `box_syntax` has been removed
   --> zopatract_core/src/ir/from_flat.rs:183:17
    |
183 |                 box FlatExpression::Identifier(FlatVariable::new(42)),
    |                 ^^^^^^^^^^^^^^^^^^^^^^^^^^^^^^^^^^^^^^^^^^^^^^^^^^^^^
    |
help: use `Box::new()` instead
    |
183 |                 Box::new(FlatExpression::Identifier(FlatVariable::new(42))),
    |                 ~~~~~~~~~~~~~~~~~~~~~~~~~~~~~~~~~~~~~~~~~~~~~~~~~~~~~~~~~~~

error: `box_syntax` has been removed
   --> zopatract_core/src/ir/from_flat.rs:181:13
    |
181 | /             box FlatExpression::Mult(
182 | |                 box FlatExpression::Number(Bn128Field::from(42)),
183 | |                 box FlatExpression::Identifier(FlatVariable::new(42)),
184 | |             ),
    | |_____________^
    |
help: use `Box::new()` instead
    |
181 ~             Box::new(FlatExpression::Mult(
182 +                 box FlatExpression::Number(Bn128Field::from(42)),
183 +                 box FlatExpression::Identifier(FlatVariable::new(42)),
184 ~             )),
    |

error: `box_syntax` has been removed
   --> zopatract_core/src/ir/from_flat.rs:186:17
    |
186 |                 box FlatExpression::Number(Bn128Field::from(21)),
    |                 ^^^^^^^^^^^^^^^^^^^^^^^^^^^^^^^^^^^^^^^^^^^^^^^^
    |
help: use `Box::new()` instead
    |
186 |                 Box::new(FlatExpression::Number(Bn128Field::from(21))),
    |                 ~~~~~~~~~~~~~~~~~~~~~~~~~~~~~~~~~~~~~~~~~~~~~~~~~~~~~~

error: `box_syntax` has been removed
   --> zopatract_core/src/ir/from_flat.rs:187:17
    |
187 |                 box FlatExpression::Identifier(FlatVariable::new(21)),
    |                 ^^^^^^^^^^^^^^^^^^^^^^^^^^^^^^^^^^^^^^^^^^^^^^^^^^^^^
    |
help: use `Box::new()` instead
    |
187 |                 Box::new(FlatExpression::Identifier(FlatVariable::new(21))),
    |                 ~~~~~~~~~~~~~~~~~~~~~~~~~~~~~~~~~~~~~~~~~~~~~~~~~~~~~~~~~~~

error: `box_syntax` has been removed
   --> zopatract_core/src/ir/from_flat.rs:185:13
    |
185 | /             box FlatExpression::Mult(
186 | |                 box FlatExpression::Number(Bn128Field::from(21)),
187 | |                 box FlatExpression::Identifier(FlatVariable::new(21)),
188 | |             ),
    | |_____________^
    |
help: use `Box::new()` instead
    |
185 ~             Box::new(FlatExpression::Mult(
186 +                 box FlatExpression::Number(Bn128Field::from(21)),
187 +                 box FlatExpression::Identifier(FlatVariable::new(21)),
188 ~             )),
    |

error: `box_syntax` has been removed
   --> zopatract_core/src/ir/from_flat.rs:200:17
    |
200 |                 box FlatExpression::Identifier(FlatVariable::new(42)),
    |                 ^^^^^^^^^^^^^^^^^^^^^^^^^^^^^^^^^^^^^^^^^^^^^^^^^^^^^
    |
help: use `Box::new()` instead
    |
200 |                 Box::new(FlatExpression::Identifier(FlatVariable::new(42))),
    |                 ~~~~~~~~~~~~~~~~~~~~~~~~~~~~~~~~~~~~~~~~~~~~~~~~~~~~~~~~~~~

error: `box_syntax` has been removed
   --> zopatract_core/src/ir/from_flat.rs:201:17
    |
201 |                 box FlatExpression::Number(Bn128Field::from(42)),
    |                 ^^^^^^^^^^^^^^^^^^^^^^^^^^^^^^^^^^^^^^^^^^^^^^^^
    |
help: use `Box::new()` instead
    |
201 |                 Box::new(FlatExpression::Number(Bn128Field::from(42))),
    |                 ~~~~~~~~~~~~~~~~~~~~~~~~~~~~~~~~~~~~~~~~~~~~~~~~~~~~~~

error: `box_syntax` has been removed
   --> zopatract_core/src/ir/from_flat.rs:199:13
    |
199 | /             box FlatExpression::Mult(
200 | |                 box FlatExpression::Identifier(FlatVariable::new(42)),
201 | |                 box FlatExpression::Number(Bn128Field::from(42)),
202 | |             ),
    | |_____________^
    |
help: use `Box::new()` instead
    |
199 ~             Box::new(FlatExpression::Mult(
200 +                 box FlatExpression::Identifier(FlatVariable::new(42)),
201 +                 box FlatExpression::Number(Bn128Field::from(42)),
202 ~             )),
    |

error: `box_syntax` has been removed
   --> zopatract_core/src/ir/from_flat.rs:204:17
    |
204 |                 box FlatExpression::Identifier(FlatVariable::new(21)),
    |                 ^^^^^^^^^^^^^^^^^^^^^^^^^^^^^^^^^^^^^^^^^^^^^^^^^^^^^
    |
help: use `Box::new()` instead
    |
204 |                 Box::new(FlatExpression::Identifier(FlatVariable::new(21))),
    |                 ~~~~~~~~~~~~~~~~~~~~~~~~~~~~~~~~~~~~~~~~~~~~~~~~~~~~~~~~~~~

error: `box_syntax` has been removed
   --> zopatract_core/src/ir/from_flat.rs:205:17
    |
205 |                 box FlatExpression::Number(Bn128Field::from(21)),
    |                 ^^^^^^^^^^^^^^^^^^^^^^^^^^^^^^^^^^^^^^^^^^^^^^^^
    |
help: use `Box::new()` instead
    |
205 |                 Box::new(FlatExpression::Number(Bn128Field::from(21))),
    |                 ~~~~~~~~~~~~~~~~~~~~~~~~~~~~~~~~~~~~~~~~~~~~~~~~~~~~~~

error: `box_syntax` has been removed
   --> zopatract_core/src/ir/from_flat.rs:203:13
    |
203 | /             box FlatExpression::Mult(
204 | |                 box FlatExpression::Identifier(FlatVariable::new(21)),
205 | |                 box FlatExpression::Number(Bn128Field::from(21)),
206 | |             ),
    | |_____________^
    |
help: use `Box::new()` instead
    |
203 ~             Box::new(FlatExpression::Mult(
204 +                 box FlatExpression::Identifier(FlatVariable::new(21)),
205 +                 box FlatExpression::Number(Bn128Field::from(21)),
206 ~             )),
    |

error: `box_syntax` has been removed
    --> zopatract_core/src/typed_absy/mod.rs:1166:40
     |
1166 | ...   FieldElementExpression::IfElse(box condition, box consequence, b...
     |                                      ^^^^^^^^^^^^^
     |
help: use `Box::new()` instead
     |
1166 |         FieldElementExpression::IfElse(Box::new(condition), box consequence, box alternative)
     |                                        ~~~~~~~~~~~~~~~~~~~

error: `box_syntax` has been removed
    --> zopatract_core/src/typed_absy/mod.rs:1166:55
     |
1166 | ...   FieldElementExpression::IfElse(box condition, box consequence, b...
     |                                                     ^^^^^^^^^^^^^^^
     |
help: use `Box::new()` instead
     |
1166 |         FieldElementExpression::IfElse(box condition, Box::new(consequence), box alternative)
     |                                                       ~~~~~~~~~~~~~~~~~~~~~

error: `box_syntax` has been removed
    --> zopatract_core/src/typed_absy/mod.rs:1166:72
     |
1166 | ...ndition, box consequence, box alternative)
     |                              ^^^^^^^^^^^^^^^
     |
help: use `Box::new()` instead
     |
1166 |         FieldElementExpression::IfElse(box condition, box consequence, Box::new(alternative))
     |                                                                        ~~~~~~~~~~~~~~~~~~~~~

error: `box_syntax` has been removed
    --> zopatract_core/src/typed_absy/mod.rs:1176:35
     |
1176 | ...   BooleanExpression::IfElse(box condition, box consequence, box al...
     |                                 ^^^^^^^^^^^^^
     |
help: use `Box::new()` instead
     |
1176 |         BooleanExpression::IfElse(Box::new(condition), box consequence, box alternative)
     |                                   ~~~~~~~~~~~~~~~~~~~

error: `box_syntax` has been removed
    --> zopatract_core/src/typed_absy/mod.rs:1176:50
     |
1176 | ...   BooleanExpression::IfElse(box condition, box consequence, box al...
     |                                                ^^^^^^^^^^^^^^^
     |
help: use `Box::new()` instead
     |
1176 |         BooleanExpression::IfElse(box condition, Box::new(consequence), box alternative)
     |                                                  ~~~~~~~~~~~~~~~~~~~~~

error: `box_syntax` has been removed
    --> zopatract_core/src/typed_absy/mod.rs:1176:67
     |
1176 | ...ndition, box consequence, box alternative)
     |                              ^^^^^^^^^^^^^^^
     |
help: use `Box::new()` instead
     |
1176 |         BooleanExpression::IfElse(box condition, box consequence, Box::new(alternative))
     |                                                                   ~~~~~~~~~~~~~~~~~~~~~

error: `box_syntax` has been removed
    --> zopatract_core/src/typed_absy/mod.rs:1188:34
     |
1188 | ...   UExpressionInner::IfElse(box condition, box consequence, box alt...
     |                                ^^^^^^^^^^^^^
     |
help: use `Box::new()` instead
     |
1188 |         UExpressionInner::IfElse(Box::new(condition), box consequence, box alternative).annotate(bitwidth)
     |                                  ~~~~~~~~~~~~~~~~~~~

error: `box_syntax` has been removed
    --> zopatract_core/src/typed_absy/mod.rs:1188:49
     |
1188 | ...   UExpressionInner::IfElse(box condition, box consequence, box alt...
     |                                               ^^^^^^^^^^^^^^^
     |
help: use `Box::new()` instead
     |
1188 |         UExpressionInner::IfElse(box condition, Box::new(consequence), box alternative).annotate(bitwidth)
     |                                                 ~~~~~~~~~~~~~~~~~~~~~

error: `box_syntax` has been removed
    --> zopatract_core/src/typed_absy/mod.rs:1188:66
     |
1188 | ...ndition, box consequence, box alternative).annotate(bitwidth)
     |                              ^^^^^^^^^^^^^^^
     |
help: use `Box::new()` instead
     |
1188 |         UExpressionInner::IfElse(box condition, box consequence, Box::new(alternative)).annotate(bitwidth)
     |                                                                  ~~~~~~~~~~~~~~~~~~~~~

error: `box_syntax` has been removed
    --> zopatract_core/src/typed_absy/mod.rs:1200:38
     |
1200 | ...   ArrayExpressionInner::IfElse(box condition, box consequence, box...
     |                                    ^^^^^^^^^^^^^
     |
help: use `Box::new()` instead
     |
1200 |         ArrayExpressionInner::IfElse(Box::new(condition), box consequence, box alternative)
     |                                      ~~~~~~~~~~~~~~~~~~~

error: `box_syntax` has been removed
    --> zopatract_core/src/typed_absy/mod.rs:1200:53
     |
1200 | ...   ArrayExpressionInner::IfElse(box condition, box consequence, box...
     |                                                   ^^^^^^^^^^^^^^^
     |
help: use `Box::new()` instead
     |
1200 |         ArrayExpressionInner::IfElse(box condition, Box::new(consequence), box alternative)
     |                                                     ~~~~~~~~~~~~~~~~~~~~~

error: `box_syntax` has been removed
    --> zopatract_core/src/typed_absy/mod.rs:1200:70
     |
1200 | ...ndition, box consequence, box alternative)
     |                              ^^^^^^^^^^^^^^^
     |
help: use `Box::new()` instead
     |
1200 |         ArrayExpressionInner::IfElse(box condition, box consequence, Box::new(alternative))
     |                                                                      ~~~~~~~~~~~~~~~~~~~~~

error: `box_syntax` has been removed
    --> zopatract_core/src/typed_absy/mod.rs:1212:39
     |
1212 | ...   StructExpressionInner::IfElse(box condition, box consequence, bo...
     |                                     ^^^^^^^^^^^^^
     |
help: use `Box::new()` instead
     |
1212 |         StructExpressionInner::IfElse(Box::new(condition), box consequence, box alternative).annotate(ty)
     |                                       ~~~~~~~~~~~~~~~~~~~

error: `box_syntax` has been removed
    --> zopatract_core/src/typed_absy/mod.rs:1212:54
     |
1212 | ...   StructExpressionInner::IfElse(box condition, box consequence, bo...
     |                                                    ^^^^^^^^^^^^^^^
     |
help: use `Box::new()` instead
     |
1212 |         StructExpressionInner::IfElse(box condition, Box::new(consequence), box alternative).annotate(ty)
     |                                                      ~~~~~~~~~~~~~~~~~~~~~

error: `box_syntax` has been removed
    --> zopatract_core/src/typed_absy/mod.rs:1212:71
     |
1212 | ...ndition, box consequence, box alternative).annotate(ty)
     |                              ^^^^^^^^^^^^^^^
     |
help: use `Box::new()` instead
     |
1212 |         StructExpressionInner::IfElse(box condition, box consequence, Box::new(alternative)).annotate(ty)
     |                                                                       ~~~~~~~~~~~~~~~~~~~~~

error: `box_syntax` has been removed
    --> zopatract_core/src/typed_absy/mod.rs:1222:40
     |
1222 |         FieldElementExpression::Select(box array, box index)
     |                                        ^^^^^^^^^
     |
help: use `Box::new()` instead
     |
1222 |         FieldElementExpression::Select(Box::new(array), box index)
     |                                        ~~~~~~~~~~~~~~~

error: `box_syntax` has been removed
    --> zopatract_core/src/typed_absy/mod.rs:1222:51
     |
1222 |         FieldElementExpression::Select(box array, box index)
     |                                                   ^^^^^^^^^
     |
help: use `Box::new()` instead
     |
1222 |         FieldElementExpression::Select(box array, Box::new(index))
     |                                                   ~~~~~~~~~~~~~~~

error: `box_syntax` has been removed
    --> zopatract_core/src/typed_absy/mod.rs:1228:35
     |
1228 |         BooleanExpression::Select(box array, box index)
     |                                   ^^^^^^^^^
     |
help: use `Box::new()` instead
     |
1228 |         BooleanExpression::Select(Box::new(array), box index)
     |                                   ~~~~~~~~~~~~~~~

error: `box_syntax` has been removed
    --> zopatract_core/src/typed_absy/mod.rs:1228:46
     |
1228 |         BooleanExpression::Select(box array, box index)
     |                                              ^^^^^^^^^
     |
help: use `Box::new()` instead
     |
1228 |         BooleanExpression::Select(box array, Box::new(index))
     |                                              ~~~~~~~~~~~~~~~

error: `box_syntax` has been removed
    --> zopatract_core/src/typed_absy/mod.rs:1239:34
     |
1239 |         UExpressionInner::Select(box array, box index).annotate(bitwidth)
     |                                  ^^^^^^^^^
     |
help: use `Box::new()` instead
     |
1239 |         UExpressionInner::Select(Box::new(array), box index).annotate(bitwidth)
     |                                  ~~~~~~~~~~~~~~~

error: `box_syntax` has been removed
    --> zopatract_core/src/typed_absy/mod.rs:1239:45
     |
1239 |         UExpressionInner::Select(box array, box index).annotate(bitwidth)
     |                                             ^^^^^^^^^
     |
help: use `Box::new()` instead
     |
1239 |         UExpressionInner::Select(box array, Box::new(index)).annotate(bitwidth)
     |                                             ~~~~~~~~~~~~~~~

error: `box_syntax` has been removed
    --> zopatract_core/src/typed_absy/mod.rs:1250:38
     |
1250 | ...   ArrayExpressionInner::Select(box array, box index).annotate(*ty,...
     |                                    ^^^^^^^^^
     |
help: use `Box::new()` instead
     |
1250 |         ArrayExpressionInner::Select(Box::new(array), box index).annotate(*ty, size)
     |                                      ~~~~~~~~~~~~~~~

error: `box_syntax` has been removed
    --> zopatract_core/src/typed_absy/mod.rs:1250:49
     |
1250 | ...   ArrayExpressionInner::Select(box array, box index).annotate(*ty,...
     |                                               ^^^^^^^^^
     |
help: use `Box::new()` instead
     |
1250 |         ArrayExpressionInner::Select(box array, Box::new(index)).annotate(*ty, size)
     |                                                 ~~~~~~~~~~~~~~~

error: `box_syntax` has been removed
    --> zopatract_core/src/typed_absy/mod.rs:1261:39
     |
1261 | ...   StructExpressionInner::Select(box array, box index).annotate(mem...
     |                                     ^^^^^^^^^
     |
help: use `Box::new()` instead
     |
1261 |         StructExpressionInner::Select(Box::new(array), box index).annotate(members)
     |                                       ~~~~~~~~~~~~~~~

error: `box_syntax` has been removed
    --> zopatract_core/src/typed_absy/mod.rs:1261:50
     |
1261 | ...   StructExpressionInner::Select(box array, box index).annotate(mem...
     |                                                ^^^^^^^^^
     |
help: use `Box::new()` instead
     |
1261 |         StructExpressionInner::Select(box array, Box::new(index)).annotate(members)
     |                                                  ~~~~~~~~~~~~~~~

error: `box_syntax` has been removed
    --> zopatract_core/src/typed_absy/mod.rs:1271:40
     |
1271 |         FieldElementExpression::Member(box s, member_id)
     |                                        ^^^^^
     |
help: use `Box::new()` instead
     |
1271 |         FieldElementExpression::Member(Box::new(s), member_id)
     |                                        ~~~~~~~~~~~

error: `box_syntax` has been removed
    --> zopatract_core/src/typed_absy/mod.rs:1277:35
     |
1277 |         BooleanExpression::Member(box s, member_id)
     |                                   ^^^^^
     |
help: use `Box::new()` instead
     |
1277 |         BooleanExpression::Member(Box::new(s), member_id)
     |                                   ~~~~~~~~~~~

error: `box_syntax` has been removed
    --> zopatract_core/src/typed_absy/mod.rs:1296:34
     |
1296 |         UExpressionInner::Member(box s, member_id).annotate(bitwidth)
     |                                  ^^^^^
     |
help: use `Box::new()` instead
     |
1296 |         UExpressionInner::Member(Box::new(s), member_id).annotate(bitwidth)
     |                                  ~~~~~~~~~~~

error: `box_syntax` has been removed
    --> zopatract_core/src/typed_absy/mod.rs:1315:38
     |
1315 | ...   ArrayExpressionInner::Member(box s, member_id).annotate(*ty, size)
     |                                    ^^^^^
     |
help: use `Box::new()` instead
     |
1315 |         ArrayExpressionInner::Member(Box::new(s), member_id).annotate(*ty, size)
     |                                      ~~~~~~~~~~~

error: `box_syntax` has been removed
    --> zopatract_core/src/typed_absy/mod.rs:1334:39
     |
1334 |         StructExpressionInner::Member(box s, member_id).annotate(members)
     |                                       ^^^^^
     |
help: use `Box::new()` instead
     |
1334 |         StructExpressionInner::Member(Box::new(s), member_id).annotate(members)
     |                                       ~~~~~~~~~~~

error: `box_syntax` has been removed
  --> zopatract_core/src/typed_absy/folder.rs:48:17
   |
48 |                 box self.fold_assignee(a),
   |                 ^^^^^^^^^^^^^^^^^^^^^^^^^
   |
help: use `Box::new()` instead
   |
48 |                 Box::new(self.fold_assignee(a)),
   |                 ~~~~~~~~~~~~~~~~~~~~~~~~~~~~~~~

error: `box_syntax` has been removed
  --> zopatract_core/src/typed_absy/folder.rs:49:17
   |
49 |                 box self.fold_field_expression(index),
   |                 ^^^^^^^^^^^^^^^^^^^^^^^^^^^^^^^^^^^^^
   |
help: use `Box::new()` instead
   |
49 |                 Box::new(self.fold_field_expression(index)),
   |                 ~~~~~~~~~~~~~~~~~~~~~~~~~~~~~~~~~~~~~~~~~~~

error: `box_syntax` has been removed
  --> zopatract_core/src/typed_absy/folder.rs:51:70
   |
51 | ...TypedAssignee::Member(box self.fold_assignee(s), m),
   |                          ^^^^^^^^^^^^^^^^^^^^^^^^^
   |
help: use `Box::new()` instead
   |
51 |             TypedAssignee::Member(box s, m) => TypedAssignee::Member(Box::new(self.fold_assignee(s)), m),
   |                                                                      ~~~~~~~~~~~~~~~~~~~~~~~~~~~~~~~

error: `box_syntax` has been removed
   --> zopatract_core/src/typed_absy/folder.rs:203:17
    |
203 |                 box f.fold_boolean_expression(condition),
    |                 ^^^^^^^^^^^^^^^^^^^^^^^^^^^^^^^^^^^^^^^^
    |
help: use `Box::new()` instead
    |
203 |                 Box::new(f.fold_boolean_expression(condition)),
    |                 ~~~~~~~~~~~~~~~~~~~~~~~~~~~~~~~~~~~~~~~~~~~~~~

error: `box_syntax` has been removed
   --> zopatract_core/src/typed_absy/folder.rs:204:17
    |
204 |                 box f.fold_array_expression(consequence),
    |                 ^^^^^^^^^^^^^^^^^^^^^^^^^^^^^^^^^^^^^^^^
    |
help: use `Box::new()` instead
    |
204 |                 Box::new(f.fold_array_expression(consequence)),
    |                 ~~~~~~~~~~~~~~~~~~~~~~~~~~~~~~~~~~~~~~~~~~~~~~

error: `box_syntax` has been removed
   --> zopatract_core/src/typed_absy/folder.rs:205:17
    |
205 |                 box f.fold_array_expression(alternative),
    |                 ^^^^^^^^^^^^^^^^^^^^^^^^^^^^^^^^^^^^^^^^
    |
help: use `Box::new()` instead
    |
205 |                 Box::new(f.fold_array_expression(alternative)),
    |                 ~~~~~~~~~~~~~~~~~~~~~~~~~~~~~~~~~~~~~~~~~~~~~~

error: `box_syntax` has been removed
   --> zopatract_core/src/typed_absy/folder.rs:210:42
    |
210 |             ArrayExpressionInner::Member(box s, id)
    |                                          ^^^^^
    |
help: use `Box::new()` instead
    |
210 |             ArrayExpressionInner::Member(Box::new(s), id)
    |                                          ~~~~~~~~~~~

error: `box_syntax` has been removed
   --> zopatract_core/src/typed_absy/folder.rs:215:42
    |
215 |             ArrayExpressionInner::Select(box array, box index)
    |                                          ^^^^^^^^^
    |
help: use `Box::new()` instead
    |
215 |             ArrayExpressionInner::Select(Box::new(array), box index)
    |                                          ~~~~~~~~~~~~~~~

error: `box_syntax` has been removed
   --> zopatract_core/src/typed_absy/folder.rs:215:53
    |
215 |             ArrayExpressionInner::Select(box array, box index)
    |                                                     ^^^^^^^^^
    |
help: use `Box::new()` instead
    |
215 |             ArrayExpressionInner::Select(box array, Box::new(index))
    |                                                     ~~~~~~~~~~~~~~~

error: `box_syntax` has been removed
   --> zopatract_core/src/typed_absy/folder.rs:236:17
    |
236 |                 box f.fold_boolean_expression(condition),
    |                 ^^^^^^^^^^^^^^^^^^^^^^^^^^^^^^^^^^^^^^^^
    |
help: use `Box::new()` instead
    |
236 |                 Box::new(f.fold_boolean_expression(condition)),
    |                 ~~~~~~~~~~~~~~~~~~~~~~~~~~~~~~~~~~~~~~~~~~~~~~

error: `box_syntax` has been removed
   --> zopatract_core/src/typed_absy/folder.rs:237:17
    |
237 |                 box f.fold_struct_expression(consequence),
    |                 ^^^^^^^^^^^^^^^^^^^^^^^^^^^^^^^^^^^^^^^^^
    |
help: use `Box::new()` instead
    |
237 |                 Box::new(f.fold_struct_expression(consequence)),
    |                 ~~~~~~~~~~~~~~~~~~~~~~~~~~~~~~~~~~~~~~~~~~~~~~~

error: `box_syntax` has been removed
   --> zopatract_core/src/typed_absy/folder.rs:238:17
    |
238 |                 box f.fold_struct_expression(alternative),
    |                 ^^^^^^^^^^^^^^^^^^^^^^^^^^^^^^^^^^^^^^^^^
    |
help: use `Box::new()` instead
    |
238 |                 Box::new(f.fold_struct_expression(alternative)),
    |                 ~~~~~~~~~~~~~~~~~~~~~~~~~~~~~~~~~~~~~~~~~~~~~~~

error: `box_syntax` has been removed
   --> zopatract_core/src/typed_absy/folder.rs:243:43
    |
243 |             StructExpressionInner::Member(box s, id)
    |                                           ^^^^^
    |
help: use `Box::new()` instead
    |
243 |             StructExpressionInner::Member(Box::new(s), id)
    |                                           ~~~~~~~~~~~

error: `box_syntax` has been removed
   --> zopatract_core/src/typed_absy/folder.rs:248:43
    |
248 |             StructExpressionInner::Select(box array, box index)
    |                                           ^^^^^^^^^
    |
help: use `Box::new()` instead
    |
248 |             StructExpressionInner::Select(Box::new(array), box index)
    |                                           ~~~~~~~~~~~~~~~

error: `box_syntax` has been removed
   --> zopatract_core/src/typed_absy/folder.rs:248:54
    |
248 |             StructExpressionInner::Select(box array, box index)
    |                                                      ^^^^^^^^^
    |
help: use `Box::new()` instead
    |
248 |             StructExpressionInner::Select(box array, Box::new(index))
    |                                                      ~~~~~~~~~~~~~~~

error: `box_syntax` has been removed
   --> zopatract_core/src/typed_absy/folder.rs:265:41
    |
265 |             FieldElementExpression::Add(box e1, box e2)
    |                                         ^^^^^^
    |
help: use `Box::new()` instead
    |
265 |             FieldElementExpression::Add(Box::new(e1), box e2)
    |                                         ~~~~~~~~~~~~

error: `box_syntax` has been removed
   --> zopatract_core/src/typed_absy/folder.rs:265:49
    |
265 |             FieldElementExpression::Add(box e1, box e2)
    |                                                 ^^^^^^
    |
help: use `Box::new()` instead
    |
265 |             FieldElementExpression::Add(box e1, Box::new(e2))
    |                                                 ~~~~~~~~~~~~

error: `box_syntax` has been removed
   --> zopatract_core/src/typed_absy/folder.rs:270:41
    |
270 |             FieldElementExpression::Sub(box e1, box e2)
    |                                         ^^^^^^
    |
help: use `Box::new()` instead
    |
270 |             FieldElementExpression::Sub(Box::new(e1), box e2)
    |                                         ~~~~~~~~~~~~

error: `box_syntax` has been removed
   --> zopatract_core/src/typed_absy/folder.rs:270:49
    |
270 |             FieldElementExpression::Sub(box e1, box e2)
    |                                                 ^^^^^^
    |
help: use `Box::new()` instead
    |
270 |             FieldElementExpression::Sub(box e1, Box::new(e2))
    |                                                 ~~~~~~~~~~~~

error: `box_syntax` has been removed
   --> zopatract_core/src/typed_absy/folder.rs:275:42
    |
275 |             FieldElementExpression::Mult(box e1, box e2)
    |                                          ^^^^^^
    |
help: use `Box::new()` instead
    |
275 |             FieldElementExpression::Mult(Box::new(e1), box e2)
    |                                          ~~~~~~~~~~~~

error: `box_syntax` has been removed
   --> zopatract_core/src/typed_absy/folder.rs:275:50
    |
275 |             FieldElementExpression::Mult(box e1, box e2)
    |                                                  ^^^^^^
    |
help: use `Box::new()` instead
    |
275 |             FieldElementExpression::Mult(box e1, Box::new(e2))
    |                                                  ~~~~~~~~~~~~

error: `box_syntax` has been removed
   --> zopatract_core/src/typed_absy/folder.rs:280:41
    |
280 |             FieldElementExpression::Div(box e1, box e2)
    |                                         ^^^^^^
    |
help: use `Box::new()` instead
    |
280 |             FieldElementExpression::Div(Box::new(e1), box e2)
    |                                         ~~~~~~~~~~~~

error: `box_syntax` has been removed
   --> zopatract_core/src/typed_absy/folder.rs:280:49
    |
280 |             FieldElementExpression::Div(box e1, box e2)
    |                                                 ^^^^^^
    |
help: use `Box::new()` instead
    |
280 |             FieldElementExpression::Div(box e1, Box::new(e2))
    |                                                 ~~~~~~~~~~~~

error: `box_syntax` has been removed
   --> zopatract_core/src/typed_absy/folder.rs:285:41
    |
285 |             FieldElementExpression::Pow(box e1, box e2)
    |                                         ^^^^^^
    |
help: use `Box::new()` instead
    |
285 |             FieldElementExpression::Pow(Box::new(e1), box e2)
    |                                         ~~~~~~~~~~~~

error: `box_syntax` has been removed
   --> zopatract_core/src/typed_absy/folder.rs:285:49
    |
285 |             FieldElementExpression::Pow(box e1, box e2)
    |                                                 ^^^^^^
    |
help: use `Box::new()` instead
    |
285 |             FieldElementExpression::Pow(box e1, Box::new(e2))
    |                                                 ~~~~~~~~~~~~

error: `box_syntax` has been removed
   --> zopatract_core/src/typed_absy/folder.rs:291:44
    |
291 |             FieldElementExpression::IfElse(box cond, box cons, box alt)
    |                                            ^^^^^^^^
    |
help: use `Box::new()` instead
    |
291 |             FieldElementExpression::IfElse(Box::new(cond), box cons, box alt)
    |                                            ~~~~~~~~~~~~~~

error: `box_syntax` has been removed
   --> zopatract_core/src/typed_absy/folder.rs:291:54
    |
291 |             FieldElementExpression::IfElse(box cond, box cons, box alt)
    |                                                      ^^^^^^^^
    |
help: use `Box::new()` instead
    |
291 |             FieldElementExpression::IfElse(box cond, Box::new(cons), box alt)
    |                                                      ~~~~~~~~~~~~~~

error: `box_syntax` has been removed
   --> zopatract_core/src/typed_absy/folder.rs:291:64
    |
291 |             FieldElementExpression::IfElse(box cond, box cons, box alt)
    |                                                                ^^^^^^^
    |
help: use `Box::new()` instead
    |
291 |             FieldElementExpression::IfElse(box cond, box cons, Box::new(alt))
    |                                                                ~~~~~~~~~~~~~

error: `box_syntax` has been removed
   --> zopatract_core/src/typed_absy/folder.rs:299:44
    |
299 |             FieldElementExpression::Member(box s, id)
    |                                            ^^^^^
    |
help: use `Box::new()` instead
    |
299 |             FieldElementExpression::Member(Box::new(s), id)
    |                                            ~~~~~~~~~~~

error: `box_syntax` has been removed
   --> zopatract_core/src/typed_absy/folder.rs:304:44
    |
304 |             FieldElementExpression::Select(box array, box index)
    |                                            ^^^^^^^^^
    |
help: use `Box::new()` instead
    |
304 |             FieldElementExpression::Select(Box::new(array), box index)
    |                                            ~~~~~~~~~~~~~~~

error: `box_syntax` has been removed
   --> zopatract_core/src/typed_absy/folder.rs:304:55
    |
304 |             FieldElementExpression::Select(box array, box index)
    |                                                       ^^^^^^^^^
    |
help: use `Box::new()` instead
    |
304 |             FieldElementExpression::Select(box array, Box::new(index))
    |                                                       ~~~~~~~~~~~~~~~

error: `box_syntax` has been removed
   --> zopatract_core/src/typed_absy/folder.rs:319:40
    |
319 |             BooleanExpression::FieldEq(box e1, box e2)
    |                                        ^^^^^^
    |
help: use `Box::new()` instead
    |
319 |             BooleanExpression::FieldEq(Box::new(e1), box e2)
    |                                        ~~~~~~~~~~~~

error: `box_syntax` has been removed
   --> zopatract_core/src/typed_absy/folder.rs:319:48
    |
319 |             BooleanExpression::FieldEq(box e1, box e2)
    |                                                ^^^^^^
    |
help: use `Box::new()` instead
    |
319 |             BooleanExpression::FieldEq(box e1, Box::new(e2))
    |                                                ~~~~~~~~~~~~

error: `box_syntax` has been removed
   --> zopatract_core/src/typed_absy/folder.rs:324:39
    |
324 |             BooleanExpression::BoolEq(box e1, box e2)
    |                                       ^^^^^^
    |
help: use `Box::new()` instead
    |
324 |             BooleanExpression::BoolEq(Box::new(e1), box e2)
    |                                       ~~~~~~~~~~~~

error: `box_syntax` has been removed
   --> zopatract_core/src/typed_absy/folder.rs:324:47
    |
324 |             BooleanExpression::BoolEq(box e1, box e2)
    |                                               ^^^^^^
    |
help: use `Box::new()` instead
    |
324 |             BooleanExpression::BoolEq(box e1, Box::new(e2))
    |                                               ~~~~~~~~~~~~

error: `box_syntax` has been removed
   --> zopatract_core/src/typed_absy/folder.rs:329:40
    |
329 |             BooleanExpression::ArrayEq(box e1, box e2)
    |                                        ^^^^^^
    |
help: use `Box::new()` instead
    |
329 |             BooleanExpression::ArrayEq(Box::new(e1), box e2)
    |                                        ~~~~~~~~~~~~

error: `box_syntax` has been removed
   --> zopatract_core/src/typed_absy/folder.rs:329:48
    |
329 |             BooleanExpression::ArrayEq(box e1, box e2)
    |                                                ^^^^^^
    |
help: use `Box::new()` instead
    |
329 |             BooleanExpression::ArrayEq(box e1, Box::new(e2))
    |                                                ~~~~~~~~~~~~

error: `box_syntax` has been removed
   --> zopatract_core/src/typed_absy/folder.rs:334:41
    |
334 |             BooleanExpression::StructEq(box e1, box e2)
    |                                         ^^^^^^
    |
help: use `Box::new()` instead
    |
334 |             BooleanExpression::StructEq(Box::new(e1), box e2)
    |                                         ~~~~~~~~~~~~

error: `box_syntax` has been removed
   --> zopatract_core/src/typed_absy/folder.rs:334:49
    |
334 |             BooleanExpression::StructEq(box e1, box e2)
    |                                                 ^^^^^^
    |
help: use `Box::new()` instead
    |
334 |             BooleanExpression::StructEq(box e1, Box::new(e2))
    |                                                 ~~~~~~~~~~~~

error: `box_syntax` has been removed
   --> zopatract_core/src/typed_absy/folder.rs:339:39
    |
339 |             BooleanExpression::UintEq(box e1, box e2)
    |                                       ^^^^^^
    |
help: use `Box::new()` instead
    |
339 |             BooleanExpression::UintEq(Box::new(e1), box e2)
    |                                       ~~~~~~~~~~~~

error: `box_syntax` has been removed
   --> zopatract_core/src/typed_absy/folder.rs:339:47
    |
339 |             BooleanExpression::UintEq(box e1, box e2)
    |                                               ^^^^^^
    |
help: use `Box::new()` instead
    |
339 |             BooleanExpression::UintEq(box e1, Box::new(e2))
    |                                               ~~~~~~~~~~~~

error: `box_syntax` has been removed
   --> zopatract_core/src/typed_absy/folder.rs:344:35
    |
344 |             BooleanExpression::Lt(box e1, box e2)
    |                                   ^^^^^^
    |
help: use `Box::new()` instead
    |
344 |             BooleanExpression::Lt(Box::new(e1), box e2)
    |                                   ~~~~~~~~~~~~

error: `box_syntax` has been removed
   --> zopatract_core/src/typed_absy/folder.rs:344:43
    |
344 |             BooleanExpression::Lt(box e1, box e2)
    |                                           ^^^^^^
    |
help: use `Box::new()` instead
    |
344 |             BooleanExpression::Lt(box e1, Box::new(e2))
    |                                           ~~~~~~~~~~~~

error: `box_syntax` has been removed
   --> zopatract_core/src/typed_absy/folder.rs:349:35
    |
349 |             BooleanExpression::Le(box e1, box e2)
    |                                   ^^^^^^
    |
help: use `Box::new()` instead
    |
349 |             BooleanExpression::Le(Box::new(e1), box e2)
    |                                   ~~~~~~~~~~~~

error: `box_syntax` has been removed
   --> zopatract_core/src/typed_absy/folder.rs:349:43
    |
349 |             BooleanExpression::Le(box e1, box e2)
    |                                           ^^^^^^
    |
help: use `Box::new()` instead
    |
349 |             BooleanExpression::Le(box e1, Box::new(e2))
    |                                           ~~~~~~~~~~~~

error: `box_syntax` has been removed
   --> zopatract_core/src/typed_absy/folder.rs:354:35
    |
354 |             BooleanExpression::Gt(box e1, box e2)
    |                                   ^^^^^^
    |
help: use `Box::new()` instead
    |
354 |             BooleanExpression::Gt(Box::new(e1), box e2)
    |                                   ~~~~~~~~~~~~

error: `box_syntax` has been removed
   --> zopatract_core/src/typed_absy/folder.rs:354:43
    |
354 |             BooleanExpression::Gt(box e1, box e2)
    |                                           ^^^^^^
    |
help: use `Box::new()` instead
    |
354 |             BooleanExpression::Gt(box e1, Box::new(e2))
    |                                           ~~~~~~~~~~~~

error: `box_syntax` has been removed
   --> zopatract_core/src/typed_absy/folder.rs:359:35
    |
359 |             BooleanExpression::Ge(box e1, box e2)
    |                                   ^^^^^^
    |
help: use `Box::new()` instead
    |
359 |             BooleanExpression::Ge(Box::new(e1), box e2)
    |                                   ~~~~~~~~~~~~

error: `box_syntax` has been removed
   --> zopatract_core/src/typed_absy/folder.rs:359:43
    |
359 |             BooleanExpression::Ge(box e1, box e2)
    |                                           ^^^^^^
    |
help: use `Box::new()` instead
    |
359 |             BooleanExpression::Ge(box e1, Box::new(e2))
    |                                           ~~~~~~~~~~~~

error: `box_syntax` has been removed
   --> zopatract_core/src/typed_absy/folder.rs:364:35
    |
364 |             BooleanExpression::Or(box e1, box e2)
    |                                   ^^^^^^
    |
help: use `Box::new()` instead
    |
364 |             BooleanExpression::Or(Box::new(e1), box e2)
    |                                   ~~~~~~~~~~~~

error: `box_syntax` has been removed
   --> zopatract_core/src/typed_absy/folder.rs:364:43
    |
364 |             BooleanExpression::Or(box e1, box e2)
    |                                           ^^^^^^
    |
help: use `Box::new()` instead
    |
364 |             BooleanExpression::Or(box e1, Box::new(e2))
    |                                           ~~~~~~~~~~~~

error: `box_syntax` has been removed
   --> zopatract_core/src/typed_absy/folder.rs:369:36
    |
369 |             BooleanExpression::And(box e1, box e2)
    |                                    ^^^^^^
    |
help: use `Box::new()` instead
    |
369 |             BooleanExpression::And(Box::new(e1), box e2)
    |                                    ~~~~~~~~~~~~

error: `box_syntax` has been removed
   --> zopatract_core/src/typed_absy/folder.rs:369:44
    |
369 |             BooleanExpression::And(box e1, box e2)
    |                                            ^^^^^^
    |
help: use `Box::new()` instead
    |
369 |             BooleanExpression::And(box e1, Box::new(e2))
    |                                            ~~~~~~~~~~~~

error: `box_syntax` has been removed
   --> zopatract_core/src/typed_absy/folder.rs:373:36
    |
373 |             BooleanExpression::Not(box e)
    |                                    ^^^^^
    |
help: use `Box::new()` instead
    |
373 |             BooleanExpression::Not(Box::new(e))
    |                                    ~~~~~~~~~~~

error: `box_syntax` has been removed
   --> zopatract_core/src/typed_absy/folder.rs:383:39
    |
383 |             BooleanExpression::IfElse(box cond, box cons, box alt)
    |                                       ^^^^^^^^
    |
help: use `Box::new()` instead
    |
383 |             BooleanExpression::IfElse(Box::new(cond), box cons, box alt)
    |                                       ~~~~~~~~~~~~~~

error: `box_syntax` has been removed
   --> zopatract_core/src/typed_absy/folder.rs:383:49
    |
383 |             BooleanExpression::IfElse(box cond, box cons, box alt)
    |                                                 ^^^^^^^^
    |
help: use `Box::new()` instead
    |
383 |             BooleanExpression::IfElse(box cond, Box::new(cons), box alt)
    |                                                 ~~~~~~~~~~~~~~

error: `box_syntax` has been removed
   --> zopatract_core/src/typed_absy/folder.rs:383:59
    |
383 |             BooleanExpression::IfElse(box cond, box cons, box alt)
    |                                                           ^^^^^^^
    |
help: use `Box::new()` instead
    |
383 |             BooleanExpression::IfElse(box cond, box cons, Box::new(alt))
    |                                                           ~~~~~~~~~~~~~

error: `box_syntax` has been removed
   --> zopatract_core/src/typed_absy/folder.rs:387:39
    |
387 |             BooleanExpression::Member(box s, id)
    |                                       ^^^^^
    |
help: use `Box::new()` instead
    |
387 |             BooleanExpression::Member(Box::new(s), id)
    |                                       ~~~~~~~~~~~

error: `box_syntax` has been removed
   --> zopatract_core/src/typed_absy/folder.rs:392:39
    |
392 |             BooleanExpression::Select(box array, box index)
    |                                       ^^^^^^^^^
    |
help: use `Box::new()` instead
    |
392 |             BooleanExpression::Select(Box::new(array), box index)
    |                                       ~~~~~~~~~~~~~~~

error: `box_syntax` has been removed
   --> zopatract_core/src/typed_absy/folder.rs:392:50
    |
392 |             BooleanExpression::Select(box array, box index)
    |                                                  ^^^^^^^^^
    |
help: use `Box::new()` instead
    |
392 |             BooleanExpression::Select(box array, Box::new(index))
    |                                                  ~~~~~~~~~~~~~~~

error: `box_syntax` has been removed
   --> zopatract_core/src/typed_absy/folder.rs:419:35
    |
419 |             UExpressionInner::Add(box left, box right)
    |                                   ^^^^^^^^
    |
help: use `Box::new()` instead
    |
419 |             UExpressionInner::Add(Box::new(left), box right)
    |                                   ~~~~~~~~~~~~~~

error: `box_syntax` has been removed
   --> zopatract_core/src/typed_absy/folder.rs:419:45
    |
419 |             UExpressionInner::Add(box left, box right)
    |                                             ^^^^^^^^^
    |
help: use `Box::new()` instead
    |
419 |             UExpressionInner::Add(box left, Box::new(right))
    |                                             ~~~~~~~~~~~~~~~

error: `box_syntax` has been removed
   --> zopatract_core/src/typed_absy/folder.rs:425:35
    |
425 |             UExpressionInner::Sub(box left, box right)
    |                                   ^^^^^^^^
    |
help: use `Box::new()` instead
    |
425 |             UExpressionInner::Sub(Box::new(left), box right)
    |                                   ~~~~~~~~~~~~~~

error: `box_syntax` has been removed
   --> zopatract_core/src/typed_absy/folder.rs:425:45
    |
425 |             UExpressionInner::Sub(box left, box right)
    |                                             ^^^^^^^^^
    |
help: use `Box::new()` instead
    |
425 |             UExpressionInner::Sub(box left, Box::new(right))
    |                                             ~~~~~~~~~~~~~~~

error: `box_syntax` has been removed
   --> zopatract_core/src/typed_absy/folder.rs:431:36
    |
431 |             UExpressionInner::Mult(box left, box right)
    |                                    ^^^^^^^^
    |
help: use `Box::new()` instead
    |
431 |             UExpressionInner::Mult(Box::new(left), box right)
    |                                    ~~~~~~~~~~~~~~

error: `box_syntax` has been removed
   --> zopatract_core/src/typed_absy/folder.rs:431:46
    |
431 |             UExpressionInner::Mult(box left, box right)
    |                                              ^^^^^^^^^
    |
help: use `Box::new()` instead
    |
431 |             UExpressionInner::Mult(box left, Box::new(right))
    |                                              ~~~~~~~~~~~~~~~

error: `box_syntax` has been removed
   --> zopatract_core/src/typed_absy/folder.rs:437:35
    |
437 |             UExpressionInner::Div(box left, box right)
    |                                   ^^^^^^^^
    |
help: use `Box::new()` instead
    |
437 |             UExpressionInner::Div(Box::new(left), box right)
    |                                   ~~~~~~~~~~~~~~

error: `box_syntax` has been removed
   --> zopatract_core/src/typed_absy/folder.rs:437:45
    |
437 |             UExpressionInner::Div(box left, box right)
    |                                             ^^^^^^^^^
    |
help: use `Box::new()` instead
    |
437 |             UExpressionInner::Div(box left, Box::new(right))
    |                                             ~~~~~~~~~~~~~~~

error: `box_syntax` has been removed
   --> zopatract_core/src/typed_absy/folder.rs:443:35
    |
443 |             UExpressionInner::Rem(box left, box right)
    |                                   ^^^^^^^^
    |
help: use `Box::new()` instead
    |
443 |             UExpressionInner::Rem(Box::new(left), box right)
    |                                   ~~~~~~~~~~~~~~

error: `box_syntax` has been removed
   --> zopatract_core/src/typed_absy/folder.rs:443:45
    |
443 |             UExpressionInner::Rem(box left, box right)
    |                                             ^^^^^^^^^
    |
help: use `Box::new()` instead
    |
443 |             UExpressionInner::Rem(box left, Box::new(right))
    |                                             ~~~~~~~~~~~~~~~

error: `box_syntax` has been removed
   --> zopatract_core/src/typed_absy/folder.rs:449:35
    |
449 |             UExpressionInner::Xor(box left, box right)
    |                                   ^^^^^^^^
    |
help: use `Box::new()` instead
    |
449 |             UExpressionInner::Xor(Box::new(left), box right)
    |                                   ~~~~~~~~~~~~~~

error: `box_syntax` has been removed
   --> zopatract_core/src/typed_absy/folder.rs:449:45
    |
449 |             UExpressionInner::Xor(box left, box right)
    |                                             ^^^^^^^^^
    |
help: use `Box::new()` instead
    |
449 |             UExpressionInner::Xor(box left, Box::new(right))
    |                                             ~~~~~~~~~~~~~~~

error: `box_syntax` has been removed
   --> zopatract_core/src/typed_absy/folder.rs:455:35
    |
455 |             UExpressionInner::And(box left, box right)
    |                                   ^^^^^^^^
    |
help: use `Box::new()` instead
    |
455 |             UExpressionInner::And(Box::new(left), box right)
    |                                   ~~~~~~~~~~~~~~

error: `box_syntax` has been removed
   --> zopatract_core/src/typed_absy/folder.rs:455:45
    |
455 |             UExpressionInner::And(box left, box right)
    |                                             ^^^^^^^^^
    |
help: use `Box::new()` instead
    |
455 |             UExpressionInner::And(box left, Box::new(right))
    |                                             ~~~~~~~~~~~~~~~

error: `box_syntax` has been removed
   --> zopatract_core/src/typed_absy/folder.rs:461:34
    |
461 |             UExpressionInner::Or(box left, box right)
    |                                  ^^^^^^^^
    |
help: use `Box::new()` instead
    |
461 |             UExpressionInner::Or(Box::new(left), box right)
    |                                  ~~~~~~~~~~~~~~

error: `box_syntax` has been removed
   --> zopatract_core/src/typed_absy/folder.rs:461:44
    |
461 |             UExpressionInner::Or(box left, box right)
    |                                            ^^^^^^^^^
    |
help: use `Box::new()` instead
    |
461 |             UExpressionInner::Or(box left, Box::new(right))
    |                                            ~~~~~~~~~~~~~~~

error: `box_syntax` has been removed
   --> zopatract_core/src/typed_absy/folder.rs:467:41
    |
467 |             UExpressionInner::LeftShift(box e, box by)
    |                                         ^^^^^
    |
help: use `Box::new()` instead
    |
467 |             UExpressionInner::LeftShift(Box::new(e), box by)
    |                                         ~~~~~~~~~~~

error: `box_syntax` has been removed
   --> zopatract_core/src/typed_absy/folder.rs:467:48
    |
467 |             UExpressionInner::LeftShift(box e, box by)
    |                                                ^^^^^^
    |
help: use `Box::new()` instead
    |
467 |             UExpressionInner::LeftShift(box e, Box::new(by))
    |                                                ~~~~~~~~~~~~

error: `box_syntax` has been removed
   --> zopatract_core/src/typed_absy/folder.rs:473:42
    |
473 |             UExpressionInner::RightShift(box e, box by)
    |                                          ^^^^^
    |
help: use `Box::new()` instead
    |
473 |             UExpressionInner::RightShift(Box::new(e), box by)
    |                                          ~~~~~~~~~~~

error: `box_syntax` has been removed
   --> zopatract_core/src/typed_absy/folder.rs:473:49
    |
473 |             UExpressionInner::RightShift(box e, box by)
    |                                                 ^^^^^^
    |
help: use `Box::new()` instead
    |
473 |             UExpressionInner::RightShift(box e, Box::new(by))
    |                                                 ~~~~~~~~~~~~

error: `box_syntax` has been removed
   --> zopatract_core/src/typed_absy/folder.rs:478:35
    |
478 |             UExpressionInner::Not(box e)
    |                                   ^^^^^
    |
help: use `Box::new()` instead
    |
478 |             UExpressionInner::Not(Box::new(e))
    |                                   ~~~~~~~~~~~

error: `box_syntax` has been removed
   --> zopatract_core/src/typed_absy/folder.rs:487:38
    |
487 |             UExpressionInner::Select(box array, box index)
    |                                      ^^^^^^^^^
    |
help: use `Box::new()` instead
    |
487 |             UExpressionInner::Select(Box::new(array), box index)
    |                                      ~~~~~~~~~~~~~~~

error: `box_syntax` has been removed
   --> zopatract_core/src/typed_absy/folder.rs:487:49
    |
487 |             UExpressionInner::Select(box array, box index)
    |                                                 ^^^^^^^^^
    |
help: use `Box::new()` instead
    |
487 |             UExpressionInner::Select(box array, Box::new(index))
    |                                                 ~~~~~~~~~~~~~~~

error: `box_syntax` has been removed
   --> zopatract_core/src/typed_absy/folder.rs:493:38
    |
493 |             UExpressionInner::IfElse(box cond, box cons, box alt)
    |                                      ^^^^^^^^
    |
help: use `Box::new()` instead
    |
493 |             UExpressionInner::IfElse(Box::new(cond), box cons, box alt)
    |                                      ~~~~~~~~~~~~~~

error: `box_syntax` has been removed
   --> zopatract_core/src/typed_absy/folder.rs:493:48
    |
493 |             UExpressionInner::IfElse(box cond, box cons, box alt)
    |                                                ^^^^^^^^
    |
help: use `Box::new()` instead
    |
493 |             UExpressionInner::IfElse(box cond, Box::new(cons), box alt)
    |                                                ~~~~~~~~~~~~~~

error: `box_syntax` has been removed
   --> zopatract_core/src/typed_absy/folder.rs:493:58
    |
493 |             UExpressionInner::IfElse(box cond, box cons, box alt)
    |                                                          ^^^^^^^
    |
help: use `Box::new()` instead
    |
493 |             UExpressionInner::IfElse(box cond, box cons, Box::new(alt))
    |                                                          ~~~~~~~~~~~~~

error: `box_syntax` has been removed
   --> zopatract_core/src/typed_absy/folder.rs:497:38
    |
497 |             UExpressionInner::Member(box s, id)
    |                                      ^^^^^
    |
help: use `Box::new()` instead
    |
497 |             UExpressionInner::Member(Box::new(s), id)
    |                                      ~~~~~~~~~~~

error: `box_syntax` has been removed
  --> zopatract_core/src/typed_absy/uint.rs:11:31
   |
11 |         UExpressionInner::Add(box self, box other).annotate(bitwidth)
   |                               ^^^^^^^^
   |
help: use `Box::new()` instead
   |
11 |         UExpressionInner::Add(Box::new(self), box other).annotate(bitwidth)
   |                               ~~~~~~~~~~~~~~

error: `box_syntax` has been removed
  --> zopatract_core/src/typed_absy/uint.rs:11:41
   |
11 |         UExpressionInner::Add(box self, box other).annotate(bitwidth)
   |                                         ^^^^^^^^^
   |
help: use `Box::new()` instead
   |
11 |         UExpressionInner::Add(box self, Box::new(other)).annotate(bitwidth)
   |                                         ~~~~~~~~~~~~~~~

error: `box_syntax` has been removed
  --> zopatract_core/src/typed_absy/uint.rs:17:31
   |
17 |         UExpressionInner::Sub(box self, box other).annotate(bitwidth)
   |                               ^^^^^^^^
   |
help: use `Box::new()` instead
   |
17 |         UExpressionInner::Sub(Box::new(self), box other).annotate(bitwidth)
   |                               ~~~~~~~~~~~~~~

error: `box_syntax` has been removed
  --> zopatract_core/src/typed_absy/uint.rs:17:41
   |
17 |         UExpressionInner::Sub(box self, box other).annotate(bitwidth)
   |                                         ^^^^^^^^^
   |
help: use `Box::new()` instead
   |
17 |         UExpressionInner::Sub(box self, Box::new(other)).annotate(bitwidth)
   |                                         ~~~~~~~~~~~~~~~

error: `box_syntax` has been removed
  --> zopatract_core/src/typed_absy/uint.rs:23:32
   |
23 |         UExpressionInner::Mult(box self, box other).annotate(bitwidth)
   |                                ^^^^^^^^
   |
help: use `Box::new()` instead
   |
23 |         UExpressionInner::Mult(Box::new(self), box other).annotate(bitwidth)
   |                                ~~~~~~~~~~~~~~

error: `box_syntax` has been removed
  --> zopatract_core/src/typed_absy/uint.rs:23:42
   |
23 |         UExpressionInner::Mult(box self, box other).annotate(bitwidth)
   |                                          ^^^^^^^^^
   |
help: use `Box::new()` instead
   |
23 |         UExpressionInner::Mult(box self, Box::new(other)).annotate(bitwidth)
   |                                          ~~~~~~~~~~~~~~~

error: `box_syntax` has been removed
  --> zopatract_core/src/typed_absy/uint.rs:29:31
   |
29 |         UExpressionInner::Div(box self, box other).annotate(bitwidth)
   |                               ^^^^^^^^
   |
help: use `Box::new()` instead
   |
29 |         UExpressionInner::Div(Box::new(self), box other).annotate(bitwidth)
   |                               ~~~~~~~~~~~~~~

error: `box_syntax` has been removed
  --> zopatract_core/src/typed_absy/uint.rs:29:41
   |
29 |         UExpressionInner::Div(box self, box other).annotate(bitwidth)
   |                                         ^^^^^^^^^
   |
help: use `Box::new()` instead
   |
29 |         UExpressionInner::Div(box self, Box::new(other)).annotate(bitwidth)
   |                                         ~~~~~~~~~~~~~~~

error: `box_syntax` has been removed
  --> zopatract_core/src/typed_absy/uint.rs:35:31
   |
35 |         UExpressionInner::Rem(box self, box other).annotate(bitwidth)
   |                               ^^^^^^^^
   |
help: use `Box::new()` instead
   |
35 |         UExpressionInner::Rem(Box::new(self), box other).annotate(bitwidth)
   |                               ~~~~~~~~~~~~~~

error: `box_syntax` has been removed
  --> zopatract_core/src/typed_absy/uint.rs:35:41
   |
35 |         UExpressionInner::Rem(box self, box other).annotate(bitwidth)
   |                                         ^^^^^^^^^
   |
help: use `Box::new()` instead
   |
35 |         UExpressionInner::Rem(box self, Box::new(other)).annotate(bitwidth)
   |                                         ~~~~~~~~~~~~~~~

error: `box_syntax` has been removed
  --> zopatract_core/src/typed_absy/uint.rs:41:31
   |
41 |         UExpressionInner::Xor(box self, box other).annotate(bitwidth)
   |                               ^^^^^^^^
   |
help: use `Box::new()` instead
   |
41 |         UExpressionInner::Xor(Box::new(self), box other).annotate(bitwidth)
   |                               ~~~~~~~~~~~~~~

error: `box_syntax` has been removed
  --> zopatract_core/src/typed_absy/uint.rs:41:41
   |
41 |         UExpressionInner::Xor(box self, box other).annotate(bitwidth)
   |                                         ^^^^^^^^^
   |
help: use `Box::new()` instead
   |
41 |         UExpressionInner::Xor(box self, Box::new(other)).annotate(bitwidth)
   |                                         ~~~~~~~~~~~~~~~

error: `box_syntax` has been removed
  --> zopatract_core/src/typed_absy/uint.rs:47:30
   |
47 |         UExpressionInner::Or(box self, box other).annotate(bitwidth)
   |                              ^^^^^^^^
   |
help: use `Box::new()` instead
   |
47 |         UExpressionInner::Or(Box::new(self), box other).annotate(bitwidth)
   |                              ~~~~~~~~~~~~~~

error: `box_syntax` has been removed
  --> zopatract_core/src/typed_absy/uint.rs:47:40
   |
47 |         UExpressionInner::Or(box self, box other).annotate(bitwidth)
   |                                        ^^^^^^^^^
   |
help: use `Box::new()` instead
   |
47 |         UExpressionInner::Or(box self, Box::new(other)).annotate(bitwidth)
   |                                        ~~~~~~~~~~~~~~~

error: `box_syntax` has been removed
  --> zopatract_core/src/typed_absy/uint.rs:53:31
   |
53 |         UExpressionInner::And(box self, box other).annotate(bitwidth)
   |                               ^^^^^^^^
   |
help: use `Box::new()` instead
   |
53 |         UExpressionInner::And(Box::new(self), box other).annotate(bitwidth)
   |                               ~~~~~~~~~~~~~~

error: `box_syntax` has been removed
  --> zopatract_core/src/typed_absy/uint.rs:53:41
   |
53 |         UExpressionInner::And(box self, box other).annotate(bitwidth)
   |                                         ^^^^^^^^^
   |
help: use `Box::new()` instead
   |
53 |         UExpressionInner::And(box self, Box::new(other)).annotate(bitwidth)
   |                                         ~~~~~~~~~~~~~~~

error: `box_syntax` has been removed
  --> zopatract_core/src/typed_absy/uint.rs:58:31
   |
58 |         UExpressionInner::Not(box self).annotate(bitwidth)
   |                               ^^^^^^^^
   |
help: use `Box::new()` instead
   |
58 |         UExpressionInner::Not(Box::new(self)).annotate(bitwidth)
   |                               ~~~~~~~~~~~~~~

error: `box_syntax` has been removed
  --> zopatract_core/src/typed_absy/uint.rs:63:37
   |
63 |         UExpressionInner::LeftShift(box self, box by).annotate(bitwidth)
   |                                     ^^^^^^^^
   |
help: use `Box::new()` instead
   |
63 |         UExpressionInner::LeftShift(Box::new(self), box by).annotate(bitwidth)
   |                                     ~~~~~~~~~~~~~~

error: `box_syntax` has been removed
  --> zopatract_core/src/typed_absy/uint.rs:63:47
   |
63 |         UExpressionInner::LeftShift(box self, box by).annotate(bitwidth)
   |                                               ^^^^^^
   |
help: use `Box::new()` instead
   |
63 |         UExpressionInner::LeftShift(box self, Box::new(by)).annotate(bitwidth)
   |                                               ~~~~~~~~~~~~

error: `box_syntax` has been removed
  --> zopatract_core/src/typed_absy/uint.rs:68:38
   |
68 |         UExpressionInner::RightShift(box self, box by).annotate(bitwidth)
   |                                      ^^^^^^^^
   |
help: use `Box::new()` instead
   |
68 |         UExpressionInner::RightShift(Box::new(self), box by).annotate(bitwidth)
   |                                      ~~~~~~~~~~~~~~

error: `box_syntax` has been removed
  --> zopatract_core/src/typed_absy/uint.rs:68:48
   |
68 |         UExpressionInner::RightShift(box self, box by).annotate(bitwidth)
   |                                                ^^^^^^
   |
help: use `Box::new()` instead
   |
68 |         UExpressionInner::RightShift(box self, Box::new(by)).annotate(bitwidth)
   |                                                ~~~~~~~~~~~~

error: `box_syntax` has been removed
   --> zopatract_core/src/flatten/mod.rs:997:33
    |
997 | ...                   box x.clone(),
    |                       ^^^^^^^^^^^^^
    |
help: use `Box::new()` instead
    |
997 |                                 Box::new(x.clone()),
    |                                 ~~~~~~~~~~~~~~~~~~~

error: `box_syntax` has been removed
   --> zopatract_core/src/flatten/mod.rs:998:57
    |
998 | ...   box FlatExpression::Sub(box y.clone(), box name.clone().into()),
    |                               ^^^^^^^^^^^^^
    |
help: use `Box::new()` instead
    |
998 |                                 box FlatExpression::Sub(Box::new(y.clone()), box name.clone().into()),
    |                                                         ~~~~~~~~~~~~~~~~~~~

error: `box_syntax` has been removed
   --> zopatract_core/src/flatten/mod.rs:998:72
    |
998 | ...   box FlatExpression::Sub(box y.clone(), box name.clone().into()),
    |                                              ^^^^^^^^^^^^^^^^^^^^^^^
    |
help: use `Box::new()` instead
    |
998 |                                 box FlatExpression::Sub(box y.clone(), Box::new(name.clone().into())),
    |                                                                        ~~~~~~~~~~~~~~~~~~~~~~~~~~~~~

error: `box_syntax` has been removed
   --> zopatract_core/src/flatten/mod.rs:998:33
    |
998 | ...   box FlatExpression::Sub(box y.clone(), box name.clone().into()),
    |       ^^^^^^^^^^^^^^^^^^^^^^^^^^^^^^^^^^^^^^^^^^^^^^^^^^^^^^^^^^^^^^^
    |
help: use `Box::new()` instead
    |
998 |                                 Box::new(FlatExpression::Sub(box y.clone(), box name.clone().into())),
    |                                 ~~~~~~~~~~~~~~~~~~~~~~~~~~~~~~~~~~~~~~~~~~~~~~~~~~~~~~~~~~~~~~~~~~~~~

error: `box_syntax` has been removed
    --> zopatract_core/src/flatten/mod.rs:1001:57
     |
1001 | ...   box FlatExpression::Add(box x.clone(), box x.clone()),
     |                               ^^^^^^^^^^^^^
     |
help: use `Box::new()` instead
     |
1001 |                                 box FlatExpression::Add(Box::new(x.clone()), box x.clone()),
     |                                                         ~~~~~~~~~~~~~~~~~~~

error: `box_syntax` has been removed
    --> zopatract_core/src/flatten/mod.rs:1001:72
     |
1001 | ...   box FlatExpression::Add(box x.clone(), box x.clone()),
     |                                              ^^^^^^^^^^^^^
     |
help: use `Box::new()` instead
     |
1001 |                                 box FlatExpression::Add(box x.clone(), Box::new(x.clone())),
     |                                                                        ~~~~~~~~~~~~~~~~~~~

error: `box_syntax` has been removed
    --> zopatract_core/src/flatten/mod.rs:1001:33
     |
1001 | ...   box FlatExpression::Add(box x.clone(), box x.clone()),
     |       ^^^^^^^^^^^^^^^^^^^^^^^^^^^^^^^^^^^^^^^^^^^^^^^^^^^^^
     |
help: use `Box::new()` instead
     |
1001 |                                 Box::new(FlatExpression::Add(box x.clone(), box x.clone())),
     |                                 ~~~~~~~~~~~~~~~~~~~~~~~~~~~~~~~~~~~~~~~~~~~~~~~~~~~~~~~~~~~

error: `box_syntax` has been removed
    --> zopatract_core/src/flatten/mod.rs:1002:33
     |
1002 | ...                   box y.clone(),
     |                       ^^^^^^^^^^^^^
     |
help: use `Box::new()` instead
     |
1002 |                                 Box::new(y.clone()),
     |                                 ~~~~~~~~~~~~~~~~~~~

error: `box_syntax` has been removed
    --> zopatract_core/src/flatten/mod.rs:1367:65
     |
1367 | ...                   FlatExpression::Sub(box ch.into(), box c.clone()),
     |                                           ^^^^^^^^^^^^^
     |
help: use `Box::new()` instead
     |
1367 |                                             FlatExpression::Sub(Box::new(ch.into()), box c.clone()),
     |                                                                 ~~~~~~~~~~~~~~~~~~~

error: `box_syntax` has been removed
    --> zopatract_core/src/flatten/mod.rs:1367:80
     |
1367 | ...                   FlatExpression::Sub(box ch.into(), box c.clone()),
     |                                                          ^^^^^^^^^^^^^
     |
help: use `Box::new()` instead
     |
1367 |                                             FlatExpression::Sub(box ch.into(), Box::new(c.clone())),
     |                                                                                ~~~~~~~~~~~~~~~~~~~

error: `box_syntax` has been removed
    --> zopatract_core/src/flatten/mod.rs:1369:49
     |
1369 | ...                   box a,
     |                       ^^^^^
     |
help: use `Box::new()` instead
     |
1369 |                                                 Box::new(a),
     |                                                 ~~~~~~~~~~~

error: `box_syntax` has been removed
    --> zopatract_core/src/flatten/mod.rs:1370:73
     |
1370 | ...                   box FlatExpression::Sub(box b, box c),
     |                                               ^^^^^
     |
help: use `Box::new()` instead
     |
1370 |                                                 box FlatExpression::Sub(Box::new(b), box c),
     |                                                                         ~~~~~~~~~~~

error: `box_syntax` has been removed
    --> zopatract_core/src/flatten/mod.rs:1370:80
     |
1370 | ...                   box FlatExpression::Sub(box b, box c),
     |                                                      ^^^^^
     |
help: use `Box::new()` instead
     |
1370 |                                                 box FlatExpression::Sub(box b, Box::new(c)),
     |                                                                                ~~~~~~~~~~~

error: `box_syntax` has been removed
    --> zopatract_core/src/flatten/mod.rs:1370:49
     |
1370 | ...                   box FlatExpression::Sub(box b, box c),
     |                       ^^^^^^^^^^^^^^^^^^^^^^^^^^^^^^^^^^^^^
     |
help: use `Box::new()` instead
     |
1370 |                                                 Box::new(FlatExpression::Sub(box b, box c)),
     |                                                 ~~~~~~~~~~~~~~~~~~~~~~~~~~~~~~~~~~~~~~~~~~~

error: `box_syntax` has been removed
    --> zopatract_core/src/flatten/mod.rs:1443:57
     |
1443 | ...                   box b.clone(),
     |                       ^^^^^^^^^^^^^
     |
help: use `Box::new()` instead
     |
1443 |                                                         Box::new(b.clone()),
     |                                                         ~~~~~~~~~~~~~~~~~~~

error: `box_syntax` has been removed
    --> zopatract_core/src/flatten/mod.rs:1444:57
     |
1444 | ...                   box c.clone(),
     |                       ^^^^^^^^^^^^^
     |
help: use `Box::new()` instead
     |
1444 |                                                         Box::new(c.clone()),
     |                                                         ~~~~~~~~~~~~~~~~~~~

error: `box_syntax` has been removed
    --> zopatract_core/src/flatten/mod.rs:1449:57
     |
1449 | ...                   box bc.clone().into(),
     |                       ^^^^^^^^^^^^^^^^^^^^^
     |
help: use `Box::new()` instead
     |
1449 |                                                         Box::new(bc.clone().into()),
     |                                                         ~~~~~~~~~~~~~~~~~~~~~~~~~~~

error: `box_syntax` has been removed
    --> zopatract_core/src/flatten/mod.rs:1450:57
     |
1450 | ...                   box maj.into(),
     |                       ^^^^^^^^^^^^^^
     |
help: use `Box::new()` instead
     |
1450 |                                                         Box::new(maj.into()),
     |                                                         ~~~~~~~~~~~~~~~~~~~~

error: `box_syntax` has been removed
    --> zopatract_core/src/flatten/mod.rs:1455:65
     |
1455 | ...                   box bc.clone().into(),
     |                       ^^^^^^^^^^^^^^^^^^^^^
     |
help: use `Box::new()` instead
     |
1455 |                                                                 Box::new(bc.clone().into()),
     |                                                                 ~~~~~~~~~~~~~~~~~~~~~~~~~~~

error: `box_syntax` has been removed
    --> zopatract_core/src/flatten/mod.rs:1456:65
     |
1456 | ...                   box bc.clone().into(),
     |                       ^^^^^^^^^^^^^^^^^^^^^
     |
help: use `Box::new()` instead
     |
1456 |                                                                 Box::new(bc.clone().into()),
     |                                                                 ~~~~~~~~~~~~~~~~~~~~~~~~~~~

error: `box_syntax` has been removed
    --> zopatract_core/src/flatten/mod.rs:1454:61
     |
1454 | / ...                   box FlatExpression::Add(
1455 | | ...                       box bc.clone().into(),
1456 | | ...                       box bc.clone().into(),
1457 | | ...                   ),
     | |_______________________^
     |
help: use `Box::new()` instead
     |
1454 ~                                                             Box::new(FlatExpression::Add(
1455 +                                                                 box bc.clone().into(),
1456 +                                                                 box bc.clone().into(),
1457 ~                                                             )),
     |

error: `box_syntax` has been removed
    --> zopatract_core/src/flatten/mod.rs:1458:85
     |
1458 | ...                   box FlatExpression::Add(box b, box c),
     |                                               ^^^^^
     |
help: use `Box::new()` instead
     |
1458 |                                                             box FlatExpression::Add(Box::new(b), box c),
     |                                                                                     ~~~~~~~~~~~

error: `box_syntax` has been removed
    --> zopatract_core/src/flatten/mod.rs:1458:92
     |
1458 | ...                   box FlatExpression::Add(box b, box c),
     |                                                      ^^^^^
     |
help: use `Box::new()` instead
     |
1458 |                                                             box FlatExpression::Add(box b, Box::new(c)),
     |                                                                                            ~~~~~~~~~~~

error: `box_syntax` has been removed
    --> zopatract_core/src/flatten/mod.rs:1458:61
     |
1458 | ...                   box FlatExpression::Add(box b, box c),
     |                       ^^^^^^^^^^^^^^^^^^^^^^^^^^^^^^^^^^^^^
     |
help: use `Box::new()` instead
     |
1458 |                                                             Box::new(FlatExpression::Add(box b, box c)),
     |                                                             ~~~~~~~~~~~~~~~~~~~~~~~~~~~~~~~~~~~~~~~~~~~

error: `box_syntax` has been removed
    --> zopatract_core/src/flatten/mod.rs:1453:57
     |
1453 | / ...                   box FlatExpression::Sub(
1454 | | ...                       box FlatExpression::Add(
1455 | | ...                           box bc.clone().into(),
1456 | | ...                           box bc.clone().into(),
1457 | | ...                       ),
1458 | | ...                       box FlatExpression::Add(box b, box c),
1459 | | ...                   ),
     | |_______________________^
     |
help: use `Box::new()` instead
     |
1453 ~                                                         Box::new(FlatExpression::Sub(
1454 +                                                             box FlatExpression::Add(
1455 +                                                                 box bc.clone().into(),
1456 +                                                                 box bc.clone().into(),
1457 +                                                             ),
1458 +                                                             box FlatExpression::Add(box b, box c),
1459 ~                                                         )),
     |

error: `box_syntax` has been removed
    --> zopatract_core/src/flatten/mod.rs:1460:57
     |
1460 | ...                   box a,
     |                       ^^^^^
     |
help: use `Box::new()` instead
     |
1460 |                                                         Box::new(a),
     |                                                         ~~~~~~~~~~~

error: `box_syntax` has been removed
    --> zopatract_core/src/flatten/mod.rs:1586:41
     |
1586 | ...                   box x.clone(),
     |                       ^^^^^^^^^^^^^
     |
help: use `Box::new()` instead
     |
1586 |                                         Box::new(x.clone()),
     |                                         ~~~~~~~~~~~~~~~~~~~

error: `box_syntax` has been removed
    --> zopatract_core/src/flatten/mod.rs:1588:45
     |
1588 | ...                   box y.clone(),
     |                       ^^^^^^^^^^^^^
     |
help: use `Box::new()` instead
     |
1588 |                                             Box::new(y.clone()),
     |                                             ~~~~~~~~~~~~~~~~~~~

error: `box_syntax` has been removed
    --> zopatract_core/src/flatten/mod.rs:1589:45
     |
1589 | ...                   box name.clone().into(),
     |                       ^^^^^^^^^^^^^^^^^^^^^^^
     |
help: use `Box::new()` instead
     |
1589 |                                             Box::new(name.clone().into()),
     |                                             ~~~~~~~~~~~~~~~~~~~~~~~~~~~~~

error: `box_syntax` has been removed
    --> zopatract_core/src/flatten/mod.rs:1587:41
     |
1587 | / ...                   box FlatExpression::Sub(
1588 | | ...                       box y.clone(),
1589 | | ...                       box name.clone().into(),
1590 | | ...                   ),
     | |_______________________^
     |
help: use `Box::new()` instead
     |
1587 ~                                         Box::new(FlatExpression::Sub(
1588 +                                             box y.clone(),
1589 +                                             box name.clone().into(),
1590 ~                                         )),
     |

error: `box_syntax` has been removed
    --> zopatract_core/src/flatten/mod.rs:1592:58
     |
1592 | ...                   FlatExpression::Mult(box x, box y),
     |                                            ^^^^^
     |
help: use `Box::new()` instead
     |
1592 |                                     FlatExpression::Mult(Box::new(x), box y),
     |                                                          ~~~~~~~~~~~

error: `box_syntax` has been removed
    --> zopatract_core/src/flatten/mod.rs:1592:65
     |
1592 | ...                   FlatExpression::Mult(box x, box y),
     |                                                   ^^^^^
     |
help: use `Box::new()` instead
     |
1592 |                                     FlatExpression::Mult(box x, Box::new(y)),
     |                                                                 ~~~~~~~~~~~

error: `box_syntax` has been removed
   --> zopatract_core/src/static_analysis/uint_optimizer.rs:442:21
    |
442 |                     box left, box right,
    |                     ^^^^^^^^
    |
help: use `Box::new()` instead
    |
442 |                     Box::new(left), box right,
    |                     ~~~~~~~~~~~~~~

error: `box_syntax` has been removed
   --> zopatract_core/src/static_analysis/uint_optimizer.rs:442:31
    |
442 |                     box left, box right,
    |                               ^^^^^^^^^
    |
help: use `Box::new()` instead
    |
442 |                     box left, Box::new(right),
    |                               ~~~~~~~~~~~~~~~

warning: the item `Type` is imported redundantly
  --> zopatract_core/src/flatten/mod.rs:15:69
   |
15 | use crate::zir::types::{FunctionIdentifier, FunctionKey, Signature, Type, U...
   |                                                                     ^^^^
16 | use crate::zir::*;
   |     ------------- the item `Type` is already imported here
   |
   = note: `#[warn(unused_imports)]` on by default

warning: the item `LinComb` is imported redundantly
  --> zopatract_core/src/optimizer/redefinition.rs:41:5
   |
41 | use crate::ir::LinComb;
   |     ^^^^^^^^^^^^^^^^^^
42 | use crate::ir::*;
   |     ------------ the item `LinComb` is already imported here

warning: the item `Signature` is imported redundantly
  --> zopatract_core/src/semantics.rs:19:45
   |
9  | use crate::typed_absy::*;
   |     -------------------- the item `Signature` is already imported here
...
19 | use crate::typed_absy::types::{FunctionKey, Signature, StructLocation, T...
   |                                             ^^^^^^^^^

warning: the item `Type` is imported redundantly
  --> zopatract_core/src/semantics.rs:19:72
   |
9  | use crate::typed_absy::*;
   |     -------------------- the item `Type` is already imported here
...
19 | use crate::typed_absy::types::{FunctionKey, Signature, StructLocation, Typ...
   |                                                                        ^^^^

warning: the item `Type` is imported redundantly
  --> zopatract_core/src/static_analysis/inline.rs:20:55
   |
20 | use typed_absy::types::{FunctionKey, FunctionKeyHash, Type, UBitwidth};
   |                                                       ^^^^
21 | use typed_absy::{folder::*, *};
   |                             - the item `Type` is already imported here

warning: the item `UBitwidth` is imported redundantly
  --> zopatract_core/src/static_analysis/inline.rs:20:61
   |
20 | use typed_absy::types::{FunctionKey, FunctionKeyHash, Type, UBitwidth};
   |                                                             ^^^^^^^^^
21 | use typed_absy::{folder::*, *};
   |                             - the item `UBitwidth` is already imported here

warning: the item `Type` is imported redundantly
  --> zopatract_core/src/static_analysis/propagation.rs:17:5
   |
14 | use crate::typed_absy::*;
   |     -------------------- the item `Type` is already imported here
...
17 | use typed_absy::types::Type;
   |     ^^^^^^^^^^^^^^^^^^^^^^^

warning: the item `CoreIdentifier` is imported redundantly
 --> zopatract_core/src/static_analysis/return_binder.rs:2:5
  |
2 | use typed_absy::identifier::CoreIdentifier;
  |     ^^^^^^^^^^^^^^^^^^^^^^^^^^^^^^^^^^^^^^
3 | use typed_absy::*;
  |     ------------- the item `CoreIdentifier` is already imported here

warning: the item `Type` is imported redundantly
 --> zopatract_core/src/static_analysis/unroll.rs:8:42
  |
8 | use crate::typed_absy::types::{MemberId, Type};
  |                                          ^^^^
9 | use crate::typed_absy::*;
  |     -------------------- the item `Type` is already imported here

warning: the item `CoreIdentifier` is imported redundantly
  --> zopatract_core/src/static_analysis/unroll.rs:12:5
   |
9  | use crate::typed_absy::*;
   |     -------------------- the item `CoreIdentifier` is already imported here
...
12 | use typed_absy::identifier::CoreIdentifier;
   |     ^^^^^^^^^^^^^^^^^^^^^^^^^^^^^^^^^^^^^^

warning: the item `Field` is imported redundantly
 --> zopatract_core/src/zir/folder.rs:5:5
  |
4 | use crate::zir::*;
  |     ------------- the item `Field` is already imported here
5 | use zopatract_field::Field;
  |     ^^^^^^^^^^^^^^^^^^^^^^

warning: the item `fmt` is imported redundantly
   --> zopatract_core/src/zir/types.rs:129:9
    |
128 |     use super::*;
    |         -------- the item `fmt` is already imported here
129 |     use std::fmt;
    |         ^^^^^^^^

warning: unused import: `self::folder::Folder`
  --> zopatract_core/src/zir/mod.rs:22:9
   |
22 | pub use self::folder::Folder;
   |         ^^^^^^^^^^^^^^^^^^^^

warning: the item `fmt` is imported redundantly
  --> zopatract_core/src/absy/node.rs:2:5
   |
2  | use std::fmt;
   |     ^^^^^^^^
...
75 | use crate::absy::*;
   |     -------------- the item `fmt` is already imported here

warning: the item `UnresolvedType` is imported redundantly
  --> zopatract_core/src/absy/node.rs:77:5
   |
75 | use crate::absy::*;
   |     -------------- the item `UnresolvedType` is already imported here
76 | use crate::imports::*;
77 | use absy::types::UnresolvedType;
   |     ^^^^^^^^^^^^^^^^^^^^^^^^^^^

warning: the item `FlatVariable` is imported redundantly
 --> zopatract_core/src/ir/folder.rs:3:5
  |
3 | use crate::flat_absy::flat_variable::FlatVariable;
  |     ^^^^^^^^^^^^^^^^^^^^^^^^^^^^^^^^^^^^^^^^^^^^^
4 | use crate::ir::*;
  |     ------------ the item `FlatVariable` is already imported here

warning: the item `Field` is imported redundantly
 --> zopatract_core/src/ir/folder.rs:5:5
  |
4 | use crate::ir::*;
  |     ------------ the item `Field` is already imported here
5 | use zopatract_field::Field;
  |     ^^^^^^^^^^^^^^^^^^^^^^

warning: the item `ark_gm17` is imported redundantly
  --> zopatract_core/src/proof_system/ark/mod.rs:5:5
   |
5  | use ark_gm17;
   |     ^^^^^^^^
   |
  ::: zopatract_core/src/lib.rs:33:9
   |
33 |         extern crate ark_gm17;
   |         ---------------------- the item `ark_gm17` is already imported here

warning: the item `ark_groth16` is imported redundantly
  --> zopatract_core/src/proof_system/ark/mod.rs:6:5
   |
6  | use ark_groth16;
   |     ^^^^^^^^^^^
   |
  ::: zopatract_core/src/lib.rs:32:9
   |
32 |         extern crate ark_groth16;
   |         ------------------------- the item `ark_groth16` is already imported here

warning: the item `Field` is imported redundantly
 --> zopatract_core/src/typed_absy/folder.rs:4:5
  |
3 | use crate::typed_absy::*;
  |     -------------------- the item `Field` is already imported here
4 | use zopatract_field::Field;
  |     ^^^^^^^^^^^^^^^^^^^^^^

warning: the item `fmt` is imported redundantly
   --> zopatract_core/src/typed_absy/types.rs:370:9
    |
369 |     use super::*;
    |         -------- the item `fmt` is already imported here
370 |     use std::fmt;
    |         ^^^^^^^^

warning: the item `FunctionKey` is imported redundantly
 --> zopatract_core/src/typed_absy/uint.rs:1:25
  |
1 | use typed_absy::types::{FunctionKey, UBitwidth};
  |                         ^^^^^^^^^^^
2 | use typed_absy::*;
  |     ------------- the item `FunctionKey` is already imported here

warning: the item `UBitwidth` is imported redundantly
 --> zopatract_core/src/typed_absy/uint.rs:1:38
  |
1 | use typed_absy::types::{FunctionKey, UBitwidth};
  |                                      ^^^^^^^^^
2 | use typed_absy::*;
  |     ------------- the item `UBitwidth` is already imported here

warning: the item `Field` is imported redundantly
 --> zopatract_core/src/typed_absy/uint.rs:3:5
  |
2 | use typed_absy::*;
  |     ------------- the item `Field` is already imported here
3 | use zopatract_field::Field;
  |     ^^^^^^^^^^^^^^^^^^^^^^

error[E0433]: failed to resolve: use of undeclared crate or module `bBox`
   --> zopatract_core/src/flatten/mod.rs:611:65
    |
611 | ...ne()), bBox::new(x)),
    |           ^^^^
    |           |
    |           use of undeclared crate or module `bBox`
    |           help: a struct with a similar name exists: `Box`

Some errors have detailed explanations: E0433, E0557.
For more information about an error, try `rustc --explain E0433`.
warning: `zopatract_core` (lib) generated 24 warnings
error: could not compile `zopatract_core` (lib) due to 779 previous errors; 24 warnings emitted
kanoopz@MacBook-Air-de-kanoopz ZoPatract % 
